Archive member included to satisfy reference by file (symbol)

c:/st/stm32cubeide_1.6.1/stm32cubeide/plugins/com.st.stm32cube.ide.mcu.externaltools.gnu-tools-for-stm32.9-2020-q2-update.win32_2.0.0.202105311346/tools/bin/../lib/gcc/arm-none-eabi/9.3.1/../../../../arm-none-eabi/lib/thumb/v6-m/nofp\libc_nano.a(lib_a-errno.o)
                              ./Core/Src/syscalls.o (__errno)
c:/st/stm32cubeide_1.6.1/stm32cubeide/plugins/com.st.stm32cube.ide.mcu.externaltools.gnu-tools-for-stm32.9-2020-q2-update.win32_2.0.0.202105311346/tools/bin/../lib/gcc/arm-none-eabi/9.3.1/../../../../arm-none-eabi/lib/thumb/v6-m/nofp\libc_nano.a(lib_a-exit.o)
                              c:/st/stm32cubeide_1.6.1/stm32cubeide/plugins/com.st.stm32cube.ide.mcu.externaltools.gnu-tools-for-stm32.9-2020-q2-update.win32_2.0.0.202105311346/tools/bin/../lib/gcc/arm-none-eabi/9.3.1/../../../../arm-none-eabi/lib/thumb/v6-m/nofp/crt0.o (exit)
c:/st/stm32cubeide_1.6.1/stm32cubeide/plugins/com.st.stm32cube.ide.mcu.externaltools.gnu-tools-for-stm32.9-2020-q2-update.win32_2.0.0.202105311346/tools/bin/../lib/gcc/arm-none-eabi/9.3.1/../../../../arm-none-eabi/lib/thumb/v6-m/nofp\libc_nano.a(lib_a-impure.o)
                              c:/st/stm32cubeide_1.6.1/stm32cubeide/plugins/com.st.stm32cube.ide.mcu.externaltools.gnu-tools-for-stm32.9-2020-q2-update.win32_2.0.0.202105311346/tools/bin/../lib/gcc/arm-none-eabi/9.3.1/../../../../arm-none-eabi/lib/thumb/v6-m/nofp\libc_nano.a(lib_a-exit.o) (_global_impure_ptr)
c:/st/stm32cubeide_1.6.1/stm32cubeide/plugins/com.st.stm32cube.ide.mcu.externaltools.gnu-tools-for-stm32.9-2020-q2-update.win32_2.0.0.202105311346/tools/bin/../lib/gcc/arm-none-eabi/9.3.1/../../../../arm-none-eabi/lib/thumb/v6-m/nofp\libc_nano.a(lib_a-init.o)
                              c:/st/stm32cubeide_1.6.1/stm32cubeide/plugins/com.st.stm32cube.ide.mcu.externaltools.gnu-tools-for-stm32.9-2020-q2-update.win32_2.0.0.202105311346/tools/bin/../lib/gcc/arm-none-eabi/9.3.1/../../../../arm-none-eabi/lib/thumb/v6-m/nofp/crt0.o (__libc_init_array)
c:/st/stm32cubeide_1.6.1/stm32cubeide/plugins/com.st.stm32cube.ide.mcu.externaltools.gnu-tools-for-stm32.9-2020-q2-update.win32_2.0.0.202105311346/tools/bin/../lib/gcc/arm-none-eabi/9.3.1/../../../../arm-none-eabi/lib/thumb/v6-m/nofp\libc_nano.a(lib_a-memset.o)
                              c:/st/stm32cubeide_1.6.1/stm32cubeide/plugins/com.st.stm32cube.ide.mcu.externaltools.gnu-tools-for-stm32.9-2020-q2-update.win32_2.0.0.202105311346/tools/bin/../lib/gcc/arm-none-eabi/9.3.1/../../../../arm-none-eabi/lib/thumb/v6-m/nofp/crt0.o (memset)
c:/st/stm32cubeide_1.6.1/stm32cubeide/plugins/com.st.stm32cube.ide.mcu.externaltools.gnu-tools-for-stm32.9-2020-q2-update.win32_2.0.0.202105311346/tools/bin/../lib/gcc/arm-none-eabi/9.3.1/thumb/v6-m/nofp\libgcc.a(_udivsi3.o)
                              ./Core/Src/main.o (__aeabi_uidiv)
c:/st/stm32cubeide_1.6.1/stm32cubeide/plugins/com.st.stm32cube.ide.mcu.externaltools.gnu-tools-for-stm32.9-2020-q2-update.win32_2.0.0.202105311346/tools/bin/../lib/gcc/arm-none-eabi/9.3.1/thumb/v6-m/nofp\libgcc.a(_dvmd_tls.o)
                              c:/st/stm32cubeide_1.6.1/stm32cubeide/plugins/com.st.stm32cube.ide.mcu.externaltools.gnu-tools-for-stm32.9-2020-q2-update.win32_2.0.0.202105311346/tools/bin/../lib/gcc/arm-none-eabi/9.3.1/thumb/v6-m/nofp\libgcc.a(_udivsi3.o) (__aeabi_idiv0)

Allocating common symbols
Common symbol       size              file

aADCxConvertedData_Voltage_mVolt
                    0x80              ./Core/Src/main.o
aADCxConvertedData  0x80              ./Core/Src/main.o
adc_buf             0xc8              ./Core/Src/backup.o

Discarded input sections

 .text          0x0000000000000000        0x0 c:/st/stm32cubeide_1.6.1/stm32cubeide/plugins/com.st.stm32cube.ide.mcu.externaltools.gnu-tools-for-stm32.9-2020-q2-update.win32_2.0.0.202105311346/tools/bin/../lib/gcc/arm-none-eabi/9.3.1/thumb/v6-m/nofp/crti.o
 .data          0x0000000000000000        0x0 c:/st/stm32cubeide_1.6.1/stm32cubeide/plugins/com.st.stm32cube.ide.mcu.externaltools.gnu-tools-for-stm32.9-2020-q2-update.win32_2.0.0.202105311346/tools/bin/../lib/gcc/arm-none-eabi/9.3.1/thumb/v6-m/nofp/crti.o
 .bss           0x0000000000000000        0x0 c:/st/stm32cubeide_1.6.1/stm32cubeide/plugins/com.st.stm32cube.ide.mcu.externaltools.gnu-tools-for-stm32.9-2020-q2-update.win32_2.0.0.202105311346/tools/bin/../lib/gcc/arm-none-eabi/9.3.1/thumb/v6-m/nofp/crti.o
 .data          0x0000000000000000        0x4 c:/st/stm32cubeide_1.6.1/stm32cubeide/plugins/com.st.stm32cube.ide.mcu.externaltools.gnu-tools-for-stm32.9-2020-q2-update.win32_2.0.0.202105311346/tools/bin/../lib/gcc/arm-none-eabi/9.3.1/thumb/v6-m/nofp/crtbegin.o
 .text          0x0000000000000000       0x80 c:/st/stm32cubeide_1.6.1/stm32cubeide/plugins/com.st.stm32cube.ide.mcu.externaltools.gnu-tools-for-stm32.9-2020-q2-update.win32_2.0.0.202105311346/tools/bin/../lib/gcc/arm-none-eabi/9.3.1/../../../../arm-none-eabi/lib/thumb/v6-m/nofp/crt0.o
[...]
Memory Configuration

Name             Origin             Length             Attributes
RAM              0x0000000020000000 0x0000000000004000 xrw
FLASH            0x0000000008000000 0x0000000000020000 xr
*default*        0x0000000000000000 0xffffffffffffffff

Linker script and memory map

LOAD c:/st/stm32cubeide_1.6.1/stm32cubeide/plugins/com.st.stm32cube.ide.mcu.externaltools.gnu-tools-for-stm32.9-2020-q2-update.win32_2.0.0.202105311346/tools/bin/../lib/gcc/arm-none-eabi/9.3.1/thumb/v6-m/nofp/crti.o
LOAD c:/st/stm32cubeide_1.6.1/stm32cubeide/plugins/com.st.stm32cube.ide.mcu.externaltools.gnu-tools-for-stm32.9-2020-q2-update.win32_2.0.0.202105311346/tools/bin/../lib/gcc/arm-none-eabi/9.3.1/thumb/v6-m/nofp/crtbegin.o
LOAD c:/st/stm32cubeide_1.6.1/stm32cubeide/plugins/com.st.stm32cube.ide.mcu.externaltools.gnu-tools-for-stm32.9-2020-q2-update.win32_2.0.0.202105311346/tools/bin/../lib/gcc/arm-none-eabi/9.3.1/../../../../arm-none-eabi/lib/thumb/v6-m/nofp/crt0.o
LOAD ./Core/Src/backup.o
LOAD ./Core/Src/main.o
LOAD ./Core/Src/stm32f0xx_it.o
LOAD ./Core/Src/syscalls.o
LOAD ./Core/Src/sysmem.o
LOAD ./Core/Src/system_stm32f0xx.o
LOAD ./Core/Startup/startup_stm32f072rbtx.o
LOAD ./Drivers/STM32F0xx_HAL_Driver/Src/stm32f0xx_ll_adc.o
LOAD ./Drivers/STM32F0xx_HAL_Driver/Src/stm32f0xx_ll_dma.o
LOAD ./Drivers/STM32F0xx_HAL_Driver/Src/stm32f0xx_ll_exti.o
LOAD ./Drivers/STM32F0xx_HAL_Driver/Src/stm32f0xx_ll_gpio.o
LOAD ./Drivers/STM32F0xx_HAL_Driver/Src/stm32f0xx_ll_pwr.o
LOAD ./Drivers/STM32F0xx_HAL_Driver/Src/stm32f0xx_ll_rcc.o
LOAD ./Drivers/STM32F0xx_HAL_Driver/Src/stm32f0xx_ll_tim.o
LOAD ./Drivers/STM32F0xx_HAL_Driver/Src/stm32f0xx_ll_utils.o
START GROUP
LOAD c:/st/stm32cubeide_1.6.1/stm32cubeide/plugins/com.st.stm32cube.ide.mcu.externaltools.gnu-tools-for-stm32.9-2020-q2-update.win32_2.0.0.202105311346/tools/bin/../lib/gcc/arm-none-eabi/9.3.1/../../../../arm-none-eabi/lib/thumb/v6-m/nofp\libc_nano.a
LOAD c:/st/stm32cubeide_1.6.1/stm32cubeide/plugins/com.st.stm32cube.ide.mcu.externaltools.gnu-tools-for-stm32.9-2020-q2-update.win32_2.0.0.202105311346/tools/bin/../lib/gcc/arm-none-eabi/9.3.1/../../../../arm-none-eabi/lib/thumb/v6-m/nofp\libm.a
END GROUP
START GROUP
LOAD c:/st/stm32cubeide_1.6.1/stm32cubeide/plugins/com.st.stm32cube.ide.mcu.externaltools.gnu-tools-for-stm32.9-2020-q2-update.win32_2.0.0.202105311346/tools/bin/../lib/gcc/arm-none-eabi/9.3.1/thumb/v6-m/nofp\libgcc.a
LOAD c:/st/stm32cubeide_1.6.1/stm32cubeide/plugins/com.st.stm32cube.ide.mcu.externaltools.gnu-tools-for-stm32.9-2020-q2-update.win32_2.0.0.202105311346/tools/bin/../lib/gcc/arm-none-eabi/9.3.1/../../../../arm-none-eabi/lib/thumb/v6-m/nofp\libc_nano.a
END GROUP
START GROUP
LOAD c:/st/stm32cubeide_1.6.1/stm32cubeide/plugins/com.st.stm32cube.ide.mcu.externaltools.gnu-tools-for-stm32.9-2020-q2-update.win32_2.0.0.202105311346/tools/bin/../lib/gcc/arm-none-eabi/9.3.1/thumb/v6-m/nofp\libgcc.a
LOAD c:/st/stm32cubeide_1.6.1/stm32cubeide/plugins/com.st.stm32cube.ide.mcu.externaltools.gnu-tools-for-stm32.9-2020-q2-update.win32_2.0.0.202105311346/tools/bin/../lib/gcc/arm-none-eabi/9.3.1/../../../../arm-none-eabi/lib/thumb/v6-m/nofp\libc_nano.a
LOAD c:/st/stm32cubeide_1.6.1/stm32cubeide/plugins/com.st.stm32cube.ide.mcu.externaltools.gnu-tools-for-stm32.9-2020-q2-update.win32_2.0.0.202105311346/tools/bin/../lib/gcc/arm-none-eabi/9.3.1/../../../../arm-none-eabi/lib/thumb/v6-m/nofp\libnosys.a
END GROUP
START GROUP
LOAD c:/st/stm32cubeide_1.6.1/stm32cubeide/plugins/com.st.stm32cube.ide.mcu.externaltools.gnu-tools-for-stm32.9-2020-q2-update.win32_2.0.0.202105311346/tools/bin/../lib/gcc/arm-none-eabi/9.3.1/thumb/v6-m/nofp\libgcc.a
LOAD c:/st/stm32cubeide_1.6.1/stm32cubeide/plugins/com.st.stm32cube.ide.mcu.externaltools.gnu-tools-for-stm32.9-2020-q2-update.win32_2.0.0.202105311346/tools/bin/../lib/gcc/arm-none-eabi/9.3.1/../../../../arm-none-eabi/lib/thumb/v6-m/nofp\libc_nano.a
LOAD c:/st/stm32cubeide_1.6.1/stm32cubeide/plugins/com.st.stm32cube.ide.mcu.externaltools.gnu-tools-for-stm32.9-2020-q2-update.win32_2.0.0.202105311346/tools/bin/../lib/gcc/arm-none-eabi/9.3.1/../../../../arm-none-eabi/lib/thumb/v6-m/nofp\libnosys.a
END GROUP
LOAD c:/st/stm32cubeide_1.6.1/stm32cubeide/plugins/com.st.stm32cube.ide.mcu.externaltools.gnu-tools-for-stm32.9-2020-q2-update.win32_2.0.0.202105311346/tools/bin/../lib/gcc/arm-none-eabi/9.3.1/thumb/v6-m/nofp/crtend.o
LOAD c:/st/stm32cubeide_1.6.1/stm32cubeide/plugins/com.st.stm32cube.ide.mcu.externaltools.gnu-tools-for-stm32.9-2020-q2-update.win32_2.0.0.202105311346/tools/bin/../lib/gcc/arm-none-eabi/9.3.1/thumb/v6-m/nofp/crtn.o
                0x0000000020004000                _estack = (ORIGIN (RAM) + LENGTH (RAM))
                0x0000000000000200                _Min_Heap_Size = 0x200
                0x0000000000000400                _Min_Stack_Size = 0x400

.isr_vector     0x0000000008000000       0xc0
                0x0000000008000000                . = ALIGN (0x4)
 *(.isr_vector)
 .isr_vector    0x0000000008000000       0xc0 ./Core/Startup/startup_stm32f072rbtx.o
                0x0000000008000000                g_pfnVectors
                0x00000000080000c0                . = ALIGN (0x4)

.text           0x00000000080000c0     0x1884
                0x00000000080000c0                . = ALIGN (0x4)
 *(.text)
 .text          0x00000000080000c0       0x48 c:/st/stm32cubeide_1.6.1/stm32cubeide/plugins/com.st.stm32cube.ide.mcu.externaltools.gnu-tools-for-stm32.9-2020-q2-update.win32_2.0.0.202105311346/tools/bin/../lib/gcc/arm-none-eabi/9.3.1/thumb/v6-m/nofp/crtbegin.o
 .text          0x0000000008000108      0x114 c:/st/stm32cubeide_1.6.1/stm32cubeide/plugins/com.st.stm32cube.ide.mcu.externaltools.gnu-tools-for-stm32.9-2020-q2-update.win32_2.0.0.202105311346/tools/bin/../lib/gcc/arm-none-eabi/9.3.1/thumb/v6-m/nofp\libgcc.a(_udivsi3.o)
                0x0000000008000108                __aeabi_uidiv
                0x0000000008000108                __udivsi3
                0x0000000008000214                __aeabi_uidivmod
 .text          0x000000000800021c        0x4 c:/st/stm32cubeide_1.6.1/stm32cubeide/plugins/com.st.stm32cube.ide.mcu.externaltools.gnu-tools-for-stm32.9-2020-q2-update.win32_2.0.0.202105311346/tools/bin/../lib/gcc/arm-none-eabi/9.3.1/thumb/v6-m/nofp\libgcc.a(_dvmd_tls.o)
                0x000000000800021c                __aeabi_idiv0
                0x000000000800021c                __aeabi_ldiv0
 *(.text*)
 .text.__NVIC_EnableIRQ
                0x0000000008000220       0x34 ./Core/Src/main.o
 .text.__NVIC_SetPriority
                0x0000000008000254       0xdc ./Core/Src/main.o
 .text.LL_ADC_DMA_GetRegAddr
                0x0000000008000330       0x16 ./Core/Src/main.o
 .text.LL_ADC_SetSamplingTimeCommonChannels
                0x0000000008000346       0x24 ./Core/Src/main.o
 *fill*         0x000000000800036a        0x2 
 .text.LL_ADC_REG_SetTriggerEdge
                0x000000000800036c       0x28 ./Core/Src/main.o
 .text.LL_ADC_REG_SetSequencerScanDirection
                0x0000000008000394       0x24 ./Core/Src/main.o
 .text.LL_ADC_REG_SetSequencerChAdd
                0x00000000080003b8       0x22 ./Core/Src/main.o
 .text.LL_ADC_REG_SetDMATransfer
                0x00000000080003da       0x24 ./Core/Src/main.o
 .text.LL_ADC_REG_GetDMATransfer
                0x00000000080003fe       0x18 ./Core/Src/main.o
 *fill*         0x0000000008000416        0x2 
 .text.LL_ADC_Enable
                0x0000000008000418       0x24 ./Core/Src/main.o
 .text.LL_ADC_IsEnabled
                0x000000000800043c       0x20 ./Core/Src/main.o
 .text.LL_ADC_IsDisableOngoing
                0x000000000800045c       0x20 ./Core/Src/main.o
 .text.LL_ADC_StartCalibration
                0x000000000800047c       0x28 ./Core/Src/main.o
 .text.LL_ADC_IsCalibrationOnGoing
                0x00000000080004a4       0x26 ./Core/Src/main.o
 *fill*         0x00000000080004ca        0x2 
 .text.LL_ADC_REG_StartConversion
                0x00000000080004cc       0x24 ./Core/Src/main.o
 .text.LL_ADC_REG_IsConversionOngoing
                0x00000000080004f0       0x20 ./Core/Src/main.o
 .text.LL_ADC_IsActiveFlag_ADRDY
                0x0000000008000510       0x20 ./Core/Src/main.o
 .text.LL_ADC_EnableIT_OVR
                0x0000000008000530       0x1c ./Core/Src/main.o
 .text.LL_ADC_DisableIT_EOC
                0x000000000800054c       0x1e ./Core/Src/main.o
 .text.LL_ADC_DisableIT_EOS
                0x000000000800056a       0x1e ./Core/Src/main.o
 .text.LL_DMA_EnableChannel
                0x0000000008000588       0x3c ./Core/Src/main.o
 .text.LL_DMA_SetDataTransferDirection
                0x00000000080005c4       0x48 ./Core/Src/main.o
 .text.LL_DMA_SetMode
                0x000000000800060c       0x44 ./Core/Src/main.o
 .text.LL_DMA_SetPeriphIncMode
                0x0000000008000650       0x44 ./Core/Src/main.o
 .text.LL_DMA_SetMemoryIncMode
                0x0000000008000694       0x44 ./Core/Src/main.o
 .text.LL_DMA_SetPeriphSize
                0x00000000080006d8       0x48 ./Core/Src/main.o
 .text.LL_DMA_SetMemorySize
                0x0000000008000720       0x48 ./Core/Src/main.o
 .text.LL_DMA_SetChannelPriorityLevel
                0x0000000008000768       0x48 ./Core/Src/main.o
 .text.LL_DMA_SetDataLength
                0x00000000080007b0       0x40 ./Core/Src/main.o
 .text.LL_DMA_ConfigAddresses
                0x00000000080007f0       0x6c ./Core/Src/main.o
 .text.LL_DMA_EnableIT_TC
                0x000000000800085c       0x3c ./Core/Src/main.o
 .text.LL_DMA_EnableIT_HT
                0x0000000008000898       0x3c ./Core/Src/main.o
 .text.LL_DMA_EnableIT_TE
                0x00000000080008d4       0x3c ./Core/Src/main.o
 .text.LL_RCC_HSI_Enable
                0x0000000008000910       0x1c ./Core/Src/main.o
 .text.LL_RCC_HSI_IsReady
                0x000000000800092c       0x20 ./Core/Src/main.o
 .text.LL_RCC_SetSysClkSource
                0x000000000800094c       0x28 ./Core/Src/main.o
 .text.LL_RCC_GetSysClkSource
                0x0000000008000974       0x18 ./Core/Src/main.o
 .text.LL_RCC_SetAHBPrescaler
                0x000000000800098c       0x28 ./Core/Src/main.o
 .text.LL_RCC_SetAPB1Prescaler
                0x00000000080009b4       0x2c ./Core/Src/main.o
 .text.LL_RCC_GetAPB1Prescaler
                0x00000000080009e0       0x18 ./Core/Src/main.o
 .text.LL_AHB1_GRP1_EnableClock
                0x00000000080009f8       0x2c ./Core/Src/main.o
 .text.LL_APB1_GRP1_EnableClock
                0x0000000008000a24       0x2c ./Core/Src/main.o
 .text.LL_APB1_GRP2_EnableClock
                0x0000000008000a50       0x2c ./Core/Src/main.o
 .text.LL_TIM_EnableCounter
                0x0000000008000a7c       0x1c ./Core/Src/main.o
 .text.LL_TIM_DisableARRPreload
                0x0000000008000a98       0x1e ./Core/Src/main.o
 .text.LL_TIM_SetTriggerOutput
                0x0000000008000ab6       0x24 ./Core/Src/main.o
 .text.LL_TIM_SetSlaveMode
                0x0000000008000ada       0x24 ./Core/Src/main.o
 .text.LL_TIM_SetTriggerInput
                0x0000000008000afe       0x24 ./Core/Src/main.o
 .text.LL_TIM_DisableMasterSlaveMode
                0x0000000008000b22       0x1e ./Core/Src/main.o
 .text.LL_TIM_DisableIT_TRIG
                0x0000000008000b40       0x1e ./Core/Src/main.o
 *fill*         0x0000000008000b5e        0x2 
 .text.LL_TIM_DisableDMAReq_TRIG
                0x0000000008000b60       0x20 ./Core/Src/main.o
 .text.LL_GPIO_SetOutputPin
                0x0000000008000b80       0x18 ./Core/Src/main.o
 .text.LL_GPIO_ResetOutputPin
                0x0000000008000b98       0x18 ./Core/Src/main.o
 .text.LL_GPIO_TogglePin
                0x0000000008000bb0       0x2e ./Core/Src/main.o
 .text.main     0x0000000008000bde       0x4a ./Core/Src/main.o
                0x0000000008000bde                main
 .text.SystemClock_Config
                0x0000000008000c28       0x4c ./Core/Src/main.o
                0x0000000008000c28                SystemClock_Config
 .text.MX_ADC1_Init
                0x0000000008000c74      0x1d0 ./Core/Src/main.o
 .text.MX_TIM2_Init
                0x0000000008000e44      0x12c ./Core/Src/main.o
 .text.MX_DMA_Init
                0x0000000008000f70       0x1e ./Core/Src/main.o
 *fill*         0x0000000008000f8e        0x2 
 .text.MX_GPIO_Init
                0x0000000008000f90       0x98 ./Core/Src/main.o
 .text.Activate_ADC
                0x0000000008001028       0x88 ./Core/Src/main.o
                0x0000000008001028                Activate_ADC
 .text.LED_On   0x00000000080010b0       0x18 ./Core/Src/main.o
                0x00000000080010b0                LED_On
 .text.LED_Off  0x00000000080010c8       0x18 ./Core/Src/main.o
                0x00000000080010c8                LED_Off
 .text.LED_Blinking
                0x00000000080010e0       0x2c ./Core/Src/main.o
                0x00000000080010e0                LED_Blinking
 .text.UserButton_Callback
                0x000000000800110c       0x5c ./Core/Src/main.o
                0x000000000800110c                UserButton_Callback
 .text.AdcDmaTransferComplete_Callback
                0x0000000008001168       0x34 ./Core/Src/main.o
                0x0000000008001168                AdcDmaTransferComplete_Callback
 .text.AdcDmaTransferHalf_Callback
                0x000000000800119c       0x34 ./Core/Src/main.o
                0x000000000800119c                AdcDmaTransferHalf_Callback
 .text.AdcDmaTransferError_Callback
                0x00000000080011d0       0x14 ./Core/Src/main.o
                0x00000000080011d0                AdcDmaTransferError_Callback
 .text.AdcGrpRegularOverrunError_Callback
                0x00000000080011e4       0x14 ./Core/Src/main.o
                0x00000000080011e4                AdcGrpRegularOverrunError_Callback
 .text.LL_ADC_IsActiveFlag_OVR
                0x00000000080011f8       0x20 ./Core/Src/stm32f0xx_it.o
 .text.LL_ADC_ClearFlag_OVR
                0x0000000008001218       0x16 ./Core/Src/stm32f0xx_it.o
 .text.LL_DMA_IsActiveFlag_TC1
                0x000000000800122e       0x20 ./Core/Src/stm32f0xx_it.o
 .text.LL_DMA_IsActiveFlag_HT1
                0x000000000800124e       0x20 ./Core/Src/stm32f0xx_it.o
 .text.LL_DMA_IsActiveFlag_TE1
                0x000000000800126e       0x20 ./Core/Src/stm32f0xx_it.o
 .text.LL_DMA_ClearFlag_TC1
                0x000000000800128e       0x16 ./Core/Src/stm32f0xx_it.o
 .text.LL_DMA_ClearFlag_HT1
                0x00000000080012a4       0x16 ./Core/Src/stm32f0xx_it.o
 .text.LL_DMA_ClearFlag_TE1
                0x00000000080012ba       0x16 ./Core/Src/stm32f0xx_it.o
 .text.NMI_Handler
                0x00000000080012d0        0x6 ./Core/Src/stm32f0xx_it.o
                0x00000000080012d0                NMI_Handler
 .text.HardFault_Handler
                0x00000000080012d6        0x6 ./Core/Src/stm32f0xx_it.o
                0x00000000080012d6                HardFault_Handler
 .text.SVC_Handler
                0x00000000080012dc        0xa ./Core/Src/stm32f0xx_it.o
                0x00000000080012dc                SVC_Handler
 .text.PendSV_Handler
                0x00000000080012e6        0xa ./Core/Src/stm32f0xx_it.o
                0x00000000080012e6                PendSV_Handler
 .text.SysTick_Handler
                0x00000000080012f0        0xa ./Core/Src/stm32f0xx_it.o
                0x00000000080012f0                SysTick_Handler
 *fill*         0x00000000080012fa        0x2 
 .text.DMA1_Channel1_IRQHandler
                0x00000000080012fc       0x5c ./Core/Src/stm32f0xx_it.o
                0x00000000080012fc                DMA1_Channel1_IRQHandler
 .text.ADC1_COMP_IRQHandler
                0x0000000008001358       0x28 ./Core/Src/stm32f0xx_it.o
                0x0000000008001358                ADC1_COMP_IRQHandler
 .text.SystemInit
                0x0000000008001380        0xa ./Core/Src/system_stm32f0xx.o
                0x0000000008001380                SystemInit
 *fill*         0x000000000800138a        0x2 
 .text.Reset_Handler
                0x000000000800138c       0x50 ./Core/Startup/startup_stm32f072rbtx.o
                0x000000000800138c                Reset_Handler
 .text.Default_Handler
                0x00000000080013dc        0x2 ./Core/Startup/startup_stm32f072rbtx.o
                0x00000000080013dc                TIM1_CC_IRQHandler
                0x00000000080013dc                TSC_IRQHandler
                0x00000000080013dc                I2C1_IRQHandler
                0x00000000080013dc                RCC_CRS_IRQHandler
                0x00000000080013dc                SPI1_IRQHandler
                0x00000000080013dc                TIM6_DAC_IRQHandler
                0x00000000080013dc                USART3_4_IRQHandler
                0x00000000080013dc                EXTI2_3_IRQHandler
                0x00000000080013dc                I2C2_IRQHandler
                0x00000000080013dc                TIM17_IRQHandler
                0x00000000080013dc                CEC_CAN_IRQHandler
                0x00000000080013dc                RTC_IRQHandler
                0x00000000080013dc                PVD_VDDIO2_IRQHandler
                0x00000000080013dc                DMA1_Channel4_5_6_7_IRQHandler
                0x00000000080013dc                TIM16_IRQHandler
                0x00000000080013dc                TIM3_IRQHandler
                0x00000000080013dc                EXTI4_15_IRQHandler
                0x00000000080013dc                Default_Handler
                0x00000000080013dc                TIM14_IRQHandler
                0x00000000080013dc                TIM7_IRQHandler
                0x00000000080013dc                TIM15_IRQHandler
                0x00000000080013dc                EXTI0_1_IRQHandler
                0x00000000080013dc                USB_IRQHandler
                0x00000000080013dc                SPI2_IRQHandler
                0x00000000080013dc                WWDG_IRQHandler
                0x00000000080013dc                TIM2_IRQHandler
                0x00000000080013dc                DMA1_Channel2_3_IRQHandler
                0x00000000080013dc                USART2_IRQHandler
                0x00000000080013dc                FLASH_IRQHandler
                0x00000000080013dc                USART1_IRQHandler
                0x00000000080013dc                TIM1_BRK_UP_TRG_COM_IRQHandler
 .text.LL_ADC_IsEnabled
                0x00000000080013de       0x20 ./Drivers/STM32F0xx_HAL_Driver/Src/stm32f0xx_ll_adc.o
 *fill*         0x00000000080013fe        0x2 
 .text.LL_ADC_Init
                0x0000000008001400       0x6c ./Drivers/STM32F0xx_HAL_Driver/Src/stm32f0xx_ll_adc.o
                0x0000000008001400                LL_ADC_Init
 .text.LL_ADC_REG_Init
                0x000000000800146c       0x64 ./Drivers/STM32F0xx_HAL_Driver/Src/stm32f0xx_ll_adc.o
                0x000000000800146c                LL_ADC_REG_Init
 .text.LL_GPIO_SetPinMode
                0x00000000080014d0       0x38 ./Drivers/STM32F0xx_HAL_Driver/Src/stm32f0xx_ll_gpio.o
 .text.LL_GPIO_SetPinOutputType
                0x0000000008001508       0x2a ./Drivers/STM32F0xx_HAL_Driver/Src/stm32f0xx_ll_gpio.o
 .text.LL_GPIO_SetPinSpeed
                0x0000000008001532       0x38 ./Drivers/STM32F0xx_HAL_Driver/Src/stm32f0xx_ll_gpio.o
 .text.LL_GPIO_SetPinPull
                0x000000000800156a       0x38 ./Drivers/STM32F0xx_HAL_Driver/Src/stm32f0xx_ll_gpio.o
 .text.LL_GPIO_SetAFPin_0_7
                0x00000000080015a2       0x46 ./Drivers/STM32F0xx_HAL_Driver/Src/stm32f0xx_ll_gpio.o
 .text.LL_GPIO_SetAFPin_8_15
                0x00000000080015e8       0x5a ./Drivers/STM32F0xx_HAL_Driver/Src/stm32f0xx_ll_gpio.o
 .text.LL_GPIO_Init
                0x0000000008001642       0xb8 ./Drivers/STM32F0xx_HAL_Driver/Src/stm32f0xx_ll_gpio.o
                0x0000000008001642                LL_GPIO_Init
 .text.LL_TIM_SetPrescaler
                0x00000000080016fa       0x18 ./Drivers/STM32F0xx_HAL_Driver/Src/stm32f0xx_ll_tim.o
 .text.LL_TIM_SetAutoReload
                0x0000000008001712       0x18 ./Drivers/STM32F0xx_HAL_Driver/Src/stm32f0xx_ll_tim.o
 .text.LL_TIM_SetRepetitionCounter
                0x000000000800172a       0x18 ./Drivers/STM32F0xx_HAL_Driver/Src/stm32f0xx_ll_tim.o
 .text.LL_TIM_GenerateEvent_UPDATE
                0x0000000008001742       0x1c ./Drivers/STM32F0xx_HAL_Driver/Src/stm32f0xx_ll_tim.o
 *fill*         0x000000000800175e        0x2 
 .text.LL_TIM_Init
                0x0000000008001760      0x104 ./Drivers/STM32F0xx_HAL_Driver/Src/stm32f0xx_ll_tim.o
                0x0000000008001760                LL_TIM_Init
 .text.LL_InitTick
                0x0000000008001864       0x34 ./Drivers/STM32F0xx_HAL_Driver/Src/stm32f0xx_ll_utils.o
 .text.LL_Init1msTick
                0x0000000008001898       0x1e ./Drivers/STM32F0xx_HAL_Driver/Src/stm32f0xx_ll_utils.o
                0x0000000008001898                LL_Init1msTick
 *fill*         0x00000000080018b6        0x2 
 .text.LL_SetSystemCoreClock
                0x00000000080018b8       0x1c ./Drivers/STM32F0xx_HAL_Driver/Src/stm32f0xx_ll_utils.o
                0x00000000080018b8                LL_SetSystemCoreClock
 .text.__libc_init_array
                0x00000000080018d4       0x48 c:/st/stm32cubeide_1.6.1/stm32cubeide/plugins/com.st.stm32cube.ide.mcu.externaltools.gnu-tools-for-stm32.9-2020-q2-update.win32_2.0.0.202105311346/tools/bin/../lib/gcc/arm-none-eabi/9.3.1/../../../../arm-none-eabi/lib/thumb/v6-m/nofp\libc_nano.a(lib_a-init.o)
                0x00000000080018d4                __libc_init_array
 .text.memset   0x000000000800191c       0x10 c:/st/stm32cubeide_1.6.1/stm32cubeide/plugins/com.st.stm32cube.ide.mcu.externaltools.gnu-tools-for-stm32.9-2020-q2-update.win32_2.0.0.202105311346/tools/bin/../lib/gcc/arm-none-eabi/9.3.1/../../../../arm-none-eabi/lib/thumb/v6-m/nofp\libc_nano.a(lib_a-memset.o)
                0x000000000800191c                memset
 *(.glue_7)
 .glue_7        0x000000000800192c        0x0 linker stubs
 *(.glue_7t)
 .glue_7t       0x000000000800192c        0x0 linker stubs
 *(.eh_frame)
 .eh_frame      0x000000000800192c        0x0 c:/st/stm32cubeide_1.6.1/stm32cubeide/plugins/com.st.stm32cube.ide.mcu.externaltools.gnu-tools-for-stm32.9-2020-q2-update.win32_2.0.0.202105311346/tools/bin/../lib/gcc/arm-none-eabi/9.3.1/thumb/v6-m/nofp/crtbegin.o
 *(.init)
 .init          0x000000000800192c        0x4 c:/st/stm32cubeide_1.6.1/stm32cubeide/plugins/com.st.stm32cube.ide.mcu.externaltools.gnu-tools-for-stm32.9-2020-q2-update.win32_2.0.0.202105311346/tools/bin/../lib/gcc/arm-none-eabi/9.3.1/thumb/v6-m/nofp/crti.o
                0x000000000800192c                _init
 .init          0x0000000008001930        0x8 c:/st/stm32cubeide_1.6.1/stm32cubeide/plugins/com.st.stm32cube.ide.mcu.externaltools.gnu-tools-for-stm32.9-2020-q2-update.win32_2.0.0.202105311346/tools/bin/../lib/gcc/arm-none-eabi/9.3.1/thumb/v6-m/nofp/crtn.o
 *(.fini)
 .fini          0x0000000008001938        0x4 c:/st/stm32cubeide_1.6.1/stm32cubeide/plugins/com.st.stm32cube.ide.mcu.externaltools.gnu-tools-for-stm32.9-2020-q2-update.win32_2.0.0.202105311346/tools/bin/../lib/gcc/arm-none-eabi/9.3.1/thumb/v6-m/nofp/crti.o
                0x0000000008001938                _fini
 .fini          0x000000000800193c        0x8 c:/st/stm32cubeide_1.6.1/stm32cubeide/plugins/com.st.stm32cube.ide.mcu.externaltools.gnu-tools-for-stm32.9-2020-q2-update.win32_2.0.0.202105311346/tools/bin/../lib/gcc/arm-none-eabi/9.3.1/thumb/v6-m/nofp/crtn.o
                0x0000000008001944                . = ALIGN (0x4)
                0x0000000008001944                _etext = .

.vfp11_veneer   0x0000000008001944        0x0
 .vfp11_veneer  0x0000000008001944        0x0 linker stubs

.v4_bx          0x0000000008001944        0x0
 .v4_bx         0x0000000008001944        0x0 linker stubs

.iplt           0x0000000008001944        0x0
 .iplt          0x0000000008001944        0x0 c:/st/stm32cubeide_1.6.1/stm32cubeide/plugins/com.st.stm32cube.ide.mcu.externaltools.gnu-tools-for-stm32.9-2020-q2-update.win32_2.0.0.202105311346/tools/bin/../lib/gcc/arm-none-eabi/9.3.1/thumb/v6-m/nofp/crtbegin.o

.rodata         0x0000000008001944       0x10
                0x0000000008001944                . = ALIGN (0x4)
 *(.rodata)
 *(.rodata*)
 .rodata.CHANNEL_OFFSET_TAB
                0x0000000008001944        0x7 ./Core/Src/main.o
 *fill*         0x000000000800194b        0x1 
 .rodata.APBPrescTable
                0x000000000800194c        0x8 ./Core/Src/system_stm32f0xx.o
                0x000000000800194c                APBPrescTable
                0x0000000008001954                . = ALIGN (0x4)

.rel.dyn        0x0000000008001954        0x0
 .rel.iplt      0x0000000008001954        0x0 c:/st/stm32cubeide_1.6.1/stm32cubeide/plugins/com.st.stm32cube.ide.mcu.externaltools.gnu-tools-for-stm32.9-2020-q2-update.win32_2.0.0.202105311346/tools/bin/../lib/gcc/arm-none-eabi/9.3.1/thumb/v6-m/nofp/crtbegin.o

.ARM.extab      0x0000000008001954        0x0
                0x0000000008001954                . = ALIGN (0x4)
 *(.ARM.extab* .gnu.linkonce.armextab.*)
                0x0000000008001954                . = ALIGN (0x4)

.ARM            0x0000000008001954        0x0
                0x0000000008001954                . = ALIGN (0x4)
                0x0000000008001954                __exidx_start = .
 *(.ARM.exidx*)
                0x0000000008001954                __exidx_end = .
                0x0000000008001954                . = ALIGN (0x4)

.preinit_array  0x0000000008001954        0x0
                0x0000000008001954                . = ALIGN (0x4)
                0x0000000008001954                PROVIDE (__preinit_array_start = .)
 *(.preinit_array*)
                0x0000000008001954                PROVIDE (__preinit_array_end = .)
                0x0000000008001954                . = ALIGN (0x4)

.init_array     0x0000000008001954        0x4
                0x0000000008001954                . = ALIGN (0x4)
                0x0000000008001954                PROVIDE (__init_array_start = .)
 *(SORT_BY_NAME(.init_array.*))
 *(.init_array*)
 .init_array    0x0000000008001954        0x4 c:/st/stm32cubeide_1.6.1/stm32cubeide/plugins/com.st.stm32cube.ide.mcu.externaltools.gnu-tools-for-stm32.9-2020-q2-update.win32_2.0.0.202105311346/tools/bin/../lib/gcc/arm-none-eabi/9.3.1/thumb/v6-m/nofp/crtbegin.o
                0x0000000008001958                PROVIDE (__init_array_end = .)
                0x0000000008001958                . = ALIGN (0x4)

.fini_array     0x0000000008001958        0x4
                0x0000000008001958                . = ALIGN (0x4)
                [!provide]                        PROVIDE (__fini_array_start = .)
 *(SORT_BY_NAME(.fini_array.*))
 *(.fini_array*)
 .fini_array    0x0000000008001958        0x4 c:/st/stm32cubeide_1.6.1/stm32cubeide/plugins/com.st.stm32cube.ide.mcu.externaltools.gnu-tools-for-stm32.9-2020-q2-update.win32_2.0.0.202105311346/tools/bin/../lib/gcc/arm-none-eabi/9.3.1/thumb/v6-m/nofp/crtbegin.o
                [!provide]                        PROVIDE (__fini_array_end = .)
                0x000000000800195c                . = ALIGN (0x4)
                0x000000000800195c                _sidata = LOADADDR (.data)

.data           0x0000000020000000        0x8 load address 0x000000000800195c
                0x0000000020000000                . = ALIGN (0x4)
                0x0000000020000000                _sdata = .
 *(.data)
 *(.data*)
 .data.ubDmaTransferStatus
                0x0000000020000000        0x1 ./Core/Src/main.o
                0x0000000020000000                ubDmaTransferStatus
 *fill*         0x0000000020000001        0x3 
 .data.SystemCoreClock
                0x0000000020000004        0x4 ./Core/Src/system_stm32f0xx.o
                0x0000000020000004                SystemCoreClock
 *(.RamFunc)
 *(.RamFunc*)
                0x0000000020000008                . = ALIGN (0x4)
                0x0000000020000008                _edata = .

.igot.plt       0x0000000020000008        0x0 load address 0x0000000008001964
 .igot.plt      0x0000000020000008        0x0 c:/st/stm32cubeide_1.6.1/stm32cubeide/plugins/com.st.stm32cube.ide.mcu.externaltools.gnu-tools-for-stm32.9-2020-q2-update.win32_2.0.0.202105311346/tools/bin/../lib/gcc/arm-none-eabi/9.3.1/thumb/v6-m/nofp/crtbegin.o
                0x0000000020000008                . = ALIGN (0x4)

.bss            0x0000000020000008      0x11c load address 0x0000000008001964
                0x0000000020000008                _sbss = .
                0x0000000020000008                __bss_start__ = _sbss
 *(.bss)
 .bss           0x0000000020000008       0x1c c:/st/stm32cubeide_1.6.1/stm32cubeide/plugins/com.st.stm32cube.ide.mcu.externaltools.gnu-tools-for-stm32.9-2020-q2-update.win32_2.0.0.202105311346/tools/bin/../lib/gcc/arm-none-eabi/9.3.1/thumb/v6-m/nofp/crtbegin.o
 *(.bss*)
 *(COMMON)
 COMMON         0x0000000020000024      0x100 ./Core/Src/main.o
                0x0000000020000024                aADCxConvertedData_Voltage_mVolt
                0x00000000200000a4                aADCxConvertedData
                0x0000000020000124                . = ALIGN (0x4)
                0x0000000020000124                _ebss = .
                0x0000000020000124                __bss_end__ = _ebss

._user_heap_stack
                0x0000000020000124      0x604 load address 0x0000000008001964
                0x0000000020000128                . = ALIGN (0x8)
 *fill*         0x0000000020000124        0x4 
                [!provide]                        PROVIDE (end = .)
                0x0000000020000128                PROVIDE (_end = .)
                0x0000000020000328                . = (. + _Min_Heap_Size)
 *fill*         0x0000000020000128      0x200 
                0x0000000020000728                . = (. + _Min_Stack_Size)
 *fill*         0x0000000020000328      0x400 
                0x0000000020000728                . = ALIGN (0x8)

/DISCARD/
 libc.a(*)
 libm.a(*)
 libgcc.a(*)

.ARM.attributes
                0x0000000000000000       0x28
 *(.ARM.attributes)
 .ARM.attributes
                0x0000000000000000       0x1e c:/st/stm32cubeide_1.6.1/stm32cubeide/plugins/com.st.stm32cube.ide.mcu.externaltools.gnu-tools-for-stm32.9-2020-q2-update.win32_2.0.0.202105311346/tools/bin/../lib/gcc/arm-none-eabi/9.3.1/thumb/v6-m/nofp/crti.o
 .ARM.attributes
                0x000000000000001e       0x2c c:/st/stm32cubeide_1.6.1/stm32cubeide/plugins/com.st.stm32cube.ide.mcu.externaltools.gnu-tools-for-stm32.9-2020-q2-update.win32_2.0.0.202105311346/tools/bin/../lib/gcc/arm-none-eabi/9.3.1/thumb/v6-m/nofp/crtbegin.o
 .ARM.attributes
                0x000000000000004a       0x2c ./Core/Src/main.o
 .ARM.attributes
                0x0000000000000076       0x2c ./Core/Src/stm32f0xx_it.o
 .ARM.attributes
                0x00000000000000a2       0x2c ./Core/Src/system_stm32f0xx.o
 .ARM.attributes
                0x00000000000000ce       0x21 ./Core/Startup/startup_stm32f072rbtx.o
 .ARM.attributes
                0x00000000000000ef       0x2c ./Drivers/STM32F0xx_HAL_Driver/Src/stm32f0xx_ll_adc.o
 .ARM.attributes
                0x000000000000011b       0x2c ./Drivers/STM32F0xx_HAL_Driver/Src/stm32f0xx_ll_gpio.o
 .ARM.attributes
                0x0000000000000147       0x2c ./Drivers/STM32F0xx_HAL_Driver/Src/stm32f0xx_ll_tim.o
 .ARM.attributes
                0x0000000000000173       0x2c ./Drivers/STM32F0xx_HAL_Driver/Src/stm32f0xx_ll_utils.o
 .ARM.attributes
                0x000000000000019f       0x2c c:/st/stm32cubeide_1.6.1/stm32cubeide/plugins/com.st.stm32cube.ide.mcu.externaltools.gnu-tools-for-stm32.9-2020-q2-update.win32_2.0.0.202105311346/tools/bin/../lib/gcc/arm-none-eabi/9.3.1/../../../../arm-none-eabi/lib/thumb/v6-m/nofp\libc_nano.a(lib_a-init.o)
 .ARM.attributes
                0x00000000000001cb       0x2c c:/st/stm32cubeide_1.6.1/stm32cubeide/plugins/com.st.stm32cube.ide.mcu.externaltools.gnu-tools-for-stm32.9-2020-q2-update.win32_2.0.0.202105311346/tools/bin/../lib/gcc/arm-none-eabi/9.3.1/../../../../arm-none-eabi/lib/thumb/v6-m/nofp\libc_nano.a(lib_a-memset.o)
 .ARM.attributes
                0x00000000000001f7       0x1e c:/st/stm32cubeide_1.6.1/stm32cubeide/plugins/com.st.stm32cube.ide.mcu.externaltools.gnu-tools-for-stm32.9-2020-q2-update.win32_2.0.0.202105311346/tools/bin/../lib/gcc/arm-none-eabi/9.3.1/thumb/v6-m/nofp\libgcc.a(_udivsi3.o)
 .ARM.attributes
                0x0000000000000215       0x1e c:/st/stm32cubeide_1.6.1/stm32cubeide/plugins/com.st.stm32cube.ide.mcu.externaltools.gnu-tools-for-stm32.9-2020-q2-update.win32_2.0.0.202105311346/tools/bin/../lib/gcc/arm-none-eabi/9.3.1/thumb/v6-m/nofp\libgcc.a(_dvmd_tls.o)
 .ARM.attributes
                0x0000000000000233       0x1e c:/st/stm32cubeide_1.6.1/stm32cubeide/plugins/com.st.stm32cube.ide.mcu.externaltools.gnu-tools-for-stm32.9-2020-q2-update.win32_2.0.0.202105311346/tools/bin/../lib/gcc/arm-none-eabi/9.3.1/thumb/v6-m/nofp/crtn.o
OUTPUT(Test-072-Disco.elf elf32-littlearm)
LOAD linker stubs
LOAD c:/st/stm32cubeide_1.6.1/stm32cubeide/plugins/com.st.stm32cube.ide.mcu.externaltools.gnu-tools-for-stm32.9-2020-q2-update.win32_2.0.0.202105311346/tools/bin/../lib/gcc/arm-none-eabi/9.3.1/../../../../arm-none-eabi/lib/thumb/v6-m/nofp\libc.a
LOAD c:/st/stm32cubeide_1.6.1/stm32cubeide/plugins/com.st.stm32cube.ide.mcu.externaltools.gnu-tools-for-stm32.9-2020-q2-update.win32_2.0.0.202105311346/tools/bin/../lib/gcc/arm-none-eabi/9.3.1/../../../../arm-none-eabi/lib/thumb/v6-m/nofp\libm.a
LOAD c:/st/stm32cubeide_1.6.1/stm32cubeide/plugins/com.st.stm32cube.ide.mcu.externaltools.gnu-tools-for-stm32.9-2020-q2-update.win32_2.0.0.202105311346/tools/bin/../lib/gcc/arm-none-eabi/9.3.1/thumb/v6-m/nofp\libgcc.a

.debug_info     0x0000000000000000     0x41a8
 .debug_info    0x0000000000000000     0x1727 ./Core/Src/main.o
 .debug_info    0x0000000000001727      0x44f ./Core/Src/stm32f0xx_it.o
 .debug_info    0x0000000000001b76      0x262 ./Core/Src/system_stm32f0xx.o
 .debug_info    0x0000000000001dd8       0x22 ./Core/Startup/startup_stm32f072rbtx.o
 .debug_info    0x0000000000001dfa      0x687 ./Drivers/STM32F0xx_HAL_Driver/Src/stm32f0xx_ll_adc.o
 .debug_info    0x0000000000002481      0x5d5 ./Drivers/STM32F0xx_HAL_Driver/Src/stm32f0xx_ll_gpio.o
 .debug_info    0x0000000000002a56      0xee5 ./Drivers/STM32F0xx_HAL_Driver/Src/stm32f0xx_ll_tim.o
 .debug_info    0x000000000000393b      0x86d ./Drivers/STM32F0xx_HAL_Driver/Src/stm32f0xx_ll_utils.o

.debug_abbrev   0x0000000000000000      0xd93
 .debug_abbrev  0x0000000000000000      0x2e1 ./Core/Src/main.o
 .debug_abbrev  0x00000000000002e1      0x18f ./Core/Src/stm32f0xx_it.o
 .debug_abbrev  0x0000000000000470      0x116 ./Core/Src/system_stm32f0xx.o
 .debug_abbrev  0x0000000000000586       0x12 ./Core/Startup/startup_stm32f072rbtx.o
 .debug_abbrev  0x0000000000000598      0x1ef ./Drivers/STM32F0xx_HAL_Driver/Src/stm32f0xx_ll_adc.o
 .debug_abbrev  0x0000000000000787      0x1b5 ./Drivers/STM32F0xx_HAL_Driver/Src/stm32f0xx_ll_gpio.o
 .debug_abbrev  0x000000000000093c      0x218 ./Drivers/STM32F0xx_HAL_Driver/Src/stm32f0xx_ll_tim.o
 .debug_abbrev  0x0000000000000b54      0x23f ./Drivers/STM32F0xx_HAL_Driver/Src/stm32f0xx_ll_utils.o

.debug_aranges  0x0000000000000000      0x648
 .debug_aranges
                0x0000000000000000      0x240 ./Core/Src/main.o
 .debug_aranges
                0x0000000000000240       0x90 ./Core/Src/stm32f0xx_it.o
 .debug_aranges
                0x00000000000002d0       0x28 ./Core/Src/system_stm32f0xx.o
 .debug_aranges
                0x00000000000002f8       0x28 ./Core/Startup/startup_stm32f072rbtx.o
 .debug_aranges
                0x0000000000000320       0x90 ./Drivers/STM32F0xx_HAL_Driver/Src/stm32f0xx_ll_adc.o
 .debug_aranges
                0x00000000000003b0       0x70 ./Drivers/STM32F0xx_HAL_Driver/Src/stm32f0xx_ll_gpio.o
 .debug_aranges
                0x0000000000000420      0x128 ./Drivers/STM32F0xx_HAL_Driver/Src/stm32f0xx_ll_tim.o
 .debug_aranges
                0x0000000000000548      0x100 ./Drivers/STM32F0xx_HAL_Driver/Src/stm32f0xx_ll_utils.o

.debug_ranges   0x0000000000000000      0x5d0
 .debug_ranges  0x0000000000000000      0x230 ./Core/Src/main.o
 .debug_ranges  0x0000000000000230       0x80 ./Core/Src/stm32f0xx_it.o
 .debug_ranges  0x00000000000002b0       0x18 ./Core/Src/system_stm32f0xx.o
 .debug_ranges  0x00000000000002c8       0x20 ./Core/Startup/startup_stm32f072rbtx.o
 .debug_ranges  0x00000000000002e8       0x80 ./Drivers/STM32F0xx_HAL_Driver/Src/stm32f0xx_ll_adc.o
 .debug_ranges  0x0000000000000368       0x60 ./Drivers/STM32F0xx_HAL_Driver/Src/stm32f0xx_ll_gpio.o
 .debug_ranges  0x00000000000003c8      0x118 ./Drivers/STM32F0xx_HAL_Driver/Src/stm32f0xx_ll_tim.o
 .debug_ranges  0x00000000000004e0       0xf0 ./Drivers/STM32F0xx_HAL_Driver/Src/stm32f0xx_ll_utils.o

.debug_macro    0x0000000000000000      0xf15
 .debug_macro   0x0000000000000000      0x1b4 ./Core/Src/main.o
 .debug_macro   0x00000000000001b4      0x145 ./Core/Src/stm32f0xx_it.o
 .debug_macro   0x00000000000002f9       0xc0 ./Core/Src/system_stm32f0xx.o
 .debug_macro   0x00000000000003b9      0x122 ./Drivers/STM32F0xx_HAL_Driver/Src/stm32f0xx_ll_adc.o
 .debug_macro   0x00000000000004db       0xfc ./Drivers/STM32F0xx_HAL_Driver/Src/stm32f0xx_ll_gpio.o
 .debug_macro   0x00000000000005d7      0x119 ./Drivers/STM32F0xx_HAL_Driver/Src/stm32f0xx_ll_gpio.o
 .debug_macro   0x00000000000006f0      0x145 ./Drivers/STM32F0xx_HAL_Driver/Src/stm32f0xx_ll_tim.o
 .debug_macro   0x0000000000000835      0x5b7 ./Drivers/STM32F0xx_HAL_Driver/Src/stm32f0xx_ll_tim.o
 .debug_macro   0x0000000000000dec      0x129 ./Drivers/STM32F0xx_HAL_Driver/Src/stm32f0xx_ll_utils.o

.debug_line     0x0000000000000000     0x3ca6
 .debug_line    0x0000000000000000      0xf02 ./Core/Src/main.o
 .debug_line    0x0000000000000f02      0x737 ./Core/Src/stm32f0xx_it.o
 .debug_line    0x0000000000001639      0x4e9 ./Core/Src/system_stm32f0xx.o
 .debug_line    0x0000000000001b22       0x89 ./Core/Startup/startup_stm32f072rbtx.o
 .debug_line    0x0000000000001bab      0x6c0 ./Drivers/STM32F0xx_HAL_Driver/Src/stm32f0xx_ll_adc.o
 .debug_line    0x000000000000226b      0x644 ./Drivers/STM32F0xx_HAL_Driver/Src/stm32f0xx_ll_gpio.o
 .debug_line    0x00000000000028af      0xacb ./Drivers/STM32F0xx_HAL_Driver/Src/stm32f0xx_ll_tim.o
 .debug_line    0x000000000000337a      0x92c ./Drivers/STM32F0xx_HAL_Driver/Src/stm32f0xx_ll_utils.o

.debug_str      0x0000000000000000    0x6b564
 .debug_str     0x0000000000000000    0x68472 ./Core/Src/main.o
                                      0x6874f (size before relaxing)
 .debug_str     0x0000000000068472      0x12a ./Core/Src/stm32f0xx_it.o
                                      0x67950 (size before relaxing)
 .debug_str     0x000000000006859c       0x80 ./Core/Src/system_stm32f0xx.o
                                      0x5a79e (size before relaxing)
 .debug_str     0x000000000006861c       0x36 ./Core/Startup/startup_stm32f072rbtx.o
                                         0x74 (size before relaxing)
 .debug_str     0x0000000000068652      0xa15 ./Drivers/STM32F0xx_HAL_Driver/Src/stm32f0xx_ll_adc.o
                                      0x5f9fc (size before relaxing)
 .debug_str     0x0000000000069067      0x510 ./Drivers/STM32F0xx_HAL_Driver/Src/stm32f0xx_ll_gpio.o
                                      0x5bb22 (size before relaxing)
 .debug_str     0x0000000000069577     0x12fa ./Drivers/STM32F0xx_HAL_Driver/Src/stm32f0xx_ll_tim.o
                                      0x5f226 (size before relaxing)
 .debug_str     0x000000000006a871      0xcf3 ./Drivers/STM32F0xx_HAL_Driver/Src/stm32f0xx_ll_utils.o
                                      0x5e42a (size before relaxing)

.comment        0x0000000000000000       0x53
 .comment       0x0000000000000000       0x53 ./Core/Src/main.o
                                         0x54 (size before relaxing)
 .comment       0x0000000000000053       0x54 ./Core/Src/stm32f0xx_it.o
 .comment       0x0000000000000053       0x54 ./Core/Src/system_stm32f0xx.o
 .comment       0x0000000000000053       0x54 ./Drivers/STM32F0xx_HAL_Driver/Src/stm32f0xx_ll_adc.o
 .comment       0x0000000000000053       0x54 ./Drivers/STM32F0xx_HAL_Driver/Src/stm32f0xx_ll_gpio.o
 .comment       0x0000000000000053       0x54 ./Drivers/STM32F0xx_HAL_Driver/Src/stm32f0xx_ll_tim.o
 .comment       0x0000000000000053       0x54 ./Drivers/STM32F0xx_HAL_Driver/Src/stm32f0xx_ll_utils.o

.debug_frame    0x0000000000000000     0x1644
 .debug_frame   0x0000000000000000      0x888 ./Core/Src/main.o
 .debug_frame   0x0000000000000888      0x1d4 ./Core/Src/stm32f0xx_it.o
 .debug_frame   0x0000000000000a5c       0x4c ./Core/Src/system_stm32f0xx.o
 .debug_frame   0x0000000000000aa8      0x1f0 ./Drivers/STM32F0xx_HAL_Driver/Src/stm32f0xx_ll_adc.o
 .debug_frame   0x0000000000000c98      0x170 ./Drivers/STM32F0xx_HAL_Driver/Src/stm32f0xx_ll_gpio.o
 .debug_frame   0x0000000000000e08      0x450 ./Drivers/STM32F0xx_HAL_Driver/Src/stm32f0xx_ll_tim.o
 .debug_frame   0x0000000000001258      0x380 ./Drivers/STM32F0xx_HAL_Driver/Src/stm32f0xx_ll_utils.o
 .debug_frame   0x00000000000015d8       0x2c c:/st/stm32cubeide_1.6.1/stm32cubeide/plugins/com.st.stm32cube.ide.mcu.externaltools.gnu-tools-for-stm32.9-2020-q2-update.win32_2.0.0.202105311346/tools/bin/../lib/gcc/arm-none-eabi/9.3.1/../../../../arm-none-eabi/lib/thumb/v6-m/nofp\libc_nano.a(lib_a-init.o)
 .debug_frame   0x0000000000001604       0x20 c:/st/stm32cubeide_1.6.1/stm32cubeide/plugins/com.st.stm32cube.ide.mcu.externaltools.gnu-tools-for-stm32.9-2020-q2-update.win32_2.0.0.202105311346/tools/bin/../lib/gcc/arm-none-eabi/9.3.1/../../../../arm-none-eabi/lib/thumb/v6-m/nofp\libc_nano.a(lib_a-memset.o)
 .debug_frame   0x0000000000001624       0x20 c:/st/stm32cubeide_1.6.1/stm32cubeide/plugins/com.st.stm32cube.ide.mcu.externaltools.gnu-tools-for-stm32.9-2020-q2-update.win32_2.0.0.202105311346/tools/bin/../lib/gcc/arm-none-eabi/9.3.1/thumb/v6-m/nofp\libgcc.a(_udivsi3.o)
