core_cm0.h:623:22:__NVIC_EnableIRQ	16	static
core_cm0.h:730:22:__NVIC_SetPriority	24	static
stm32f0xx_ll_i2c.h:645:22:LL_I2C_EnableClockStretching	16	static
stm32f0xx_ll_i2c.h:767:22:LL_I2C_DisableGeneralCall	16	static
stm32f0xx_ll_i2c.h:878:22:LL_I2C_SetOwnAddress2	24	static
stm32f0xx_ll_i2c.h:900:22:LL_I2C_DisableOwnAddress2	16	static
stm32f0xx_ll_i2c.h:1882:22:LL_I2C_EnableAutoEndMode	16	static
stm32f0xx_ll_rcc.h:748:22:LL_RCC_HSI_Enable	8	static
stm32f0xx_ll_rcc.h:768:26:LL_RCC_HSI_IsReady	8	static
stm32f0xx_ll_rcc.h:794:22:LL_RCC_HSI_SetCalibTrimming	16	static
stm32f0xx_ll_rcc.h:1100:22:LL_RCC_SetSysClkSource	16	static
stm32f0xx_ll_rcc.h:1116:26:LL_RCC_GetSysClkSource	8	static
stm32f0xx_ll_rcc.h:1136:22:LL_RCC_SetAHBPrescaler	16	static
stm32f0xx_ll_rcc.h:1152:22:LL_RCC_SetAPB1Prescaler	16	static
stm32f0xx_ll_rcc.h:1273:22:LL_RCC_SetUSARTClockSource	16	static
stm32f0xx_ll_rcc.h:1507:22:LL_RCC_PLL_Enable	8	static
stm32f0xx_ll_rcc.h:1528:26:LL_RCC_PLL_IsReady	8	static
stm32f0xx_ll_rcc.h:1580:22:LL_RCC_PLL_ConfigDomain_SYS	24	static
stm32f0xx_ll_bus.h:227:22:LL_AHB1_GRP1_EnableClock	24	static
stm32f0xx_ll_bus.h:415:22:LL_APB1_GRP1_EnableClock	24	static
stm32f0xx_ll_bus.h:665:22:LL_APB1_GRP2_EnableClock	24	static
stm32f0xx_ll_system.h:1779:22:LL_FLASH_SetLatency	16	static
stm32f0xx_ll_system.h:1791:26:LL_FLASH_GetLatency	8	static
stm32f0xx_ll_tim.h:1273:22:LL_TIM_DisableARRPreload	16	static
stm32f0xx_ll_tim.h:2695:22:LL_TIM_SetTriggerOutput	16	static
stm32f0xx_ll_tim.h:2761:22:LL_TIM_DisableMasterSlaveMode	16	static
stm32f0xx_ll_usart.h:570:22:LL_USART_Enable	16	static
stm32f0xx_ll_usart.h:2315:22:LL_USART_ConfigAsyncMode	16	static
stm32f0xx_ll_usart.h:3370:22:LL_USART_DisableIT_CTS	32	static,ignoring_inline_asm
stm32f0xx_ll_gpio.h:868:22:LL_GPIO_ResetOutputPin	16	static
main.c:66:5:main	8	static
main.c:120:6:SystemClock_Config	8	static
main.c:161:6:MX_I2C2_Init	72	static
main.c:225:13:MX_TIM6_Init	32	static
main.c:258:13:MX_USART1_UART_Init	72	static
main.c:322:13:MX_GPIO_Init	32	static
main.c:391:6:Error_Handler	8	static,ignoring_inline_asm
