stm32f0xx_ll_i2c.h:430:22:LL_I2C_Enable	16	static
stm32f0xx_ll_i2c.h:1555:26:LL_I2C_IsActiveFlag_TXE	16	static
stm32f0xx_ll_i2c.h:1633:26:LL_I2C_IsActiveFlag_TC	16	static
stm32f0xx_ll_i2c.h:1744:26:LL_I2C_IsActiveFlag_BUSY	16	static
stm32f0xx_ll_i2c.h:1953:22:LL_I2C_SetTransferSize	16	static
stm32f0xx_ll_i2c.h:1980:22:LL_I2C_AcknowledgeNextData	16	static
stm32f0xx_ll_i2c.h:2004:22:LL_I2C_GenerateStopCondition	16	static
stm32f0xx_ll_i2c.h:2056:22:LL_I2C_SetTransferRequest	16	static
stm32f0xx_ll_i2c.h:2082:22:LL_I2C_SetSlaveAddr	16	static
stm32f0xx_ll_i2c.h:2136:22:LL_I2C_HandleTransfer	24	static
stm32f0xx_ll_i2c.h:2233:22:LL_I2C_TransmitData8	16	static
stm32f0xx_ll_bus.h:227:22:LL_AHB1_GRP1_EnableClock	24	static
stm32f0xx_ll_cortex.h:95:26:LL_SYSTICK_IsActiveCounterFlag	8	static
stm32f0xx_ll_cortex.h:137:22:LL_SYSTICK_EnableIT	8	static
stm32f0xx_ll_tim.h:1082:22:LL_TIM_EnableCounter	16	static
stm32f0xx_ll_tim.h:1335:22:LL_TIM_SetCounter	16	static
stm32f0xx_ll_tim.h:1348:26:LL_TIM_GetCounter	16	static
stm32f0xx_ll_tim.h:3103:22:LL_TIM_ClearFlag_UPDATE	16	static
stm32f0xx_ll_tim.h:3887:22:LL_TIM_GenerateEvent_UPDATE	16	static
stm32f0xx_ll_gpio.h:268:22:LL_GPIO_SetPinMode	24	static
stm32f0xx_ll_gpio.h:336:22:LL_GPIO_SetPinOutputType	24	static
stm32f0xx_ll_gpio.h:406:22:LL_GPIO_SetPinSpeed	24	static
stm32f0xx_ll_gpio.h:474:22:LL_GPIO_SetPinPull	24	static
stm32f0xx_ll_gpio.h:758:26:LL_GPIO_IsInputPinSet	16	static
stm32f0xx_ll_gpio.h:839:22:LL_GPIO_SetOutputPin	16	static
stm32f0xx_ll_gpio.h:868:22:LL_GPIO_ResetOutputPin	16	static
stm32f0xx_ll_gpio.h:897:22:LL_GPIO_TogglePin	24	static
BSL.h:152:23:I2C_Handle	32	static
BSL.c:108:6:BSL_Startup	8	static
BSL.c:122:6:BSL_Config	8	static
BSL.c:132:6:BSL_Control	8	static
BSL.c:153:13:LED_TEST	16	static
BSL.c:171:6:Display_Init	16	static
BSL.c:228:6:Display_Test	272	static
BSL.c:240:16:ssd1306_WriteCommand	24	static
BSL.c:246:6:LED_Init	8	static
BSL.c:251:6:Init_TIM6	8	static
BSL.c:260:6:DHT11_Init	8	static
BSL.c:273:6:IIC_Start	8	static
BSL.c:289:5:ReadDHT_Data	16	static
BSL.c:317:5:ReadRawDHTData	16	static
BSL.c:373:6:DelayUs	16	static
BSL.c:383:6:ssd1306_UpdateScreen	16	static
BSL.c:409:6:ssd1306_Fill	24	static
BSL.c:424:6:ssd1306_WriteString	24	static
BSL.c:450:6:ssd1306_DrawPixel	24	static
BSL.c:484:6:ssd1306_SetCursor	16	static
BSL.c:497:6:ssd1306_WriteChar	48	static
BSL.c:538:6:Error_Callback	8	static
BSL.c:548:6:LED_On	8	static
BSL.c:559:6:LED_Off	8	static
BSL.c:574:6:LED_Blinking	16	static
BSL.c:587:6:BSL_Tick	8	static
