stm32f0xx_ll_cortex.h:137:22:LL_SYSTICK_EnableIT	8	static
stm32f0xx_ll_usart.h:650:22:LL_USART_EnableDirectionRx	32	static,ignoring_inline_asm
stm32f0xx_ll_usart.h:672:22:LL_USART_EnableDirectionTx	32	static,ignoring_inline_asm
stm32f0xx_ll_usart.h:2039:22:LL_USART_EnableHalfDuplex	16	static
stm32f0xx_ll_usart.h:2727:26:LL_USART_IsActiveFlag_RXNE	16	static
stm32f0xx_ll_usart.h:2738:26:LL_USART_IsActiveFlag_TC	16	static
stm32f0xx_ll_usart.h:2991:22:LL_USART_ClearFlag_TC	16	static
stm32f0xx_ll_usart.h:3104:22:LL_USART_EnableIT_RXNE	32	static,ignoring_inline_asm
stm32f0xx_ll_usart.h:3691:25:LL_USART_ReceiveData8	16	static
stm32f0xx_ll_usart.h:3714:22:LL_USART_TransmitData8	16	static
stm32f0xx_ll_gpio.h:839:22:LL_GPIO_SetOutputPin	16	static
stm32f0xx_ll_gpio.h:868:22:LL_GPIO_ResetOutputPin	16	static
stm32f0xx_ll_gpio.h:897:22:LL_GPIO_TogglePin	24	static
BSL.c:92:6:BSL_Startup	8	static
BSL.c:100:6:UART1_Init	8	static
BSL.c:110:6:UART2_Init	8	static
BSL.c:127:6:BSL_Config	8	static
BSL.c:137:6:BSL_Control	8	static
BSL.c:157:6:LED_Init	8	static
BSL.c:163:6:UART1_TXHandle	16	static
BSL.c:190:6:UART1_Intrrpt_Handle	16	static
BSL.c:197:6:UART2_TXHandle	16	static
BSL.c:225:6:UART2_Intrrpt_Handle	16	static
BSL.c:237:6:Error_Callback	8	static
BSL.c:247:6:LED_On	8	static
BSL.c:258:6:LED_Off	8	static
BSL.c:273:6:LED_Blinking	16	static
BSL.c:286:6:BSL_Tick	8	static
