stm32f0xx_ll_i2c.h:430:22:LL_I2C_Enable	16	static
stm32f0xx_ll_i2c.h:1555:26:LL_I2C_IsActiveFlag_TXE	16	static
stm32f0xx_ll_i2c.h:1633:26:LL_I2C_IsActiveFlag_TC	16	static
stm32f0xx_ll_i2c.h:1744:26:LL_I2C_IsActiveFlag_BUSY	16	static
stm32f0xx_ll_i2c.h:1953:22:LL_I2C_SetTransferSize	16	static
stm32f0xx_ll_i2c.h:1980:22:LL_I2C_AcknowledgeNextData	16	static
stm32f0xx_ll_i2c.h:2004:22:LL_I2C_GenerateStopCondition	16	static
stm32f0xx_ll_i2c.h:2056:22:LL_I2C_SetTransferRequest	16	static
stm32f0xx_ll_i2c.h:2082:22:LL_I2C_SetSlaveAddr	16	static
stm32f0xx_ll_i2c.h:2136:22:LL_I2C_HandleTransfer	24	static
stm32f0xx_ll_i2c.h:2233:22:LL_I2C_TransmitData8	16	static
stm32f0xx_ll_cortex.h:95:26:LL_SYSTICK_IsActiveCounterFlag	8	static
stm32f0xx_ll_gpio.h:839:22:LL_GPIO_SetOutputPin	16	static
stm32f0xx_ll_gpio.h:868:22:LL_GPIO_ResetOutputPin	16	static
stm32f0xx_ll_gpio.h:897:22:LL_GPIO_TogglePin	24	static
BSL.h:145:23:I2C_Handle	32	static
BSL.c:102:6:BSL_Startup	8	static
BSL.c:114:6:BSL_Config	8	static
BSL.c:124:6:BSL_Control	8	static
BSL.c:135:13:LED_TEST	16	static
BSL.c:153:6:Display_Init	16	static
BSL.c:210:6:Display_Test	32	static
BSL.c:231:16:ssd1306_WriteCommand	24	static
BSL.c:237:6:LED_Init	8	static
BSL.c:242:6:IIC_Start	8	static
BSL.c:257:6:ssd1306_UpdateScreen	16	static
BSL.c:283:6:ssd1306_Fill	24	static
BSL.c:298:6:ssd1306_WriteString	24	static
BSL.c:324:6:ssd1306_DrawPixel	24	static
BSL.c:358:6:ssd1306_SetCursor	16	static
BSL.c:371:6:ssd1306_WriteChar	48	static
BSL.c:412:6:Error_Callback	8	static
BSL.c:422:6:LED_On	8	static
BSL.c:433:6:LED_Off	8	static
BSL.c:448:6:LED_Blinking	16	static
BSL.c:460:6:BSL_Tick	8	static
