Archive member included to satisfy reference by file (symbol)

c:/st/stm32cubeide_1.6.1/stm32cubeide/plugins/com.st.stm32cube.ide.mcu.externaltools.gnu-tools-for-stm32.9-2020-q2-update.win32_2.0.0.202105311346/tools/bin/../lib/gcc/arm-none-eabi/9.3.1/../../../../arm-none-eabi/lib/thumb/v6-m/nofp\libc_nano.a(lib_a-errno.o)
                              ./Core/Src/syscalls.o (__errno)
c:/st/stm32cubeide_1.6.1/stm32cubeide/plugins/com.st.stm32cube.ide.mcu.externaltools.gnu-tools-for-stm32.9-2020-q2-update.win32_2.0.0.202105311346/tools/bin/../lib/gcc/arm-none-eabi/9.3.1/../../../../arm-none-eabi/lib/thumb/v6-m/nofp\libc_nano.a(lib_a-exit.o)
                              c:/st/stm32cubeide_1.6.1/stm32cubeide/plugins/com.st.stm32cube.ide.mcu.externaltools.gnu-tools-for-stm32.9-2020-q2-update.win32_2.0.0.202105311346/tools/bin/../lib/gcc/arm-none-eabi/9.3.1/../../../../arm-none-eabi/lib/thumb/v6-m/nofp/crt0.o (exit)
c:/st/stm32cubeide_1.6.1/stm32cubeide/plugins/com.st.stm32cube.ide.mcu.externaltools.gnu-tools-for-stm32.9-2020-q2-update.win32_2.0.0.202105311346/tools/bin/../lib/gcc/arm-none-eabi/9.3.1/../../../../arm-none-eabi/lib/thumb/v6-m/nofp\libc_nano.a(lib_a-impure.o)
                              c:/st/stm32cubeide_1.6.1/stm32cubeide/plugins/com.st.stm32cube.ide.mcu.externaltools.gnu-tools-for-stm32.9-2020-q2-update.win32_2.0.0.202105311346/tools/bin/../lib/gcc/arm-none-eabi/9.3.1/../../../../arm-none-eabi/lib/thumb/v6-m/nofp\libc_nano.a(lib_a-exit.o) (_global_impure_ptr)
c:/st/stm32cubeide_1.6.1/stm32cubeide/plugins/com.st.stm32cube.ide.mcu.externaltools.gnu-tools-for-stm32.9-2020-q2-update.win32_2.0.0.202105311346/tools/bin/../lib/gcc/arm-none-eabi/9.3.1/../../../../arm-none-eabi/lib/thumb/v6-m/nofp\libc_nano.a(lib_a-init.o)
                              c:/st/stm32cubeide_1.6.1/stm32cubeide/plugins/com.st.stm32cube.ide.mcu.externaltools.gnu-tools-for-stm32.9-2020-q2-update.win32_2.0.0.202105311346/tools/bin/../lib/gcc/arm-none-eabi/9.3.1/../../../../arm-none-eabi/lib/thumb/v6-m/nofp/crt0.o (__libc_init_array)
c:/st/stm32cubeide_1.6.1/stm32cubeide/plugins/com.st.stm32cube.ide.mcu.externaltools.gnu-tools-for-stm32.9-2020-q2-update.win32_2.0.0.202105311346/tools/bin/../lib/gcc/arm-none-eabi/9.3.1/../../../../arm-none-eabi/lib/thumb/v6-m/nofp\libc_nano.a(lib_a-memset.o)
                              c:/st/stm32cubeide_1.6.1/stm32cubeide/plugins/com.st.stm32cube.ide.mcu.externaltools.gnu-tools-for-stm32.9-2020-q2-update.win32_2.0.0.202105311346/tools/bin/../lib/gcc/arm-none-eabi/9.3.1/../../../../arm-none-eabi/lib/thumb/v6-m/nofp/crt0.o (memset)
c:/st/stm32cubeide_1.6.1/stm32cubeide/plugins/com.st.stm32cube.ide.mcu.externaltools.gnu-tools-for-stm32.9-2020-q2-update.win32_2.0.0.202105311346/tools/bin/../lib/gcc/arm-none-eabi/9.3.1/../../../../arm-none-eabi/lib/thumb/v6-m/nofp\libc_nano.a(lib_a-sprintf.o)
                              ./Core/Src/BSL.o (sprintf)
c:/st/stm32cubeide_1.6.1/stm32cubeide/plugins/com.st.stm32cube.ide.mcu.externaltools.gnu-tools-for-stm32.9-2020-q2-update.win32_2.0.0.202105311346/tools/bin/../lib/gcc/arm-none-eabi/9.3.1/../../../../arm-none-eabi/lib/thumb/v6-m/nofp\libc_nano.a(lib_a-nano-svfprintf.o)
                              c:/st/stm32cubeide_1.6.1/stm32cubeide/plugins/com.st.stm32cube.ide.mcu.externaltools.gnu-tools-for-stm32.9-2020-q2-update.win32_2.0.0.202105311346/tools/bin/../lib/gcc/arm-none-eabi/9.3.1/../../../../arm-none-eabi/lib/thumb/v6-m/nofp\libc_nano.a(lib_a-sprintf.o) (_svfprintf_r)
c:/st/stm32cubeide_1.6.1/stm32cubeide/plugins/com.st.stm32cube.ide.mcu.externaltools.gnu-tools-for-stm32.9-2020-q2-update.win32_2.0.0.202105311346/tools/bin/../lib/gcc/arm-none-eabi/9.3.1/../../../../arm-none-eabi/lib/thumb/v6-m/nofp\libc_nano.a(lib_a-nano-vfprintf_i.o)
                              c:/st/stm32cubeide_1.6.1/stm32cubeide/plugins/com.st.stm32cube.ide.mcu.externaltools.gnu-tools-for-stm32.9-2020-q2-update.win32_2.0.0.202105311346/tools/bin/../lib/gcc/arm-none-eabi/9.3.1/../../../../arm-none-eabi/lib/thumb/v6-m/nofp\libc_nano.a(lib_a-nano-svfprintf.o) (_printf_i)
c:/st/stm32cubeide_1.6.1/stm32cubeide/plugins/com.st.stm32cube.ide.mcu.externaltools.gnu-tools-for-stm32.9-2020-q2-update.win32_2.0.0.202105311346/tools/bin/../lib/gcc/arm-none-eabi/9.3.1/../../../../arm-none-eabi/lib/thumb/v6-m/nofp\libc_nano.a(lib_a-memchr-stub.o)
                              c:/st/stm32cubeide_1.6.1/stm32cubeide/plugins/com.st.stm32cube.ide.mcu.externaltools.gnu-tools-for-stm32.9-2020-q2-update.win32_2.0.0.202105311346/tools/bin/../lib/gcc/arm-none-eabi/9.3.1/../../../../arm-none-eabi/lib/thumb/v6-m/nofp\libc_nano.a(lib_a-nano-svfprintf.o) (memchr)
c:/st/stm32cubeide_1.6.1/stm32cubeide/plugins/com.st.stm32cube.ide.mcu.externaltools.gnu-tools-for-stm32.9-2020-q2-update.win32_2.0.0.202105311346/tools/bin/../lib/gcc/arm-none-eabi/9.3.1/../../../../arm-none-eabi/lib/thumb/v6-m/nofp\libc_nano.a(lib_a-memcpy-stub.o)
[...]
Memory Configuration

Name             Origin             Length             Attributes
RAM              0x0000000020000000 0x0000000000004000 xrw
FLASH            0x0000000008000000 0x0000000000020000 xr
*default*        0x0000000000000000 0xffffffffffffffff

Linker script and memory map

LOAD c:/st/stm32cubeide_1.6.1/stm32cubeide/plugins/com.st.stm32cube.ide.mcu.externaltools.gnu-tools-for-stm32.9-2020-q2-update.win32_2.0.0.202105311346/tools/bin/../lib/gcc/arm-none-eabi/9.3.1/thumb/v6-m/nofp/crti.o
LOAD c:/st/stm32cubeide_1.6.1/stm32cubeide/plugins/com.st.stm32cube.ide.mcu.externaltools.gnu-tools-for-stm32.9-2020-q2-update.win32_2.0.0.202105311346/tools/bin/../lib/gcc/arm-none-eabi/9.3.1/thumb/v6-m/nofp/crtbegin.o
LOAD c:/st/stm32cubeide_1.6.1/stm32cubeide/plugins/com.st.stm32cube.ide.mcu.externaltools.gnu-tools-for-stm32.9-2020-q2-update.win32_2.0.0.202105311346/tools/bin/../lib/gcc/arm-none-eabi/9.3.1/../../../../arm-none-eabi/lib/thumb/v6-m/nofp/crt0.o
LOAD ./Core/Src/BSL.o
LOAD ./Core/Src/fonts.o
LOAD ./Core/Src/main.o
LOAD ./Core/Src/stm32f0xx_it.o
LOAD ./Core/Src/syscalls.o
LOAD ./Core/Src/sysmem.o
LOAD ./Core/Src/system_stm32f0xx.o
LOAD ./Core/Startup/startup_stm32f072rbtx.o
LOAD ./Drivers/STM32F0xx_HAL_Driver/Src/stm32f0xx_ll_dma.o
LOAD ./Drivers/STM32F0xx_HAL_Driver/Src/stm32f0xx_ll_exti.o
LOAD ./Drivers/STM32F0xx_HAL_Driver/Src/stm32f0xx_ll_gpio.o
LOAD ./Drivers/STM32F0xx_HAL_Driver/Src/stm32f0xx_ll_i2c.o
LOAD ./Drivers/STM32F0xx_HAL_Driver/Src/stm32f0xx_ll_pwr.o
LOAD ./Drivers/STM32F0xx_HAL_Driver/Src/stm32f0xx_ll_rcc.o
LOAD ./Drivers/STM32F0xx_HAL_Driver/Src/stm32f0xx_ll_tim.o
LOAD ./Drivers/STM32F0xx_HAL_Driver/Src/stm32f0xx_ll_usart.o
LOAD ./Drivers/STM32F0xx_HAL_Driver/Src/stm32f0xx_ll_utils.o
START GROUP
LOAD c:/st/stm32cubeide_1.6.1/stm32cubeide/plugins/com.st.stm32cube.ide.mcu.externaltools.gnu-tools-for-stm32.9-2020-q2-update.win32_2.0.0.202105311346/tools/bin/../lib/gcc/arm-none-eabi/9.3.1/../../../../arm-none-eabi/lib/thumb/v6-m/nofp\libc_nano.a
LOAD c:/st/stm32cubeide_1.6.1/stm32cubeide/plugins/com.st.stm32cube.ide.mcu.externaltools.gnu-tools-for-stm32.9-2020-q2-update.win32_2.0.0.202105311346/tools/bin/../lib/gcc/arm-none-eabi/9.3.1/../../../../arm-none-eabi/lib/thumb/v6-m/nofp\libm.a
END GROUP
START GROUP
LOAD c:/st/stm32cubeide_1.6.1/stm32cubeide/plugins/com.st.stm32cube.ide.mcu.externaltools.gnu-tools-for-stm32.9-2020-q2-update.win32_2.0.0.202105311346/tools/bin/../lib/gcc/arm-none-eabi/9.3.1/thumb/v6-m/nofp\libgcc.a
LOAD c:/st/stm32cubeide_1.6.1/stm32cubeide/plugins/com.st.stm32cube.ide.mcu.externaltools.gnu-tools-for-stm32.9-2020-q2-update.win32_2.0.0.202105311346/tools/bin/../lib/gcc/arm-none-eabi/9.3.1/../../../../arm-none-eabi/lib/thumb/v6-m/nofp\libc_nano.a
END GROUP
START GROUP
LOAD c:/st/stm32cubeide_1.6.1/stm32cubeide/plugins/com.st.stm32cube.ide.mcu.externaltools.gnu-tools-for-stm32.9-2020-q2-update.win32_2.0.0.202105311346/tools/bin/../lib/gcc/arm-none-eabi/9.3.1/thumb/v6-m/nofp\libgcc.a
LOAD c:/st/stm32cubeide_1.6.1/stm32cubeide/plugins/com.st.stm32cube.ide.mcu.externaltools.gnu-tools-for-stm32.9-2020-q2-update.win32_2.0.0.202105311346/tools/bin/../lib/gcc/arm-none-eabi/9.3.1/../../../../arm-none-eabi/lib/thumb/v6-m/nofp\libc_nano.a
LOAD c:/st/stm32cubeide_1.6.1/stm32cubeide/plugins/com.st.stm32cube.ide.mcu.externaltools.gnu-tools-for-stm32.9-2020-q2-update.win32_2.0.0.202105311346/tools/bin/../lib/gcc/arm-none-eabi/9.3.1/../../../../arm-none-eabi/lib/thumb/v6-m/nofp\libnosys.a
END GROUP
START GROUP
LOAD c:/st/stm32cubeide_1.6.1/stm32cubeide/plugins/com.st.stm32cube.ide.mcu.externaltools.gnu-tools-for-stm32.9-2020-q2-update.win32_2.0.0.202105311346/tools/bin/../lib/gcc/arm-none-eabi/9.3.1/thumb/v6-m/nofp\libgcc.a
LOAD c:/st/stm32cubeide_1.6.1/stm32cubeide/plugins/com.st.stm32cube.ide.mcu.externaltools.gnu-tools-for-stm32.9-2020-q2-update.win32_2.0.0.202105311346/tools/bin/../lib/gcc/arm-none-eabi/9.3.1/../../../../arm-none-eabi/lib/thumb/v6-m/nofp\libc_nano.a
LOAD c:/st/stm32cubeide_1.6.1/stm32cubeide/plugins/com.st.stm32cube.ide.mcu.externaltools.gnu-tools-for-stm32.9-2020-q2-update.win32_2.0.0.202105311346/tools/bin/../lib/gcc/arm-none-eabi/9.3.1/../../../../arm-none-eabi/lib/thumb/v6-m/nofp\libnosys.a
END GROUP
LOAD c:/st/stm32cubeide_1.6.1/stm32cubeide/plugins/com.st.stm32cube.ide.mcu.externaltools.gnu-tools-for-stm32.9-2020-q2-update.win32_2.0.0.202105311346/tools/bin/../lib/gcc/arm-none-eabi/9.3.1/thumb/v6-m/nofp/crtend.o
LOAD c:/st/stm32cubeide_1.6.1/stm32cubeide/plugins/com.st.stm32cube.ide.mcu.externaltools.gnu-tools-for-stm32.9-2020-q2-update.win32_2.0.0.202105311346/tools/bin/../lib/gcc/arm-none-eabi/9.3.1/thumb/v6-m/nofp/crtn.o
                0x0000000020004000                _estack = (ORIGIN (RAM) + LENGTH (RAM))
                0x0000000000000200                _Min_Heap_Size = 0x200
                0x0000000000000400                _Min_Stack_Size = 0x400

.isr_vector     0x0000000008000000       0xc0
                0x0000000008000000                . = ALIGN (0x4)
 *(.isr_vector)
 .isr_vector    0x0000000008000000       0xc0 ./Core/Startup/startup_stm32f072rbtx.o
                0x0000000008000000                g_pfnVectors
                0x00000000080000c0                . = ALIGN (0x4)

.text           0x00000000080000c0     0x32d0
                0x00000000080000c0                . = ALIGN (0x4)
 *(.text)
 .text          0x00000000080000c0       0x48 c:/st/stm32cubeide_1.6.1/stm32cubeide/plugins/com.st.stm32cube.ide.mcu.externaltools.gnu-tools-for-stm32.9-2020-q2-update.win32_2.0.0.202105311346/tools/bin/../lib/gcc/arm-none-eabi/9.3.1/thumb/v6-m/nofp/crtbegin.o
 .text          0x0000000008000108       0x14 c:/st/stm32cubeide_1.6.1/stm32cubeide/plugins/com.st.stm32cube.ide.mcu.externaltools.gnu-tools-for-stm32.9-2020-q2-update.win32_2.0.0.202105311346/tools/bin/../lib/gcc/arm-none-eabi/9.3.1/thumb/v6-m/nofp\libgcc.a(_thumb1_case_shi.o)
                0x0000000008000108                __gnu_thumb1_case_shi
 .text          0x000000000800011c      0x114 c:/st/stm32cubeide_1.6.1/stm32cubeide/plugins/com.st.stm32cube.ide.mcu.externaltools.gnu-tools-for-stm32.9-2020-q2-update.win32_2.0.0.202105311346/tools/bin/../lib/gcc/arm-none-eabi/9.3.1/thumb/v6-m/nofp\libgcc.a(_udivsi3.o)
                0x000000000800011c                __aeabi_uidiv
                0x000000000800011c                __udivsi3
                0x0000000008000228                __aeabi_uidivmod
 .text          0x0000000008000230        0x4 c:/st/stm32cubeide_1.6.1/stm32cubeide/plugins/com.st.stm32cube.ide.mcu.externaltools.gnu-tools-for-stm32.9-2020-q2-update.win32_2.0.0.202105311346/tools/bin/../lib/gcc/arm-none-eabi/9.3.1/thumb/v6-m/nofp\libgcc.a(_dvmd_tls.o)
                0x0000000008000230                __aeabi_idiv0
                0x0000000008000230                __aeabi_ldiv0
 .text          0x0000000008000234       0x6c c:/st/stm32cubeide_1.6.1/stm32cubeide/plugins/com.st.stm32cube.ide.mcu.externaltools.gnu-tools-for-stm32.9-2020-q2-update.win32_2.0.0.202105311346/tools/bin/../lib/gcc/arm-none-eabi/9.3.1/thumb/v6-m/nofp\libgcc.a(fixdfsi.o)
                0x0000000008000234                __aeabi_d2iz
 .text          0x00000000080002a0       0x4c c:/st/stm32cubeide_1.6.1/stm32cubeide/plugins/com.st.stm32cube.ide.mcu.externaltools.gnu-tools-for-stm32.9-2020-q2-update.win32_2.0.0.202105311346/tools/bin/../lib/gcc/arm-none-eabi/9.3.1/thumb/v6-m/nofp\libgcc.a(floatunsidf.o)
                0x00000000080002a0                __aeabi_ui2d
 .text          0x00000000080002ec       0x3c c:/st/stm32cubeide_1.6.1/stm32cubeide/plugins/com.st.stm32cube.ide.mcu.externaltools.gnu-tools-for-stm32.9-2020-q2-update.win32_2.0.0.202105311346/tools/bin/../lib/gcc/arm-none-eabi/9.3.1/thumb/v6-m/nofp\libgcc.a(_clzsi2.o)
                0x00000000080002ec                __clzsi2
 *(.text*)
 .text.LL_I2C_Enable
                0x0000000008000328       0x1c ./Core/Src/BSL.o
 .text.LL_I2C_IsActiveFlag_TXE
                0x0000000008000344       0x22 ./Core/Src/BSL.o
 .text.LL_I2C_IsActiveFlag_TC
                0x0000000008000366       0x22 ./Core/Src/BSL.o
 .text.LL_I2C_IsActiveFlag_BUSY
                0x0000000008000388       0x28 ./Core/Src/BSL.o
 .text.LL_I2C_SetTransferSize
                0x00000000080003b0       0x28 ./Core/Src/BSL.o
 .text.LL_I2C_AcknowledgeNextData
                0x00000000080003d8       0x28 ./Core/Src/BSL.o
 .text.LL_I2C_GenerateStopCondition
                0x0000000008000400       0x1e ./Core/Src/BSL.o
 *fill*         0x000000000800041e        0x2 
 .text.LL_I2C_SetTransferRequest
                0x0000000008000420       0x28 ./Core/Src/BSL.o
 .text.LL_I2C_SetSlaveAddr
                0x0000000008000448       0x22 ./Core/Src/BSL.o
 *fill*         0x000000000800046a        0x2 
 .text.LL_I2C_HandleTransfer
                0x000000000800046c       0x4c ./Core/Src/BSL.o
 .text.LL_I2C_TransmitData8
                0x00000000080004b8       0x1e ./Core/Src/BSL.o
 *fill*         0x00000000080004d6        0x2 
 .text.LL_AHB1_GRP1_EnableClock
                0x00000000080004d8       0x2c ./Core/Src/BSL.o
 .text.LL_SYSTICK_IsActiveCounterFlag
                0x0000000008000504       0x28 ./Core/Src/BSL.o
 .text.LL_SYSTICK_EnableIT
                0x000000000800052c       0x1c ./Core/Src/BSL.o
 .text.LL_TIM_EnableCounter
                0x0000000008000548       0x1c ./Core/Src/BSL.o
 .text.LL_TIM_SetCounter
                0x0000000008000564       0x18 ./Core/Src/BSL.o
 .text.LL_TIM_GetCounter
                0x000000000800057c       0x14 ./Core/Src/BSL.o
 .text.LL_TIM_ClearFlag_UPDATE
                0x0000000008000590       0x18 ./Core/Src/BSL.o
 .text.LL_TIM_GenerateEvent_UPDATE
                0x00000000080005a8       0x1c ./Core/Src/BSL.o
 .text.LL_USART_IsActiveFlag_TC
                0x00000000080005c4       0x22 ./Core/Src/BSL.o
 .text.LL_USART_ClearFlag_ORE
                0x00000000080005e6       0x16 ./Core/Src/BSL.o
 .text.LL_USART_EnableIT_RXNE
                0x00000000080005fc       0x3e ./Core/Src/BSL.o
 .text.LL_USART_EnableIT_ERROR
                0x000000000800063a       0x3e ./Core/Src/BSL.o
 .text.LL_USART_ReceiveData8
                0x0000000008000678       0x18 ./Core/Src/BSL.o
 .text.LL_USART_TransmitData8
                0x0000000008000690       0x20 ./Core/Src/BSL.o
 .text.LL_GPIO_SetPinMode
                0x00000000080006b0       0x38 ./Core/Src/BSL.o
 .text.LL_GPIO_SetPinOutputType
                0x00000000080006e8       0x2a ./Core/Src/BSL.o
 .text.LL_GPIO_SetPinSpeed
                0x0000000008000712       0x38 ./Core/Src/BSL.o
 .text.LL_GPIO_SetPinPull
                0x000000000800074a       0x38 ./Core/Src/BSL.o
 .text.LL_GPIO_IsInputPinSet
                0x0000000008000782       0x24 ./Core/Src/BSL.o
 .text.LL_GPIO_SetOutputPin
                0x00000000080007a6       0x18 ./Core/Src/BSL.o
 .text.LL_GPIO_ResetOutputPin
                0x00000000080007be       0x18 ./Core/Src/BSL.o
 .text.LL_GPIO_TogglePin
                0x00000000080007d6       0x2e ./Core/Src/BSL.o
 .text.I2C_Handle
                0x0000000008000804      0x138 ./Core/Src/BSL.o
 .text.BSL_Startup
                0x000000000800093c       0x22 ./Core/Src/BSL.o
                0x000000000800093c                BSL_Startup
 .text.BSL_Config
                0x000000000800095e        0xe ./Core/Src/BSL.o
                0x000000000800095e                BSL_Config
 .text.BSL_Control
                0x000000000800096c       0x24 ./Core/Src/BSL.o
                0x000000000800096c                BSL_Control
 .text.Display_Init
                0x0000000008000990      0x220 ./Core/Src/BSL.o
                0x0000000008000990                Display_Init
 .text.Display_Test
                0x0000000008000bb0       0x68 ./Core/Src/BSL.o
                0x0000000008000bb0                Display_Test
 .text.ssd1306_WriteCommand
                0x0000000008000c18       0x36 ./Core/Src/BSL.o
 *fill*         0x0000000008000c4e        0x2 
 .text.LED_Init
                0x0000000008000c50       0x28 ./Core/Src/BSL.o
                0x0000000008000c50                LED_Init
 .text.Init_TIM6
                0x0000000008000c78       0x28 ./Core/Src/BSL.o
                0x0000000008000c78                Init_TIM6
 .text.DHT11_Init
                0x0000000008000ca0       0x3c ./Core/Src/BSL.o
                0x0000000008000ca0                DHT11_Init
 .text.IIC_Start
                0x0000000008000cdc       0x40 ./Core/Src/BSL.o
                0x0000000008000cdc                IIC_Start
 .text.ReadDHT_Data
                0x0000000008000d1c       0xa0 ./Core/Src/BSL.o
                0x0000000008000d1c                ReadDHT_Data
 .text.ReadRawDHTData
                0x0000000008000dbc      0x1a8 ./Core/Src/BSL.o
                0x0000000008000dbc                ReadRawDHTData
 .text.Init_UART1
                0x0000000008000f64       0x28 ./Core/Src/BSL.o
                0x0000000008000f64                Init_UART1
 .text.USART_CharReception_Callback
                0x0000000008000f8c       0x70 ./Core/Src/BSL.o
                0x0000000008000f8c                USART_CharReception_Callback
 .text.DelayUs  0x0000000008000ffc       0x34 ./Core/Src/BSL.o
                0x0000000008000ffc                DelayUs
 .text.ssd1306_UpdateScreen
                0x0000000008001030       0xac ./Core/Src/BSL.o
                0x0000000008001030                ssd1306_UpdateScreen
 .text.ssd1306_Fill
                0x00000000080010dc       0x48 ./Core/Src/BSL.o
                0x00000000080010dc                ssd1306_Fill
 .text.ssd1306_WriteString
                0x0000000008001124       0x54 ./Core/Src/BSL.o
                0x0000000008001124                ssd1306_WriteString
 .text.ssd1306_DrawPixel
                0x0000000008001178       0xe0 ./Core/Src/BSL.o
                0x0000000008001178                ssd1306_DrawPixel
 .text.ssd1306_SetCursor
                0x0000000008001258       0x34 ./Core/Src/BSL.o
                0x0000000008001258                ssd1306_SetCursor
 .text.ssd1306_WriteChar
                0x000000000800128c      0x120 ./Core/Src/BSL.o
                0x000000000800128c                ssd1306_WriteChar
 .text.BSL_Tick
                0x00000000080013ac       0x7c ./Core/Src/BSL.o
                0x00000000080013ac                BSL_Tick
 .text.__NVIC_EnableIRQ
                0x0000000008001428       0x34 ./Core/Src/main.o
 .text.__NVIC_SetPriority
                0x000000000800145c       0xdc ./Core/Src/main.o
 .text.LL_I2C_EnableClockStretching
                0x0000000008001538       0x20 ./Core/Src/main.o
 .text.LL_I2C_DisableGeneralCall
                0x0000000008001558       0x20 ./Core/Src/main.o
 .text.LL_I2C_SetOwnAddress2
                0x0000000008001578       0x2c ./Core/Src/main.o
 .text.LL_I2C_DisableOwnAddress2
                0x00000000080015a4       0x20 ./Core/Src/main.o
 .text.LL_I2C_EnableAutoEndMode
                0x00000000080015c4       0x1e ./Core/Src/main.o
 *fill*         0x00000000080015e2        0x2 
 .text.LL_RCC_HSI_Enable
                0x00000000080015e4       0x1c ./Core/Src/main.o
 .text.LL_RCC_HSI_IsReady
                0x0000000008001600       0x20 ./Core/Src/main.o
 .text.LL_RCC_HSI_SetCalibTrimming
                0x0000000008001620       0x28 ./Core/Src/main.o
 .text.LL_RCC_SetSysClkSource
                0x0000000008001648       0x28 ./Core/Src/main.o
 .text.LL_RCC_GetSysClkSource
                0x0000000008001670       0x18 ./Core/Src/main.o
 .text.LL_RCC_SetAHBPrescaler
                0x0000000008001688       0x28 ./Core/Src/main.o
 .text.LL_RCC_SetAPB1Prescaler
                0x00000000080016b0       0x2c ./Core/Src/main.o
 .text.LL_RCC_SetUSARTClockSource
                0x00000000080016dc       0x34 ./Core/Src/main.o
 .text.LL_RCC_PLL_Enable
                0x0000000008001710       0x1c ./Core/Src/main.o
 .text.LL_RCC_PLL_IsReady
                0x000000000800172c       0x28 ./Core/Src/main.o
 .text.LL_RCC_PLL_ConfigDomain_SYS
                0x0000000008001754       0x44 ./Core/Src/main.o
 .text.LL_AHB1_GRP1_EnableClock
                0x0000000008001798       0x2c ./Core/Src/main.o
 .text.LL_APB1_GRP1_EnableClock
                0x00000000080017c4       0x2c ./Core/Src/main.o
 .text.LL_APB1_GRP2_EnableClock
                0x00000000080017f0       0x2c ./Core/Src/main.o
 .text.LL_FLASH_SetLatency
                0x000000000800181c       0x28 ./Core/Src/main.o
 .text.LL_FLASH_GetLatency
                0x0000000008001844       0x18 ./Core/Src/main.o
 .text.LL_TIM_DisableARRPreload
                0x000000000800185c       0x1e ./Core/Src/main.o
 .text.LL_TIM_SetTriggerOutput
                0x000000000800187a       0x24 ./Core/Src/main.o
 .text.LL_TIM_DisableMasterSlaveMode
                0x000000000800189e       0x1e ./Core/Src/main.o
 .text.LL_USART_Enable
                0x00000000080018bc       0x1c ./Core/Src/main.o
 .text.LL_USART_ConfigAsyncMode
                0x00000000080018d8       0x30 ./Core/Src/main.o
 .text.LL_USART_DisableIT_CTS
                0x0000000008001908       0x44 ./Core/Src/main.o
 .text.LL_GPIO_ResetOutputPin
                0x000000000800194c       0x18 ./Core/Src/main.o
 .text.main     0x0000000008001964       0x36 ./Core/Src/main.o
                0x0000000008001964                main
 *fill*         0x000000000800199a        0x2 
 .text.SystemClock_Config
                0x000000000800199c       0x8c ./Core/Src/main.o
                0x000000000800199c                SystemClock_Config
 .text.MX_I2C2_Init
                0x0000000008001a28      0x114 ./Core/Src/main.o
                0x0000000008001a28                MX_I2C2_Init
 .text.MX_TIM6_Init
                0x0000000008001b3c       0x64 ./Core/Src/main.o
 .text.MX_USART1_UART_Init
                0x0000000008001ba0      0x10c ./Core/Src/main.o
 .text.MX_GPIO_Init
                0x0000000008001cac      0x13c ./Core/Src/main.o
 .text.LL_USART_IsActiveFlag_RXNE
                0x0000000008001de8       0x22 ./Core/Src/stm32f0xx_it.o
 .text.LL_USART_IsEnabledIT_RXNE
                0x0000000008001e0a       0x22 ./Core/Src/stm32f0xx_it.o
 .text.NMI_Handler
                0x0000000008001e2c        0x6 ./Core/Src/stm32f0xx_it.o
                0x0000000008001e2c                NMI_Handler
 .text.HardFault_Handler
                0x0000000008001e32        0x6 ./Core/Src/stm32f0xx_it.o
                0x0000000008001e32                HardFault_Handler
 .text.SVC_Handler
                0x0000000008001e38        0xa ./Core/Src/stm32f0xx_it.o
                0x0000000008001e38                SVC_Handler
 .text.PendSV_Handler
                0x0000000008001e42        0xa ./Core/Src/stm32f0xx_it.o
                0x0000000008001e42                PendSV_Handler
 .text.SysTick_Handler
                0x0000000008001e4c        0xe ./Core/Src/stm32f0xx_it.o
                0x0000000008001e4c                SysTick_Handler
 *fill*         0x0000000008001e5a        0x2 
 .text.USART1_IRQHandler
                0x0000000008001e5c       0x2c ./Core/Src/stm32f0xx_it.o
                0x0000000008001e5c                USART1_IRQHandler
 .text._sbrk    0x0000000008001e88       0x6c ./Core/Src/sysmem.o
                0x0000000008001e88                _sbrk
 .text.SystemInit
                0x0000000008001ef4        0xa ./Core/Src/system_stm32f0xx.o
                0x0000000008001ef4                SystemInit
 *fill*         0x0000000008001efe        0x2 
 .text.Reset_Handler
                0x0000000008001f00       0x50 ./Core/Startup/startup_stm32f072rbtx.o
                0x0000000008001f00                Reset_Handler
 .text.Default_Handler
                0x0000000008001f50        0x2 ./Core/Startup/startup_stm32f072rbtx.o
                0x0000000008001f50                TIM1_CC_IRQHandler
                0x0000000008001f50                TSC_IRQHandler
                0x0000000008001f50                ADC1_COMP_IRQHandler
                0x0000000008001f50                I2C1_IRQHandler
                0x0000000008001f50                RCC_CRS_IRQHandler
                0x0000000008001f50                SPI1_IRQHandler
                0x0000000008001f50                TIM6_DAC_IRQHandler
                0x0000000008001f50                USART3_4_IRQHandler
                0x0000000008001f50                EXTI2_3_IRQHandler
                0x0000000008001f50                I2C2_IRQHandler
                0x0000000008001f50                TIM17_IRQHandler
                0x0000000008001f50                CEC_CAN_IRQHandler
                0x0000000008001f50                RTC_IRQHandler
                0x0000000008001f50                PVD_VDDIO2_IRQHandler
                0x0000000008001f50                DMA1_Channel4_5_6_7_IRQHandler
                0x0000000008001f50                TIM16_IRQHandler
                0x0000000008001f50                TIM3_IRQHandler
                0x0000000008001f50                EXTI4_15_IRQHandler
                0x0000000008001f50                DMA1_Channel1_IRQHandler
                0x0000000008001f50                Default_Handler
                0x0000000008001f50                TIM14_IRQHandler
                0x0000000008001f50                TIM7_IRQHandler
                0x0000000008001f50                TIM15_IRQHandler
                0x0000000008001f50                EXTI0_1_IRQHandler
                0x0000000008001f50                USB_IRQHandler
                0x0000000008001f50                SPI2_IRQHandler
                0x0000000008001f50                WWDG_IRQHandler
                0x0000000008001f50                TIM2_IRQHandler
                0x0000000008001f50                DMA1_Channel2_3_IRQHandler
                0x0000000008001f50                USART2_IRQHandler
                0x0000000008001f50                FLASH_IRQHandler
                0x0000000008001f50                TIM1_BRK_UP_TRG_COM_IRQHandler
 .text.LL_GPIO_SetPinMode
                0x0000000008001f52       0x38 ./Drivers/STM32F0xx_HAL_Driver/Src/stm32f0xx_ll_gpio.o
 .text.LL_GPIO_SetPinOutputType
                0x0000000008001f8a       0x2a ./Drivers/STM32F0xx_HAL_Driver/Src/stm32f0xx_ll_gpio.o
 .text.LL_GPIO_SetPinSpeed
                0x0000000008001fb4       0x38 ./Drivers/STM32F0xx_HAL_Driver/Src/stm32f0xx_ll_gpio.o
 .text.LL_GPIO_SetPinPull
                0x0000000008001fec       0x38 ./Drivers/STM32F0xx_HAL_Driver/Src/stm32f0xx_ll_gpio.o
 .text.LL_GPIO_SetAFPin_0_7
                0x0000000008002024       0x46 ./Drivers/STM32F0xx_HAL_Driver/Src/stm32f0xx_ll_gpio.o
 .text.LL_GPIO_SetAFPin_8_15
                0x000000000800206a       0x5a ./Drivers/STM32F0xx_HAL_Driver/Src/stm32f0xx_ll_gpio.o
 .text.LL_GPIO_Init
                0x00000000080020c4       0xb8 ./Drivers/STM32F0xx_HAL_Driver/Src/stm32f0xx_ll_gpio.o
                0x00000000080020c4                LL_GPIO_Init
 .text.LL_I2C_Enable
                0x000000000800217c       0x1c ./Drivers/STM32F0xx_HAL_Driver/Src/stm32f0xx_ll_i2c.o
 .text.LL_I2C_Disable
                0x0000000008002198       0x1e ./Drivers/STM32F0xx_HAL_Driver/Src/stm32f0xx_ll_i2c.o
 *fill*         0x00000000080021b6        0x2 
 .text.LL_I2C_ConfigFilters
                0x00000000080021b8       0x30 ./Drivers/STM32F0xx_HAL_Driver/Src/stm32f0xx_ll_i2c.o
 .text.LL_I2C_SetOwnAddress1
                0x00000000080021e8       0x28 ./Drivers/STM32F0xx_HAL_Driver/Src/stm32f0xx_ll_i2c.o
 .text.LL_I2C_EnableOwnAddress1
                0x0000000008002210       0x1e ./Drivers/STM32F0xx_HAL_Driver/Src/stm32f0xx_ll_i2c.o
 *fill*         0x000000000800222e        0x2 
 .text.LL_I2C_DisableOwnAddress1
                0x0000000008002230       0x20 ./Drivers/STM32F0xx_HAL_Driver/Src/stm32f0xx_ll_i2c.o
 .text.LL_I2C_SetTiming
                0x0000000008002250       0x18 ./Drivers/STM32F0xx_HAL_Driver/Src/stm32f0xx_ll_i2c.o
 .text.LL_I2C_SetMode
                0x0000000008002268       0x28 ./Drivers/STM32F0xx_HAL_Driver/Src/stm32f0xx_ll_i2c.o
 .text.LL_I2C_AcknowledgeNextData
                0x0000000008002290       0x28 ./Drivers/STM32F0xx_HAL_Driver/Src/stm32f0xx_ll_i2c.o
 .text.LL_I2C_Init
                0x00000000080022b8       0x86 ./Drivers/STM32F0xx_HAL_Driver/Src/stm32f0xx_ll_i2c.o
                0x00000000080022b8                LL_I2C_Init
 *fill*         0x000000000800233e        0x2 
 .text.LL_RCC_HSI_IsReady
                0x0000000008002340       0x20 ./Drivers/STM32F0xx_HAL_Driver/Src/stm32f0xx_ll_rcc.o
 .text.LL_RCC_LSE_IsReady
                0x0000000008002360       0x20 ./Drivers/STM32F0xx_HAL_Driver/Src/stm32f0xx_ll_rcc.o
 .text.LL_RCC_GetSysClkSource
                0x0000000008002380       0x18 ./Drivers/STM32F0xx_HAL_Driver/Src/stm32f0xx_ll_rcc.o
 .text.LL_RCC_GetAHBPrescaler
                0x0000000008002398       0x18 ./Drivers/STM32F0xx_HAL_Driver/Src/stm32f0xx_ll_rcc.o
 .text.LL_RCC_GetAPB1Prescaler
                0x00000000080023b0       0x18 ./Drivers/STM32F0xx_HAL_Driver/Src/stm32f0xx_ll_rcc.o
 .text.LL_RCC_GetUSARTClockSource
                0x00000000080023c8       0x28 ./Drivers/STM32F0xx_HAL_Driver/Src/stm32f0xx_ll_rcc.o
 .text.LL_RCC_PLL_GetMainSource
                0x00000000080023f0       0x18 ./Drivers/STM32F0xx_HAL_Driver/Src/stm32f0xx_ll_rcc.o
 .text.LL_RCC_PLL_GetMultiplicator
                0x0000000008002408       0x18 ./Drivers/STM32F0xx_HAL_Driver/Src/stm32f0xx_ll_rcc.o
 .text.LL_RCC_PLL_GetPrediv
                0x0000000008002420       0x18 ./Drivers/STM32F0xx_HAL_Driver/Src/stm32f0xx_ll_rcc.o
 .text.LL_RCC_GetSystemClocksFreq
                0x0000000008002438       0x3a ./Drivers/STM32F0xx_HAL_Driver/Src/stm32f0xx_ll_rcc.o
                0x0000000008002438                LL_RCC_GetSystemClocksFreq
 *fill*         0x0000000008002472        0x2 
 .text.LL_RCC_GetUSARTClockFreq
                0x0000000008002474      0x108 ./Drivers/STM32F0xx_HAL_Driver/Src/stm32f0xx_ll_rcc.o
                0x0000000008002474                LL_RCC_GetUSARTClockFreq
 .text.RCC_GetSystemClockFreq
                0x000000000800257c       0x5c ./Drivers/STM32F0xx_HAL_Driver/Src/stm32f0xx_ll_rcc.o
                0x000000000800257c                RCC_GetSystemClockFreq
 .text.RCC_GetHCLKClockFreq
                0x00000000080025d8       0x2c ./Drivers/STM32F0xx_HAL_Driver/Src/stm32f0xx_ll_rcc.o
                0x00000000080025d8                RCC_GetHCLKClockFreq
 .text.RCC_GetPCLK1ClockFreq
                0x0000000008002604       0x28 ./Drivers/STM32F0xx_HAL_Driver/Src/stm32f0xx_ll_rcc.o
                0x0000000008002604                RCC_GetPCLK1ClockFreq
 .text.RCC_PLL_GetFreqDomain_SYS
                0x000000000800262c       0x90 ./Drivers/STM32F0xx_HAL_Driver/Src/stm32f0xx_ll_rcc.o
                0x000000000800262c                RCC_PLL_GetFreqDomain_SYS
 .text.LL_TIM_SetPrescaler
                0x00000000080026bc       0x18 ./Drivers/STM32F0xx_HAL_Driver/Src/stm32f0xx_ll_tim.o
 .text.LL_TIM_SetAutoReload
                0x00000000080026d4       0x18 ./Drivers/STM32F0xx_HAL_Driver/Src/stm32f0xx_ll_tim.o
 .text.LL_TIM_SetRepetitionCounter
                0x00000000080026ec       0x18 ./Drivers/STM32F0xx_HAL_Driver/Src/stm32f0xx_ll_tim.o
 .text.LL_TIM_GenerateEvent_UPDATE
                0x0000000008002704       0x1c ./Drivers/STM32F0xx_HAL_Driver/Src/stm32f0xx_ll_tim.o
 .text.LL_TIM_Init
                0x0000000008002720      0x104 ./Drivers/STM32F0xx_HAL_Driver/Src/stm32f0xx_ll_tim.o
                0x0000000008002720                LL_TIM_Init
 .text.LL_USART_IsEnabled
                0x0000000008002824       0x22 ./Drivers/STM32F0xx_HAL_Driver/Src/stm32f0xx_ll_usart.o
 *fill*         0x0000000008002846        0x2 
 .text.LL_USART_SetStopBitsLength
                0x0000000008002848       0x28 ./Drivers/STM32F0xx_HAL_Driver/Src/stm32f0xx_ll_usart.o
 .text.LL_USART_SetHWFlowCtrl
                0x0000000008002870       0x28 ./Drivers/STM32F0xx_HAL_Driver/Src/stm32f0xx_ll_usart.o
 .text.LL_USART_SetBaudRate
                0x0000000008002898       0x78 ./Drivers/STM32F0xx_HAL_Driver/Src/stm32f0xx_ll_usart.o
 .text.LL_USART_Init
                0x0000000008002910      0x104 ./Drivers/STM32F0xx_HAL_Driver/Src/stm32f0xx_ll_usart.o
                0x0000000008002910                LL_USART_Init
 .text.LL_InitTick
                0x0000000008002a14       0x34 ./Drivers/STM32F0xx_HAL_Driver/Src/stm32f0xx_ll_utils.o
 .text.LL_Init1msTick
                0x0000000008002a48       0x1e ./Drivers/STM32F0xx_HAL_Driver/Src/stm32f0xx_ll_utils.o
                0x0000000008002a48                LL_Init1msTick
 *fill*         0x0000000008002a66        0x2 
 .text.LL_mDelay
                0x0000000008002a68       0x44 ./Drivers/STM32F0xx_HAL_Driver/Src/stm32f0xx_ll_utils.o
                0x0000000008002a68                LL_mDelay
 .text.LL_SetSystemCoreClock
                0x0000000008002aac       0x1c ./Drivers/STM32F0xx_HAL_Driver/Src/stm32f0xx_ll_utils.o
                0x0000000008002aac                LL_SetSystemCoreClock
 .text.__errno  0x0000000008002ac8        0xc c:/st/stm32cubeide_1.6.1/stm32cubeide/plugins/com.st.stm32cube.ide.mcu.externaltools.gnu-tools-for-stm32.9-2020-q2-update.win32_2.0.0.202105311346/tools/bin/../lib/gcc/arm-none-eabi/9.3.1/../../../../arm-none-eabi/lib/thumb/v6-m/nofp\libc_nano.a(lib_a-errno.o)
                0x0000000008002ac8                __errno
 .text.__libc_init_array
                0x0000000008002ad4       0x48 c:/st/stm32cubeide_1.6.1/stm32cubeide/plugins/com.st.stm32cube.ide.mcu.externaltools.gnu-tools-for-stm32.9-2020-q2-update.win32_2.0.0.202105311346/tools/bin/../lib/gcc/arm-none-eabi/9.3.1/../../../../arm-none-eabi/lib/thumb/v6-m/nofp\libc_nano.a(lib_a-init.o)
                0x0000000008002ad4                __libc_init_array
 .text.memset   0x0000000008002b1c       0x10 c:/st/stm32cubeide_1.6.1/stm32cubeide/plugins/com.st.stm32cube.ide.mcu.externaltools.gnu-tools-for-stm32.9-2020-q2-update.win32_2.0.0.202105311346/tools/bin/../lib/gcc/arm-none-eabi/9.3.1/../../../../arm-none-eabi/lib/thumb/v6-m/nofp\libc_nano.a(lib_a-memset.o)
                0x0000000008002b1c                memset
 .text.sprintf  0x0000000008002b2c       0x40 c:/st/stm32cubeide_1.6.1/stm32cubeide/plugins/com.st.stm32cube.ide.mcu.externaltools.gnu-tools-for-stm32.9-2020-q2-update.win32_2.0.0.202105311346/tools/bin/../lib/gcc/arm-none-eabi/9.3.1/../../../../arm-none-eabi/lib/thumb/v6-m/nofp\libc_nano.a(lib_a-sprintf.o)
                0x0000000008002b2c                siprintf
                0x0000000008002b2c                sprintf
 .text.__ssputs_r
                0x0000000008002b6c       0xc4 c:/st/stm32cubeide_1.6.1/stm32cubeide/plugins/com.st.stm32cube.ide.mcu.externaltools.gnu-tools-for-stm32.9-2020-q2-update.win32_2.0.0.202105311346/tools/bin/../lib/gcc/arm-none-eabi/9.3.1/../../../../arm-none-eabi/lib/thumb/v6-m/nofp\libc_nano.a(lib_a-nano-svfprintf.o)
                0x0000000008002b6c                __ssputs_r
 .text._svfprintf_r
                0x0000000008002c30      0x200 c:/st/stm32cubeide_1.6.1/stm32cubeide/plugins/com.st.stm32cube.ide.mcu.externaltools.gnu-tools-for-stm32.9-2020-q2-update.win32_2.0.0.202105311346/tools/bin/../lib/gcc/arm-none-eabi/9.3.1/../../../../arm-none-eabi/lib/thumb/v6-m/nofp\libc_nano.a(lib_a-nano-svfprintf.o)
                0x0000000008002c30                _svfiprintf_r
                0x0000000008002c30                _svfprintf_r
 .text._printf_common
                0x0000000008002e30       0xde c:/st/stm32cubeide_1.6.1/stm32cubeide/plugins/com.st.stm32cube.ide.mcu.externaltools.gnu-tools-for-stm32.9-2020-q2-update.win32_2.0.0.202105311346/tools/bin/../lib/gcc/arm-none-eabi/9.3.1/../../../../arm-none-eabi/lib/thumb/v6-m/nofp\libc_nano.a(lib_a-nano-vfprintf_i.o)
                0x0000000008002e30                _printf_common
 *fill*         0x0000000008002f0e        0x2 
 .text._printf_i
                0x0000000008002f10      0x224 c:/st/stm32cubeide_1.6.1/stm32cubeide/plugins/com.st.stm32cube.ide.mcu.externaltools.gnu-tools-for-stm32.9-2020-q2-update.win32_2.0.0.202105311346/tools/bin/../lib/gcc/arm-none-eabi/9.3.1/../../../../arm-none-eabi/lib/thumb/v6-m/nofp\libc_nano.a(lib_a-nano-vfprintf_i.o)
                0x0000000008002f10                _printf_i
 .text.memchr   0x0000000008003134       0x16 c:/st/stm32cubeide_1.6.1/stm32cubeide/plugins/com.st.stm32cube.ide.mcu.externaltools.gnu-tools-for-stm32.9-2020-q2-update.win32_2.0.0.202105311346/tools/bin/../lib/gcc/arm-none-eabi/9.3.1/../../../../arm-none-eabi/lib/thumb/v6-m/nofp\libc_nano.a(lib_a-memchr-stub.o)
                0x0000000008003134                memchr
 .text.memcpy   0x000000000800314a       0x12 c:/st/stm32cubeide_1.6.1/stm32cubeide/plugins/com.st.stm32cube.ide.mcu.externaltools.gnu-tools-for-stm32.9-2020-q2-update.win32_2.0.0.202105311346/tools/bin/../lib/gcc/arm-none-eabi/9.3.1/../../../../arm-none-eabi/lib/thumb/v6-m/nofp\libc_nano.a(lib_a-memcpy-stub.o)
                0x000000000800314a                memcpy
 .text.memmove  0x000000000800315c       0x26 c:/st/stm32cubeide_1.6.1/stm32cubeide/plugins/com.st.stm32cube.ide.mcu.externaltools.gnu-tools-for-stm32.9-2020-q2-update.win32_2.0.0.202105311346/tools/bin/../lib/gcc/arm-none-eabi/9.3.1/../../../../arm-none-eabi/lib/thumb/v6-m/nofp\libc_nano.a(lib_a-memmove.o)
                0x000000000800315c                memmove
 *fill*         0x0000000008003182        0x2 
 .text._free_r  0x0000000008003184       0x94 c:/st/stm32cubeide_1.6.1/stm32cubeide/plugins/com.st.stm32cube.ide.mcu.externaltools.gnu-tools-for-stm32.9-2020-q2-update.win32_2.0.0.202105311346/tools/bin/../lib/gcc/arm-none-eabi/9.3.1/../../../../arm-none-eabi/lib/thumb/v6-m/nofp\libc_nano.a(lib_a-nano-freer.o)
                0x0000000008003184                _free_r
 .text._malloc_r
                0x0000000008003218       0xbc c:/st/stm32cubeide_1.6.1/stm32cubeide/plugins/com.st.stm32cube.ide.mcu.externaltools.gnu-tools-for-stm32.9-2020-q2-update.win32_2.0.0.202105311346/tools/bin/../lib/gcc/arm-none-eabi/9.3.1/../../../../arm-none-eabi/lib/thumb/v6-m/nofp\libc_nano.a(lib_a-nano-mallocr.o)
                0x0000000008003218                _malloc_r
 .text._realloc_r
                0x00000000080032d4       0x4c c:/st/stm32cubeide_1.6.1/stm32cubeide/plugins/com.st.stm32cube.ide.mcu.externaltools.gnu-tools-for-stm32.9-2020-q2-update.win32_2.0.0.202105311346/tools/bin/../lib/gcc/arm-none-eabi/9.3.1/../../../../arm-none-eabi/lib/thumb/v6-m/nofp\libc_nano.a(lib_a-nano-reallocr.o)
                0x00000000080032d4                _realloc_r
 .text._sbrk_r  0x0000000008003320       0x24 c:/st/stm32cubeide_1.6.1/stm32cubeide/plugins/com.st.stm32cube.ide.mcu.externaltools.gnu-tools-for-stm32.9-2020-q2-update.win32_2.0.0.202105311346/tools/bin/../lib/gcc/arm-none-eabi/9.3.1/../../../../arm-none-eabi/lib/thumb/v6-m/nofp\libc_nano.a(lib_a-sbrkr.o)
                0x0000000008003320                _sbrk_r
 .text.__malloc_lock
                0x0000000008003344       0x10 c:/st/stm32cubeide_1.6.1/stm32cubeide/plugins/com.st.stm32cube.ide.mcu.externaltools.gnu-tools-for-stm32.9-2020-q2-update.win32_2.0.0.202105311346/tools/bin/../lib/gcc/arm-none-eabi/9.3.1/../../../../arm-none-eabi/lib/thumb/v6-m/nofp\libc_nano.a(lib_a-mlock.o)
                0x0000000008003344                __malloc_lock
 .text.__malloc_unlock
                0x0000000008003354       0x10 c:/st/stm32cubeide_1.6.1/stm32cubeide/plugins/com.st.stm32cube.ide.mcu.externaltools.gnu-tools-for-stm32.9-2020-q2-update.win32_2.0.0.202105311346/tools/bin/../lib/gcc/arm-none-eabi/9.3.1/../../../../arm-none-eabi/lib/thumb/v6-m/nofp\libc_nano.a(lib_a-mlock.o)
                0x0000000008003354                __malloc_unlock
 .text._malloc_usable_size_r
                0x0000000008003364       0x10 c:/st/stm32cubeide_1.6.1/stm32cubeide/plugins/com.st.stm32cube.ide.mcu.externaltools.gnu-tools-for-stm32.9-2020-q2-update.win32_2.0.0.202105311346/tools/bin/../lib/gcc/arm-none-eabi/9.3.1/../../../../arm-none-eabi/lib/thumb/v6-m/nofp\libc_nano.a(lib_a-nano-msizer.o)
                0x0000000008003364                _malloc_usable_size_r
 .text.__retarget_lock_acquire_recursive
                0x0000000008003374        0x2 c:/st/stm32cubeide_1.6.1/stm32cubeide/plugins/com.st.stm32cube.ide.mcu.externaltools.gnu-tools-for-stm32.9-2020-q2-update.win32_2.0.0.202105311346/tools/bin/../lib/gcc/arm-none-eabi/9.3.1/../../../../arm-none-eabi/lib/thumb/v6-m/nofp\libc_nano.a(lib_a-lock.o)
                0x0000000008003374                __retarget_lock_acquire_recursive
 .text.__retarget_lock_release_recursive
                0x0000000008003376        0x2 c:/st/stm32cubeide_1.6.1/stm32cubeide/plugins/com.st.stm32cube.ide.mcu.externaltools.gnu-tools-for-stm32.9-2020-q2-update.win32_2.0.0.202105311346/tools/bin/../lib/gcc/arm-none-eabi/9.3.1/../../../../arm-none-eabi/lib/thumb/v6-m/nofp\libc_nano.a(lib_a-lock.o)
                0x0000000008003376                __retarget_lock_release_recursive
 *(.glue_7)
 .glue_7        0x0000000008003378        0x0 linker stubs
 *(.glue_7t)
 .glue_7t       0x0000000008003378        0x0 linker stubs
 *(.eh_frame)
 .eh_frame      0x0000000008003378        0x0 c:/st/stm32cubeide_1.6.1/stm32cubeide/plugins/com.st.stm32cube.ide.mcu.externaltools.gnu-tools-for-stm32.9-2020-q2-update.win32_2.0.0.202105311346/tools/bin/../lib/gcc/arm-none-eabi/9.3.1/thumb/v6-m/nofp/crtbegin.o
 *(.init)
 .init          0x0000000008003378        0x4 c:/st/stm32cubeide_1.6.1/stm32cubeide/plugins/com.st.stm32cube.ide.mcu.externaltools.gnu-tools-for-stm32.9-2020-q2-update.win32_2.0.0.202105311346/tools/bin/../lib/gcc/arm-none-eabi/9.3.1/thumb/v6-m/nofp/crti.o
                0x0000000008003378                _init
 .init          0x000000000800337c        0x8 c:/st/stm32cubeide_1.6.1/stm32cubeide/plugins/com.st.stm32cube.ide.mcu.externaltools.gnu-tools-for-stm32.9-2020-q2-update.win32_2.0.0.202105311346/tools/bin/../lib/gcc/arm-none-eabi/9.3.1/thumb/v6-m/nofp/crtn.o
 *(.fini)
 .fini          0x0000000008003384        0x4 c:/st/stm32cubeide_1.6.1/stm32cubeide/plugins/com.st.stm32cube.ide.mcu.externaltools.gnu-tools-for-stm32.9-2020-q2-update.win32_2.0.0.202105311346/tools/bin/../lib/gcc/arm-none-eabi/9.3.1/thumb/v6-m/nofp/crti.o
                0x0000000008003384                _fini
 .fini          0x0000000008003388        0x8 c:/st/stm32cubeide_1.6.1/stm32cubeide/plugins/com.st.stm32cube.ide.mcu.externaltools.gnu-tools-for-stm32.9-2020-q2-update.win32_2.0.0.202105311346/tools/bin/../lib/gcc/arm-none-eabi/9.3.1/thumb/v6-m/nofp/crtn.o
                0x0000000008003390                . = ALIGN (0x4)
                0x0000000008003390                _etext = .

.vfp11_veneer   0x0000000008003390        0x0
 .vfp11_veneer  0x0000000008003390        0x0 linker stubs

.v4_bx          0x0000000008003390        0x0
 .v4_bx         0x0000000008003390        0x0 linker stubs

.iplt           0x0000000008003390        0x0
 .iplt          0x0000000008003390        0x0 c:/st/stm32cubeide_1.6.1/stm32cubeide/plugins/com.st.stm32cube.ide.mcu.externaltools.gnu-tools-for-stm32.9-2020-q2-update.win32_2.0.0.202105311346/tools/bin/../lib/gcc/arm-none-eabi/9.3.1/thumb/v6-m/nofp/crtbegin.o

.rodata         0x0000000008003390      0xdb4
                0x0000000008003390                . = ALIGN (0x4)
 *(.rodata)
 .rodata        0x0000000008003390        0xc ./Core/Src/BSL.o
 *(.rodata*)
 .rodata.Font11x18
                0x000000000800339c      0xd5c ./Core/Src/fonts.o
 .rodata.AHBPrescTable
                0x00000000080040f8       0x10 ./Core/Src/system_stm32f0xx.o
                0x00000000080040f8                AHBPrescTable
 .rodata.APBPrescTable
                0x0000000008004108        0x8 ./Core/Src/system_stm32f0xx.o
                0x0000000008004108                APBPrescTable
 .rodata._svfprintf_r.str1.1
                0x0000000008004110       0x11 c:/st/stm32cubeide_1.6.1/stm32cubeide/plugins/com.st.stm32cube.ide.mcu.externaltools.gnu-tools-for-stm32.9-2020-q2-update.win32_2.0.0.202105311346/tools/bin/../lib/gcc/arm-none-eabi/9.3.1/../../../../arm-none-eabi/lib/thumb/v6-m/nofp\libc_nano.a(lib_a-nano-svfprintf.o)
 .rodata._printf_i.str1.1
                0x0000000008004121       0x22 c:/st/stm32cubeide_1.6.1/stm32cubeide/plugins/com.st.stm32cube.ide.mcu.externaltools.gnu-tools-for-stm32.9-2020-q2-update.win32_2.0.0.202105311346/tools/bin/../lib/gcc/arm-none-eabi/9.3.1/../../../../arm-none-eabi/lib/thumb/v6-m/nofp\libc_nano.a(lib_a-nano-vfprintf_i.o)
                0x0000000008004144                . = ALIGN (0x4)
 *fill*         0x0000000008004143        0x1 

.rel.dyn        0x0000000008004144        0x0
 .rel.iplt      0x0000000008004144        0x0 c:/st/stm32cubeide_1.6.1/stm32cubeide/plugins/com.st.stm32cube.ide.mcu.externaltools.gnu-tools-for-stm32.9-2020-q2-update.win32_2.0.0.202105311346/tools/bin/../lib/gcc/arm-none-eabi/9.3.1/thumb/v6-m/nofp/crtbegin.o

.ARM.extab      0x0000000008004144        0x0
                0x0000000008004144                . = ALIGN (0x4)
 *(.ARM.extab* .gnu.linkonce.armextab.*)
                0x0000000008004144                . = ALIGN (0x4)

.ARM            0x0000000008004144        0x0
                0x0000000008004144                . = ALIGN (0x4)
                0x0000000008004144                __exidx_start = .
 *(.ARM.exidx*)
                0x0000000008004144                __exidx_end = .
                0x0000000008004144                . = ALIGN (0x4)

.preinit_array  0x0000000008004144        0x0
                0x0000000008004144                . = ALIGN (0x4)
                0x0000000008004144                PROVIDE (__preinit_array_start = .)
 *(.preinit_array*)
                0x0000000008004144                PROVIDE (__preinit_array_end = .)
                0x0000000008004144                . = ALIGN (0x4)

.init_array     0x0000000008004144        0x4
                0x0000000008004144                . = ALIGN (0x4)
                0x0000000008004144                PROVIDE (__init_array_start = .)
 *(SORT_BY_NAME(.init_array.*))
 *(.init_array*)
 .init_array    0x0000000008004144        0x4 c:/st/stm32cubeide_1.6.1/stm32cubeide/plugins/com.st.stm32cube.ide.mcu.externaltools.gnu-tools-for-stm32.9-2020-q2-update.win32_2.0.0.202105311346/tools/bin/../lib/gcc/arm-none-eabi/9.3.1/thumb/v6-m/nofp/crtbegin.o
                0x0000000008004148                PROVIDE (__init_array_end = .)
                0x0000000008004148                . = ALIGN (0x4)

.fini_array     0x0000000008004148        0x4
                0x0000000008004148                . = ALIGN (0x4)
                [!provide]                        PROVIDE (__fini_array_start = .)
 *(SORT_BY_NAME(.fini_array.*))
 *(.fini_array*)
 .fini_array    0x0000000008004148        0x4 c:/st/stm32cubeide_1.6.1/stm32cubeide/plugins/com.st.stm32cube.ide.mcu.externaltools.gnu-tools-for-stm32.9-2020-q2-update.win32_2.0.0.202105311346/tools/bin/../lib/gcc/arm-none-eabi/9.3.1/thumb/v6-m/nofp/crtbegin.o
                [!provide]                        PROVIDE (__fini_array_end = .)
                0x000000000800414c                . = ALIGN (0x4)
                0x000000000800414c                _sidata = LOADADDR (.data)

.data           0x0000000020000000       0x70 load address 0x000000000800414c
                0x0000000020000000                . = ALIGN (0x4)
                0x0000000020000000                _sdata = .
 *(.data)
 *(.data*)
 .data.Font_11x18
                0x0000000020000000        0x8 ./Core/Src/fonts.o
                0x0000000020000000                Font_11x18
 .data.SystemCoreClock
                0x0000000020000008        0x4 ./Core/Src/system_stm32f0xx.o
                0x0000000020000008                SystemCoreClock
 .data._impure_ptr
                0x000000002000000c        0x4 c:/st/stm32cubeide_1.6.1/stm32cubeide/plugins/com.st.stm32cube.ide.mcu.externaltools.gnu-tools-for-stm32.9-2020-q2-update.win32_2.0.0.202105311346/tools/bin/../lib/gcc/arm-none-eabi/9.3.1/../../../../arm-none-eabi/lib/thumb/v6-m/nofp\libc_nano.a(lib_a-impure.o)
                0x000000002000000c                _impure_ptr
 .data.impure_data
                0x0000000020000010       0x60 c:/st/stm32cubeide_1.6.1/stm32cubeide/plugins/com.st.stm32cube.ide.mcu.externaltools.gnu-tools-for-stm32.9-2020-q2-update.win32_2.0.0.202105311346/tools/bin/../lib/gcc/arm-none-eabi/9.3.1/../../../../arm-none-eabi/lib/thumb/v6-m/nofp\libc_nano.a(lib_a-impure.o)
 *(.RamFunc)
 *(.RamFunc*)
                0x0000000020000070                . = ALIGN (0x4)
                0x0000000020000070                _edata = .

.igot.plt       0x0000000020000070        0x0 load address 0x00000000080041bc
 .igot.plt      0x0000000020000070        0x0 c:/st/stm32cubeide_1.6.1/stm32cubeide/plugins/com.st.stm32cube.ide.mcu.externaltools.gnu-tools-for-stm32.9-2020-q2-update.win32_2.0.0.202105311346/tools/bin/../lib/gcc/arm-none-eabi/9.3.1/thumb/v6-m/nofp/crtbegin.o
                0x0000000020000070                . = ALIGN (0x4)

.bss            0x0000000020000070      0x508 load address 0x00000000080041bc
                0x0000000020000070                _sbss = .
                0x0000000020000070                __bss_start__ = _sbss
 *(.bss)
 .bss           0x0000000020000070       0x1c c:/st/stm32cubeide_1.6.1/stm32cubeide/plugins/com.st.stm32cube.ide.mcu.externaltools.gnu-tools-for-stm32.9-2020-q2-update.win32_2.0.0.202105311346/tools/bin/../lib/gcc/arm-none-eabi/9.3.1/thumb/v6-m/nofp/crtbegin.o
 *(.bss*)
 .bss.ms50ms    0x000000002000008c        0x1 ./Core/Src/BSL.o
                0x000000002000008c                ms50ms
 .bss.ms3000ms  0x000000002000008d        0x1 ./Core/Src/BSL.o
                0x000000002000008d                ms3000ms
 .bss.ms500ms   0x000000002000008e        0x1 ./Core/Src/BSL.o
                0x000000002000008e                ms500ms
 *fill*         0x000000002000008f        0x1 
 .bss.temperature
                0x0000000020000090        0x8 ./Core/Src/BSL.o
                0x0000000020000090                temperature
 .bss.humidity  0x0000000020000098        0x8 ./Core/Src/BSL.o
                0x0000000020000098                humidity
 .bss.cntr_ms_50.8316
                0x00000000200000a0        0x4 ./Core/Src/BSL.o
 .bss.cntr_ms_500.8317
                0x00000000200000a4        0x4 ./Core/Src/BSL.o
 .bss.cntr_ms_3000.8318
                0x00000000200000a8        0x4 ./Core/Src/BSL.o
 .bss.__sbrk_heap_end
                0x00000000200000ac        0x4 ./Core/Src/sysmem.o
 .bss.__malloc_free_list
                0x00000000200000b0        0x4 c:/st/stm32cubeide_1.6.1/stm32cubeide/plugins/com.st.stm32cube.ide.mcu.externaltools.gnu-tools-for-stm32.9-2020-q2-update.win32_2.0.0.202105311346/tools/bin/../lib/gcc/arm-none-eabi/9.3.1/../../../../arm-none-eabi/lib/thumb/v6-m/nofp\libc_nano.a(lib_a-nano-mallocr.o)
                0x00000000200000b0                __malloc_free_list
 .bss.__malloc_sbrk_start
                0x00000000200000b4        0x4 c:/st/stm32cubeide_1.6.1/stm32cubeide/plugins/com.st.stm32cube.ide.mcu.externaltools.gnu-tools-for-stm32.9-2020-q2-update.win32_2.0.0.202105311346/tools/bin/../lib/gcc/arm-none-eabi/9.3.1/../../../../arm-none-eabi/lib/thumb/v6-m/nofp\libc_nano.a(lib_a-nano-mallocr.o)
                0x00000000200000b4                __malloc_sbrk_start
 *(COMMON)
 COMMON         0x00000000200000b8      0x4ad ./Core/Src/BSL.o
                0x00000000200000b8                dht11_byte_t
                0x0000000020000158                SSD1306
                0x0000000020000160                SSD1306_Buffer
                0x0000000020000560                dht11_byte
 *fill*         0x0000000020000565        0x3 
 COMMON         0x0000000020000568        0x4 c:/st/stm32cubeide_1.6.1/stm32cubeide/plugins/com.st.stm32cube.ide.mcu.externaltools.gnu-tools-for-stm32.9-2020-q2-update.win32_2.0.0.202105311346/tools/bin/../lib/gcc/arm-none-eabi/9.3.1/../../../../arm-none-eabi/lib/thumb/v6-m/nofp\libc_nano.a(lib_a-reent.o)
                0x0000000020000568                errno
 COMMON         0x000000002000056c        0x9 c:/st/stm32cubeide_1.6.1/stm32cubeide/plugins/com.st.stm32cube.ide.mcu.externaltools.gnu-tools-for-stm32.9-2020-q2-update.win32_2.0.0.202105311346/tools/bin/../lib/gcc/arm-none-eabi/9.3.1/../../../../arm-none-eabi/lib/thumb/v6-m/nofp\libc_nano.a(lib_a-lock.o)
                0x000000002000056c                __lock___atexit_recursive_mutex
                0x000000002000056d                __lock___arc4random_mutex
                0x000000002000056e                __lock___env_recursive_mutex
                0x000000002000056f                __lock___sinit_recursive_mutex
                0x0000000020000570                __lock___malloc_recursive_mutex
                0x0000000020000571                __lock___at_quick_exit_mutex
                0x0000000020000572                __lock___dd_hash_mutex
                0x0000000020000573                __lock___tz_mutex
                0x0000000020000574                __lock___sfp_recursive_mutex
                0x0000000020000578                . = ALIGN (0x4)
 *fill*         0x0000000020000575        0x3 
                0x0000000020000578                _ebss = .
                0x0000000020000578                __bss_end__ = _ebss

._user_heap_stack
                0x0000000020000578      0x600 load address 0x00000000080041bc
                0x0000000020000578                . = ALIGN (0x8)
                [!provide]                        PROVIDE (end = .)
                0x0000000020000578                PROVIDE (_end = .)
                0x0000000020000778                . = (. + _Min_Heap_Size)
 *fill*         0x0000000020000578      0x200 
                0x0000000020000b78                . = (. + _Min_Stack_Size)
 *fill*         0x0000000020000778      0x400 
                0x0000000020000b78                . = ALIGN (0x8)

/DISCARD/
 libc.a(*)
 libm.a(*)
 libgcc.a(*)

.ARM.attributes
                0x0000000000000000       0x28
 *(.ARM.attributes)
 .ARM.attributes
                0x0000000000000000       0x1e c:/st/stm32cubeide_1.6.1/stm32cubeide/plugins/com.st.stm32cube.ide.mcu.externaltools.gnu-tools-for-stm32.9-2020-q2-update.win32_2.0.0.202105311346/tools/bin/../lib/gcc/arm-none-eabi/9.3.1/thumb/v6-m/nofp/crti.o
 .ARM.attributes
                0x000000000000001e       0x2c c:/st/stm32cubeide_1.6.1/stm32cubeide/plugins/com.st.stm32cube.ide.mcu.externaltools.gnu-tools-for-stm32.9-2020-q2-update.win32_2.0.0.202105311346/tools/bin/../lib/gcc/arm-none-eabi/9.3.1/thumb/v6-m/nofp/crtbegin.o
 .ARM.attributes
                0x000000000000004a       0x2c ./Core/Src/BSL.o
 .ARM.attributes
                0x0000000000000076       0x31 ./Core/Src/fonts.o
 .ARM.attributes
                0x00000000000000a7       0x2c ./Core/Src/main.o
 .ARM.attributes
                0x00000000000000d3       0x2c ./Core/Src/stm32f0xx_it.o
 .ARM.attributes
                0x00000000000000ff       0x2c ./Core/Src/sysmem.o
 .ARM.attributes
                0x000000000000012b       0x2c ./Core/Src/system_stm32f0xx.o
 .ARM.attributes
                0x0000000000000157       0x21 ./Core/Startup/startup_stm32f072rbtx.o
 .ARM.attributes
                0x0000000000000178       0x2c ./Drivers/STM32F0xx_HAL_Driver/Src/stm32f0xx_ll_gpio.o
 .ARM.attributes
                0x00000000000001a4       0x2c ./Drivers/STM32F0xx_HAL_Driver/Src/stm32f0xx_ll_i2c.o
 .ARM.attributes
                0x00000000000001d0       0x2c ./Drivers/STM32F0xx_HAL_Driver/Src/stm32f0xx_ll_rcc.o
 .ARM.attributes
                0x00000000000001fc       0x2c ./Drivers/STM32F0xx_HAL_Driver/Src/stm32f0xx_ll_tim.o
 .ARM.attributes
                0x0000000000000228       0x2c ./Drivers/STM32F0xx_HAL_Driver/Src/stm32f0xx_ll_usart.o
 .ARM.attributes
                0x0000000000000254       0x2c ./Drivers/STM32F0xx_HAL_Driver/Src/stm32f0xx_ll_utils.o
 .ARM.attributes
                0x0000000000000280       0x2c c:/st/stm32cubeide_1.6.1/stm32cubeide/plugins/com.st.stm32cube.ide.mcu.externaltools.gnu-tools-for-stm32.9-2020-q2-update.win32_2.0.0.202105311346/tools/bin/../lib/gcc/arm-none-eabi/9.3.1/../../../../arm-none-eabi/lib/thumb/v6-m/nofp\libc_nano.a(lib_a-errno.o)
 .ARM.attributes
                0x00000000000002ac       0x2c c:/st/stm32cubeide_1.6.1/stm32cubeide/plugins/com.st.stm32cube.ide.mcu.externaltools.gnu-tools-for-stm32.9-2020-q2-update.win32_2.0.0.202105311346/tools/bin/../lib/gcc/arm-none-eabi/9.3.1/../../../../arm-none-eabi/lib/thumb/v6-m/nofp\libc_nano.a(lib_a-impure.o)
 .ARM.attributes
                0x00000000000002d8       0x2c c:/st/stm32cubeide_1.6.1/stm32cubeide/plugins/com.st.stm32cube.ide.mcu.externaltools.gnu-tools-for-stm32.9-2020-q2-update.win32_2.0.0.202105311346/tools/bin/../lib/gcc/arm-none-eabi/9.3.1/../../../../arm-none-eabi/lib/thumb/v6-m/nofp\libc_nano.a(lib_a-init.o)
 .ARM.attributes
                0x0000000000000304       0x2c c:/st/stm32cubeide_1.6.1/stm32cubeide/plugins/com.st.stm32cube.ide.mcu.externaltools.gnu-tools-for-stm32.9-2020-q2-update.win32_2.0.0.202105311346/tools/bin/../lib/gcc/arm-none-eabi/9.3.1/../../../../arm-none-eabi/lib/thumb/v6-m/nofp\libc_nano.a(lib_a-memset.o)
 .ARM.attributes
                0x0000000000000330       0x2c c:/st/stm32cubeide_1.6.1/stm32cubeide/plugins/com.st.stm32cube.ide.mcu.externaltools.gnu-tools-for-stm32.9-2020-q2-update.win32_2.0.0.202105311346/tools/bin/../lib/gcc/arm-none-eabi/9.3.1/../../../../arm-none-eabi/lib/thumb/v6-m/nofp\libc_nano.a(lib_a-sprintf.o)
 .ARM.attributes
                0x000000000000035c       0x2c c:/st/stm32cubeide_1.6.1/stm32cubeide/plugins/com.st.stm32cube.ide.mcu.externaltools.gnu-tools-for-stm32.9-2020-q2-update.win32_2.0.0.202105311346/tools/bin/../lib/gcc/arm-none-eabi/9.3.1/../../../../arm-none-eabi/lib/thumb/v6-m/nofp\libc_nano.a(lib_a-nano-svfprintf.o)
 .ARM.attributes
                0x0000000000000388       0x2c c:/st/stm32cubeide_1.6.1/stm32cubeide/plugins/com.st.stm32cube.ide.mcu.externaltools.gnu-tools-for-stm32.9-2020-q2-update.win32_2.0.0.202105311346/tools/bin/../lib/gcc/arm-none-eabi/9.3.1/../../../../arm-none-eabi/lib/thumb/v6-m/nofp\libc_nano.a(lib_a-nano-vfprintf_i.o)
 .ARM.attributes
                0x00000000000003b4       0x2c c:/st/stm32cubeide_1.6.1/stm32cubeide/plugins/com.st.stm32cube.ide.mcu.externaltools.gnu-tools-for-stm32.9-2020-q2-update.win32_2.0.0.202105311346/tools/bin/../lib/gcc/arm-none-eabi/9.3.1/../../../../arm-none-eabi/lib/thumb/v6-m/nofp\libc_nano.a(lib_a-memchr-stub.o)
 .ARM.attributes
                0x00000000000003e0       0x2c c:/st/stm32cubeide_1.6.1/stm32cubeide/plugins/com.st.stm32cube.ide.mcu.externaltools.gnu-tools-for-stm32.9-2020-q2-update.win32_2.0.0.202105311346/tools/bin/../lib/gcc/arm-none-eabi/9.3.1/../../../../arm-none-eabi/lib/thumb/v6-m/nofp\libc_nano.a(lib_a-memcpy-stub.o)
 .ARM.attributes
                0x000000000000040c       0x2c c:/st/stm32cubeide_1.6.1/stm32cubeide/plugins/com.st.stm32cube.ide.mcu.externaltools.gnu-tools-for-stm32.9-2020-q2-update.win32_2.0.0.202105311346/tools/bin/../lib/gcc/arm-none-eabi/9.3.1/../../../../arm-none-eabi/lib/thumb/v6-m/nofp\libc_nano.a(lib_a-memmove.o)
 .ARM.attributes
                0x0000000000000438       0x2c c:/st/stm32cubeide_1.6.1/stm32cubeide/plugins/com.st.stm32cube.ide.mcu.externaltools.gnu-tools-for-stm32.9-2020-q2-update.win32_2.0.0.202105311346/tools/bin/../lib/gcc/arm-none-eabi/9.3.1/../../../../arm-none-eabi/lib/thumb/v6-m/nofp\libc_nano.a(lib_a-nano-freer.o)
 .ARM.attributes
                0x0000000000000464       0x2c c:/st/stm32cubeide_1.6.1/stm32cubeide/plugins/com.st.stm32cube.ide.mcu.externaltools.gnu-tools-for-stm32.9-2020-q2-update.win32_2.0.0.202105311346/tools/bin/../lib/gcc/arm-none-eabi/9.3.1/../../../../arm-none-eabi/lib/thumb/v6-m/nofp\libc_nano.a(lib_a-nano-mallocr.o)
 .ARM.attributes
                0x0000000000000490       0x2c c:/st/stm32cubeide_1.6.1/stm32cubeide/plugins/com.st.stm32cube.ide.mcu.externaltools.gnu-tools-for-stm32.9-2020-q2-update.win32_2.0.0.202105311346/tools/bin/../lib/gcc/arm-none-eabi/9.3.1/../../../../arm-none-eabi/lib/thumb/v6-m/nofp\libc_nano.a(lib_a-nano-reallocr.o)
 .ARM.attributes
                0x00000000000004bc       0x2c c:/st/stm32cubeide_1.6.1/stm32cubeide/plugins/com.st.stm32cube.ide.mcu.externaltools.gnu-tools-for-stm32.9-2020-q2-update.win32_2.0.0.202105311346/tools/bin/../lib/gcc/arm-none-eabi/9.3.1/../../../../arm-none-eabi/lib/thumb/v6-m/nofp\libc_nano.a(lib_a-sbrkr.o)
 .ARM.attributes
                0x00000000000004e8       0x2c c:/st/stm32cubeide_1.6.1/stm32cubeide/plugins/com.st.stm32cube.ide.mcu.externaltools.gnu-tools-for-stm32.9-2020-q2-update.win32_2.0.0.202105311346/tools/bin/../lib/gcc/arm-none-eabi/9.3.1/../../../../arm-none-eabi/lib/thumb/v6-m/nofp\libc_nano.a(lib_a-mlock.o)
 .ARM.attributes
                0x0000000000000514       0x2c c:/st/stm32cubeide_1.6.1/stm32cubeide/plugins/com.st.stm32cube.ide.mcu.externaltools.gnu-tools-for-stm32.9-2020-q2-update.win32_2.0.0.202105311346/tools/bin/../lib/gcc/arm-none-eabi/9.3.1/../../../../arm-none-eabi/lib/thumb/v6-m/nofp\libc_nano.a(lib_a-nano-msizer.o)
 .ARM.attributes
                0x0000000000000540       0x2c c:/st/stm32cubeide_1.6.1/stm32cubeide/plugins/com.st.stm32cube.ide.mcu.externaltools.gnu-tools-for-stm32.9-2020-q2-update.win32_2.0.0.202105311346/tools/bin/../lib/gcc/arm-none-eabi/9.3.1/../../../../arm-none-eabi/lib/thumb/v6-m/nofp\libc_nano.a(lib_a-reent.o)
 .ARM.attributes
                0x000000000000056c       0x2c c:/st/stm32cubeide_1.6.1/stm32cubeide/plugins/com.st.stm32cube.ide.mcu.externaltools.gnu-tools-for-stm32.9-2020-q2-update.win32_2.0.0.202105311346/tools/bin/../lib/gcc/arm-none-eabi/9.3.1/../../../../arm-none-eabi/lib/thumb/v6-m/nofp\libc_nano.a(lib_a-lock.o)
 .ARM.attributes
                0x0000000000000598       0x1e c:/st/stm32cubeide_1.6.1/stm32cubeide/plugins/com.st.stm32cube.ide.mcu.externaltools.gnu-tools-for-stm32.9-2020-q2-update.win32_2.0.0.202105311346/tools/bin/../lib/gcc/arm-none-eabi/9.3.1/thumb/v6-m/nofp\libgcc.a(_thumb1_case_shi.o)
 .ARM.attributes
                0x00000000000005b6       0x1e c:/st/stm32cubeide_1.6.1/stm32cubeide/plugins/com.st.stm32cube.ide.mcu.externaltools.gnu-tools-for-stm32.9-2020-q2-update.win32_2.0.0.202105311346/tools/bin/../lib/gcc/arm-none-eabi/9.3.1/thumb/v6-m/nofp\libgcc.a(_udivsi3.o)
 .ARM.attributes
                0x00000000000005d4       0x1e c:/st/stm32cubeide_1.6.1/stm32cubeide/plugins/com.st.stm32cube.ide.mcu.externaltools.gnu-tools-for-stm32.9-2020-q2-update.win32_2.0.0.202105311346/tools/bin/../lib/gcc/arm-none-eabi/9.3.1/thumb/v6-m/nofp\libgcc.a(_dvmd_tls.o)
 .ARM.attributes
                0x00000000000005f2       0x2c c:/st/stm32cubeide_1.6.1/stm32cubeide/plugins/com.st.stm32cube.ide.mcu.externaltools.gnu-tools-for-stm32.9-2020-q2-update.win32_2.0.0.202105311346/tools/bin/../lib/gcc/arm-none-eabi/9.3.1/thumb/v6-m/nofp\libgcc.a(fixdfsi.o)
 .ARM.attributes
                0x000000000000061e       0x2c c:/st/stm32cubeide_1.6.1/stm32cubeide/plugins/com.st.stm32cube.ide.mcu.externaltools.gnu-tools-for-stm32.9-2020-q2-update.win32_2.0.0.202105311346/tools/bin/../lib/gcc/arm-none-eabi/9.3.1/thumb/v6-m/nofp\libgcc.a(floatunsidf.o)
 .ARM.attributes
                0x000000000000064a       0x1e c:/st/stm32cubeide_1.6.1/stm32cubeide/plugins/com.st.stm32cube.ide.mcu.externaltools.gnu-tools-for-stm32.9-2020-q2-update.win32_2.0.0.202105311346/tools/bin/../lib/gcc/arm-none-eabi/9.3.1/thumb/v6-m/nofp\libgcc.a(_clzsi2.o)
 .ARM.attributes
                0x0000000000000668       0x1e c:/st/stm32cubeide_1.6.1/stm32cubeide/plugins/com.st.stm32cube.ide.mcu.externaltools.gnu-tools-for-stm32.9-2020-q2-update.win32_2.0.0.202105311346/tools/bin/../lib/gcc/arm-none-eabi/9.3.1/thumb/v6-m/nofp/crtn.o
OUTPUT(LL_EX_I2C_GPIO.elf elf32-littlearm)
LOAD linker stubs
LOAD c:/st/stm32cubeide_1.6.1/stm32cubeide/plugins/com.st.stm32cube.ide.mcu.externaltools.gnu-tools-for-stm32.9-2020-q2-update.win32_2.0.0.202105311346/tools/bin/../lib/gcc/arm-none-eabi/9.3.1/../../../../arm-none-eabi/lib/thumb/v6-m/nofp\libc.a
LOAD c:/st/stm32cubeide_1.6.1/stm32cubeide/plugins/com.st.stm32cube.ide.mcu.externaltools.gnu-tools-for-stm32.9-2020-q2-update.win32_2.0.0.202105311346/tools/bin/../lib/gcc/arm-none-eabi/9.3.1/../../../../arm-none-eabi/lib/thumb/v6-m/nofp\libm.a
LOAD c:/st/stm32cubeide_1.6.1/stm32cubeide/plugins/com.st.stm32cube.ide.mcu.externaltools.gnu-tools-for-stm32.9-2020-q2-update.win32_2.0.0.202105311346/tools/bin/../lib/gcc/arm-none-eabi/9.3.1/thumb/v6-m/nofp\libgcc.a

.debug_info     0x0000000000000000     0x6946
 .debug_info    0x0000000000000000     0x1555 ./Core/Src/BSL.o
 .debug_info    0x0000000000001555      0x1ae ./Core/Src/fonts.o
 .debug_info    0x0000000000001703     0x11a0 ./Core/Src/main.o
 .debug_info    0x00000000000028a3      0x35a ./Core/Src/stm32f0xx_it.o
 .debug_info    0x0000000000002bfd      0xa25 ./Core/Src/sysmem.o
 .debug_info    0x0000000000003622      0x262 ./Core/Src/system_stm32f0xx.o
 .debug_info    0x0000000000003884       0x22 ./Core/Startup/startup_stm32f072rbtx.o
 .debug_info    0x00000000000038a6      0x5d5 ./Drivers/STM32F0xx_HAL_Driver/Src/stm32f0xx_ll_gpio.o
 .debug_info    0x0000000000003e7b      0x5e5 ./Drivers/STM32F0xx_HAL_Driver/Src/stm32f0xx_ll_i2c.o
 .debug_info    0x0000000000004460      0x692 ./Drivers/STM32F0xx_HAL_Driver/Src/stm32f0xx_ll_rcc.o
 .debug_info    0x0000000000004af2      0xee5 ./Drivers/STM32F0xx_HAL_Driver/Src/stm32f0xx_ll_tim.o
 .debug_info    0x00000000000059d7      0x702 ./Drivers/STM32F0xx_HAL_Driver/Src/stm32f0xx_ll_usart.o
 .debug_info    0x00000000000060d9      0x86d ./Drivers/STM32F0xx_HAL_Driver/Src/stm32f0xx_ll_utils.o

.debug_abbrev   0x0000000000000000     0x17a3
 .debug_abbrev  0x0000000000000000      0x3fe ./Core/Src/BSL.o
 .debug_abbrev  0x00000000000003fe       0xad ./Core/Src/fonts.o
 .debug_abbrev  0x00000000000004ab      0x345 ./Core/Src/main.o
 .debug_abbrev  0x00000000000007f0      0x157 ./Core/Src/stm32f0xx_it.o
 .debug_abbrev  0x0000000000000947      0x1bf ./Core/Src/sysmem.o
 .debug_abbrev  0x0000000000000b06      0x116 ./Core/Src/system_stm32f0xx.o
 .debug_abbrev  0x0000000000000c1c       0x12 ./Core/Startup/startup_stm32f072rbtx.o
 .debug_abbrev  0x0000000000000c2e      0x1b5 ./Drivers/STM32F0xx_HAL_Driver/Src/stm32f0xx_ll_gpio.o
 .debug_abbrev  0x0000000000000de3      0x193 ./Drivers/STM32F0xx_HAL_Driver/Src/stm32f0xx_ll_i2c.o
 .debug_abbrev  0x0000000000000f76      0x1f8 ./Drivers/STM32F0xx_HAL_Driver/Src/stm32f0xx_ll_rcc.o
 .debug_abbrev  0x000000000000116e      0x218 ./Drivers/STM32F0xx_HAL_Driver/Src/stm32f0xx_ll_tim.o
 .debug_abbrev  0x0000000000001386      0x1de ./Drivers/STM32F0xx_HAL_Driver/Src/stm32f0xx_ll_usart.o
 .debug_abbrev  0x0000000000001564      0x23f ./Drivers/STM32F0xx_HAL_Driver/Src/stm32f0xx_ll_utils.o

.debug_aranges  0x0000000000000000      0x8d8
 .debug_aranges
                0x0000000000000000      0x1f8 ./Core/Src/BSL.o
 .debug_aranges
                0x00000000000001f8       0x18 ./Core/Src/fonts.o
 .debug_aranges
                0x0000000000000210      0x140 ./Core/Src/main.o
 .debug_aranges
                0x0000000000000350       0x58 ./Core/Src/stm32f0xx_it.o
 .debug_aranges
                0x00000000000003a8       0x20 ./Core/Src/sysmem.o
 .debug_aranges
                0x00000000000003c8       0x28 ./Core/Src/system_stm32f0xx.o
 .debug_aranges
                0x00000000000003f0       0x28 ./Core/Startup/startup_stm32f072rbtx.o
 .debug_aranges
                0x0000000000000418       0x70 ./Drivers/STM32F0xx_HAL_Driver/Src/stm32f0xx_ll_gpio.o
 .debug_aranges
                0x0000000000000488       0x88 ./Drivers/STM32F0xx_HAL_Driver/Src/stm32f0xx_ll_i2c.o
 .debug_aranges
                0x0000000000000510      0x118 ./Drivers/STM32F0xx_HAL_Driver/Src/stm32f0xx_ll_rcc.o
 .debug_aranges
                0x0000000000000628      0x128 ./Drivers/STM32F0xx_HAL_Driver/Src/stm32f0xx_ll_tim.o
 .debug_aranges
                0x0000000000000750       0x88 ./Drivers/STM32F0xx_HAL_Driver/Src/stm32f0xx_ll_usart.o
 .debug_aranges
                0x00000000000007d8      0x100 ./Drivers/STM32F0xx_HAL_Driver/Src/stm32f0xx_ll_utils.o

.debug_ranges   0x0000000000000000      0x808
 .debug_ranges  0x0000000000000000      0x1e8 ./Core/Src/BSL.o
 .debug_ranges  0x00000000000001e8      0x130 ./Core/Src/main.o
 .debug_ranges  0x0000000000000318       0x48 ./Core/Src/stm32f0xx_it.o
 .debug_ranges  0x0000000000000360       0x10 ./Core/Src/sysmem.o
 .debug_ranges  0x0000000000000370       0x18 ./Core/Src/system_stm32f0xx.o
 .debug_ranges  0x0000000000000388       0x20 ./Core/Startup/startup_stm32f072rbtx.o
 .debug_ranges  0x00000000000003a8       0x60 ./Drivers/STM32F0xx_HAL_Driver/Src/stm32f0xx_ll_gpio.o
 .debug_ranges  0x0000000000000408       0x78 ./Drivers/STM32F0xx_HAL_Driver/Src/stm32f0xx_ll_i2c.o
 .debug_ranges  0x0000000000000480      0x108 ./Drivers/STM32F0xx_HAL_Driver/Src/stm32f0xx_ll_rcc.o
 .debug_ranges  0x0000000000000588      0x118 ./Drivers/STM32F0xx_HAL_Driver/Src/stm32f0xx_ll_tim.o
 .debug_ranges  0x00000000000006a0       0x78 ./Drivers/STM32F0xx_HAL_Driver/Src/stm32f0xx_ll_usart.o
 .debug_ranges  0x0000000000000718       0xf0 ./Drivers/STM32F0xx_HAL_Driver/Src/stm32f0xx_ll_utils.o

.debug_macro    0x0000000000000000    0x14a15
 .debug_macro   0x0000000000000000      0x182 ./Core/Src/BSL.o
 .debug_macro   0x0000000000000182      0xaba ./Core/Src/BSL.o
 .debug_macro   0x0000000000000c3c       0x2e ./Core/Src/BSL.o
 .debug_macro   0x0000000000000c6a       0x22 ./Core/Src/BSL.o
 .debug_macro   0x0000000000000c8c       0x22 ./Core/Src/BSL.o
 .debug_macro   0x0000000000000cae       0x8e ./Core/Src/BSL.o
 .debug_macro   0x0000000000000d3c       0x51 ./Core/Src/BSL.o
 .debug_macro   0x0000000000000d8d      0x103 ./Core/Src/BSL.o
 .debug_macro   0x0000000000000e90       0x6a ./Core/Src/BSL.o
 .debug_macro   0x0000000000000efa      0x1df ./Core/Src/BSL.o
 .debug_macro   0x00000000000010d9       0x1c ./Core/Src/BSL.o
 .debug_macro   0x00000000000010f5       0x22 ./Core/Src/BSL.o
 .debug_macro   0x0000000000001117       0xb5 ./Core/Src/BSL.o
 .debug_macro   0x00000000000011cc      0x391 ./Core/Src/BSL.o
 .debug_macro   0x000000000000155d     0xfe57 ./Core/Src/BSL.o
 .debug_macro   0x00000000000113b4       0x66 ./Core/Src/BSL.o
 .debug_macro   0x000000000001141a      0x248 ./Core/Src/BSL.o
 .debug_macro   0x0000000000011662       0xd0 ./Core/Src/BSL.o
 .debug_macro   0x0000000000011732      0x427 ./Core/Src/BSL.o
 .debug_macro   0x0000000000011b59      0x112 ./Core/Src/BSL.o
 .debug_macro   0x0000000000011c6b      0x211 ./Core/Src/BSL.o
 .debug_macro   0x0000000000011e7c      0x109 ./Core/Src/BSL.o
 .debug_macro   0x0000000000011f85       0x16 ./Core/Src/BSL.o
 .debug_macro   0x0000000000011f9b       0x2a ./Core/Src/BSL.o
 .debug_macro   0x0000000000011fc5       0xf5 ./Core/Src/BSL.o
 .debug_macro   0x00000000000120ba      0x293 ./Core/Src/BSL.o
 .debug_macro   0x000000000001234d      0x5bd ./Core/Src/BSL.o
 .debug_macro   0x000000000001290a      0x2f7 ./Core/Src/BSL.o
 .debug_macro   0x0000000000012c01      0x11f ./Core/Src/BSL.o
 .debug_macro   0x0000000000012d20       0xb8 ./Core/Src/BSL.o
 .debug_macro   0x0000000000012dd8       0x22 ./Core/Src/BSL.o
 .debug_macro   0x0000000000012dfa       0x9a ./Core/Src/BSL.o
 .debug_macro   0x0000000000012e94       0x6d ./Core/Src/fonts.o
 .debug_macro   0x0000000000012f01      0x15c ./Core/Src/main.o
 .debug_macro   0x000000000001305d      0x166 ./Core/Src/stm32f0xx_it.o
 .debug_macro   0x00000000000131c3       0xff ./Core/Src/sysmem.o
 .debug_macro   0x00000000000132c2      0x23b ./Core/Src/sysmem.o
 .debug_macro   0x00000000000134fd       0xc0 ./Core/Src/system_stm32f0xx.o
 .debug_macro   0x00000000000135bd       0xfc ./Drivers/STM32F0xx_HAL_Driver/Src/stm32f0xx_ll_gpio.o
 .debug_macro   0x00000000000136b9      0x119 ./Drivers/STM32F0xx_HAL_Driver/Src/stm32f0xx_ll_gpio.o
 .debug_macro   0x00000000000137d2       0xfc ./Drivers/STM32F0xx_HAL_Driver/Src/stm32f0xx_ll_i2c.o
 .debug_macro   0x00000000000138ce       0xe7 ./Drivers/STM32F0xx_HAL_Driver/Src/stm32f0xx_ll_rcc.o
 .debug_macro   0x00000000000139b5      0x421 ./Drivers/STM32F0xx_HAL_Driver/Src/stm32f0xx_ll_rcc.o
 .debug_macro   0x0000000000013dd6      0x145 ./Drivers/STM32F0xx_HAL_Driver/Src/stm32f0xx_ll_tim.o
 .debug_macro   0x0000000000013f1b      0x5b7 ./Drivers/STM32F0xx_HAL_Driver/Src/stm32f0xx_ll_tim.o
 .debug_macro   0x00000000000144d2      0x129 ./Drivers/STM32F0xx_HAL_Driver/Src/stm32f0xx_ll_usart.o
 .debug_macro   0x00000000000145fb      0x2f1 ./Drivers/STM32F0xx_HAL_Driver/Src/stm32f0xx_ll_usart.o
 .debug_macro   0x00000000000148ec      0x129 ./Drivers/STM32F0xx_HAL_Driver/Src/stm32f0xx_ll_utils.o

.debug_line     0x0000000000000000     0x61ff
 .debug_line    0x0000000000000000     0x10e8 ./Core/Src/BSL.o
 .debug_line    0x00000000000010e8      0x37e ./Core/Src/fonts.o
 .debug_line    0x0000000000001466      0xbac ./Core/Src/main.o
 .debug_line    0x0000000000002012      0x6bc ./Core/Src/stm32f0xx_it.o
 .debug_line    0x00000000000026ce      0x4f8 ./Core/Src/sysmem.o
 .debug_line    0x0000000000002bc6      0x4e9 ./Core/Src/system_stm32f0xx.o
 .debug_line    0x00000000000030af       0x89 ./Core/Startup/startup_stm32f072rbtx.o
 .debug_line    0x0000000000003138      0x644 ./Drivers/STM32F0xx_HAL_Driver/Src/stm32f0xx_ll_gpio.o
 .debug_line    0x000000000000377c      0x631 ./Drivers/STM32F0xx_HAL_Driver/Src/stm32f0xx_ll_i2c.o
 .debug_line    0x0000000000003dad      0x96f ./Drivers/STM32F0xx_HAL_Driver/Src/stm32f0xx_ll_rcc.o
 .debug_line    0x000000000000471c      0xacb ./Drivers/STM32F0xx_HAL_Driver/Src/stm32f0xx_ll_tim.o
 .debug_line    0x00000000000051e7      0x6ec ./Drivers/STM32F0xx_HAL_Driver/Src/stm32f0xx_ll_usart.o
 .debug_line    0x00000000000058d3      0x92c ./Drivers/STM32F0xx_HAL_Driver/Src/stm32f0xx_ll_utils.o

.debug_str      0x0000000000000000    0x6c732
 .debug_str     0x0000000000000000    0x6660f ./Core/Src/BSL.o
                                      0x66829 (size before relaxing)
 .debug_str     0x000000000006660f       0x31 ./Core/Src/fonts.o
                                       0x3d41 (size before relaxing)
 .debug_str     0x0000000000066640      0x657 ./Core/Src/main.o
                                      0x668de (size before relaxing)
 .debug_str     0x0000000000066c97       0xbd ./Core/Src/stm32f0xx_it.o
                                      0x6606d (size before relaxing)
 .debug_str     0x0000000000066d54     0x24c1 ./Core/Src/sysmem.o
                                       0x6285 (size before relaxing)
 .debug_str     0x0000000000069215       0x80 ./Core/Src/system_stm32f0xx.o
                                      0x5a7a8 (size before relaxing)
 .debug_str     0x0000000000069295       0x36 ./Core/Startup/startup_stm32f072rbtx.o
                                         0x7e (size before relaxing)
 .debug_str     0x00000000000692cb      0x4ef ./Drivers/STM32F0xx_HAL_Driver/Src/stm32f0xx_ll_gpio.o
                                      0x5bb2c (size before relaxing)
 .debug_str     0x00000000000697ba      0x3d2 ./Drivers/STM32F0xx_HAL_Driver/Src/stm32f0xx_ll_i2c.o
                                      0x5c30d (size before relaxing)
 .debug_str     0x0000000000069b8c      0x4dd ./Drivers/STM32F0xx_HAL_Driver/Src/stm32f0xx_ll_rcc.o
                                      0x5c81d (size before relaxing)
 .debug_str     0x000000000006a069     0x12df ./Drivers/STM32F0xx_HAL_Driver/Src/stm32f0xx_ll_tim.o
                                      0x5f230 (size before relaxing)
 .debug_str     0x000000000006b348      0x80d ./Drivers/STM32F0xx_HAL_Driver/Src/stm32f0xx_ll_usart.o
                                      0x5e471 (size before relaxing)
 .debug_str     0x000000000006bb55      0xbdd ./Drivers/STM32F0xx_HAL_Driver/Src/stm32f0xx_ll_utils.o
                                      0x5e434 (size before relaxing)

.comment        0x0000000000000000       0x53
 .comment       0x0000000000000000       0x53 ./Core/Src/BSL.o
                                         0x54 (size before relaxing)
 .comment       0x0000000000000053       0x54 ./Core/Src/fonts.o
 .comment       0x0000000000000053       0x54 ./Core/Src/main.o
 .comment       0x0000000000000053       0x54 ./Core/Src/stm32f0xx_it.o
 .comment       0x0000000000000053       0x54 ./Core/Src/sysmem.o
 .comment       0x0000000000000053       0x54 ./Core/Src/system_stm32f0xx.o
 .comment       0x0000000000000053       0x54 ./Drivers/STM32F0xx_HAL_Driver/Src/stm32f0xx_ll_gpio.o
 .comment       0x0000000000000053       0x54 ./Drivers/STM32F0xx_HAL_Driver/Src/stm32f0xx_ll_i2c.o
 .comment       0x0000000000000053       0x54 ./Drivers/STM32F0xx_HAL_Driver/Src/stm32f0xx_ll_rcc.o
 .comment       0x0000000000000053       0x54 ./Drivers/STM32F0xx_HAL_Driver/Src/stm32f0xx_ll_tim.o
 .comment       0x0000000000000053       0x54 ./Drivers/STM32F0xx_HAL_Driver/Src/stm32f0xx_ll_usart.o
 .comment       0x0000000000000053       0x54 ./Drivers/STM32F0xx_HAL_Driver/Src/stm32f0xx_ll_utils.o

.debug_frame    0x0000000000000000     0x2278
 .debug_frame   0x0000000000000000      0x758 ./Core/Src/BSL.o
 .debug_frame   0x0000000000000758      0x48c ./Core/Src/main.o
 .debug_frame   0x0000000000000be4       0xf8 ./Core/Src/stm32f0xx_it.o
 .debug_frame   0x0000000000000cdc       0x30 ./Core/Src/sysmem.o
 .debug_frame   0x0000000000000d0c       0x4c ./Core/Src/system_stm32f0xx.o
 .debug_frame   0x0000000000000d58      0x170 ./Drivers/STM32F0xx_HAL_Driver/Src/stm32f0xx_ll_gpio.o
 .debug_frame   0x0000000000000ec8      0x1d0 ./Drivers/STM32F0xx_HAL_Driver/Src/stm32f0xx_ll_i2c.o
 .debug_frame   0x0000000000001098      0x3d0 ./Drivers/STM32F0xx_HAL_Driver/Src/stm32f0xx_ll_rcc.o
 .debug_frame   0x0000000000001468      0x450 ./Drivers/STM32F0xx_HAL_Driver/Src/stm32f0xx_ll_tim.o
 .debug_frame   0x00000000000018b8      0x1d0 ./Drivers/STM32F0xx_HAL_Driver/Src/stm32f0xx_ll_usart.o
 .debug_frame   0x0000000000001a88      0x380 ./Drivers/STM32F0xx_HAL_Driver/Src/stm32f0xx_ll_utils.o
 .debug_frame   0x0000000000001e08       0x20 c:/st/stm32cubeide_1.6.1/stm32cubeide/plugins/com.st.stm32cube.ide.mcu.externaltools.gnu-tools-for-stm32.9-2020-q2-update.win32_2.0.0.202105311346/tools/bin/../lib/gcc/arm-none-eabi/9.3.1/../../../../arm-none-eabi/lib/thumb/v6-m/nofp\libc_nano.a(lib_a-errno.o)
 .debug_frame   0x0000000000001e28       0x2c c:/st/stm32cubeide_1.6.1/stm32cubeide/plugins/com.st.stm32cube.ide.mcu.externaltools.gnu-tools-for-stm32.9-2020-q2-update.win32_2.0.0.202105311346/tools/bin/../lib/gcc/arm-none-eabi/9.3.1/../../../../arm-none-eabi/lib/thumb/v6-m/nofp\libc_nano.a(lib_a-init.o)
 .debug_frame   0x0000000000001e54       0x20 c:/st/stm32cubeide_1.6.1/stm32cubeide/plugins/com.st.stm32cube.ide.mcu.externaltools.gnu-tools-for-stm32.9-2020-q2-update.win32_2.0.0.202105311346/tools/bin/../lib/gcc/arm-none-eabi/9.3.1/../../../../arm-none-eabi/lib/thumb/v6-m/nofp\libc_nano.a(lib_a-memset.o)
 .debug_frame   0x0000000000001e74       0x48 c:/st/stm32cubeide_1.6.1/stm32cubeide/plugins/com.st.stm32cube.ide.mcu.externaltools.gnu-tools-for-stm32.9-2020-q2-update.win32_2.0.0.202105311346/tools/bin/../lib/gcc/arm-none-eabi/9.3.1/../../../../arm-none-eabi/lib/thumb/v6-m/nofp\libc_nano.a(lib_a-sprintf.o)
 .debug_frame   0x0000000000001ebc       0x74 c:/st/stm32cubeide_1.6.1/stm32cubeide/plugins/com.st.stm32cube.ide.mcu.externaltools.gnu-tools-for-stm32.9-2020-q2-update.win32_2.0.0.202105311346/tools/bin/../lib/gcc/arm-none-eabi/9.3.1/../../../../arm-none-eabi/lib/thumb/v6-m/nofp\libc_nano.a(lib_a-nano-svfprintf.o)
 .debug_frame   0x0000000000001f30       0x54 c:/st/stm32cubeide_1.6.1/stm32cubeide/plugins/com.st.stm32cube.ide.mcu.externaltools.gnu-tools-for-stm32.9-2020-q2-update.win32_2.0.0.202105311346/tools/bin/../lib/gcc/arm-none-eabi/9.3.1/../../../../arm-none-eabi/lib/thumb/v6-m/nofp\libc_nano.a(lib_a-nano-vfprintf_i.o)
 .debug_frame   0x0000000000001f84       0x20 c:/st/stm32cubeide_1.6.1/stm32cubeide/plugins/com.st.stm32cube.ide.mcu.externaltools.gnu-tools-for-stm32.9-2020-q2-update.win32_2.0.0.202105311346/tools/bin/../lib/gcc/arm-none-eabi/9.3.1/../../../../arm-none-eabi/lib/thumb/v6-m/nofp\libc_nano.a(lib_a-memchr-stub.o)
 .debug_frame   0x0000000000001fa4       0x28 c:/st/stm32cubeide_1.6.1/stm32cubeide/plugins/com.st.stm32cube.ide.mcu.externaltools.gnu-tools-for-stm32.9-2020-q2-update.win32_2.0.0.202105311346/tools/bin/../lib/gcc/arm-none-eabi/9.3.1/../../../../arm-none-eabi/lib/thumb/v6-m/nofp\libc_nano.a(lib_a-memcpy-stub.o)
 .debug_frame   0x0000000000001fcc       0x28 c:/st/stm32cubeide_1.6.1/stm32cubeide/plugins/com.st.stm32cube.ide.mcu.externaltools.gnu-tools-for-stm32.9-2020-q2-update.win32_2.0.0.202105311346/tools/bin/../lib/gcc/arm-none-eabi/9.3.1/../../../../arm-none-eabi/lib/thumb/v6-m/nofp\libc_nano.a(lib_a-memmove.o)
 .debug_frame   0x0000000000001ff4       0x2c c:/st/stm32cubeide_1.6.1/stm32cubeide/plugins/com.st.stm32cube.ide.mcu.externaltools.gnu-tools-for-stm32.9-2020-q2-update.win32_2.0.0.202105311346/tools/bin/../lib/gcc/arm-none-eabi/9.3.1/../../../../arm-none-eabi/lib/thumb/v6-m/nofp\libc_nano.a(lib_a-nano-freer.o)
 .debug_frame   0x0000000000002020       0x30 c:/st/stm32cubeide_1.6.1/stm32cubeide/plugins/com.st.stm32cube.ide.mcu.externaltools.gnu-tools-for-stm32.9-2020-q2-update.win32_2.0.0.202105311346/tools/bin/../lib/gcc/arm-none-eabi/9.3.1/../../../../arm-none-eabi/lib/thumb/v6-m/nofp\libc_nano.a(lib_a-nano-mallocr.o)
 .debug_frame   0x0000000000002050       0x30 c:/st/stm32cubeide_1.6.1/stm32cubeide/plugins/com.st.stm32cube.ide.mcu.externaltools.gnu-tools-for-stm32.9-2020-q2-update.win32_2.0.0.202105311346/tools/bin/../lib/gcc/arm-none-eabi/9.3.1/../../../../arm-none-eabi/lib/thumb/v6-m/nofp\libc_nano.a(lib_a-nano-reallocr.o)
 .debug_frame   0x0000000000002080       0x2c c:/st/stm32cubeide_1.6.1/stm32cubeide/plugins/com.st.stm32cube.ide.mcu.externaltools.gnu-tools-for-stm32.9-2020-q2-update.win32_2.0.0.202105311346/tools/bin/../lib/gcc/arm-none-eabi/9.3.1/../../../../arm-none-eabi/lib/thumb/v6-m/nofp\libc_nano.a(lib_a-sbrkr.o)
 .debug_frame   0x00000000000020ac       0x40 c:/st/stm32cubeide_1.6.1/stm32cubeide/plugins/com.st.stm32cube.ide.mcu.externaltools.gnu-tools-for-stm32.9-2020-q2-update.win32_2.0.0.202105311346/tools/bin/../lib/gcc/arm-none-eabi/9.3.1/../../../../arm-none-eabi/lib/thumb/v6-m/nofp\libc_nano.a(lib_a-mlock.o)
 .debug_frame   0x00000000000020ec       0x20 c:/st/stm32cubeide_1.6.1/stm32cubeide/plugins/com.st.stm32cube.ide.mcu.externaltools.gnu-tools-for-stm32.9-2020-q2-update.win32_2.0.0.202105311346/tools/bin/../lib/gcc/arm-none-eabi/9.3.1/../../../../arm-none-eabi/lib/thumb/v6-m/nofp\libc_nano.a(lib_a-nano-msizer.o)
 .debug_frame   0x000000000000210c       0x48 c:/st/stm32cubeide_1.6.1/stm32cubeide/plugins/com.st.stm32cube.ide.mcu.externaltools.gnu-tools-for-stm32.9-2020-q2-update.win32_2.0.0.202105311346/tools/bin/../lib/gcc/arm-none-eabi/9.3.1/../../../../arm-none-eabi/lib/thumb/v6-m/nofp\libc_nano.a(lib_a-reent.o)
 .debug_frame   0x0000000000002154       0xb0 c:/st/stm32cubeide_1.6.1/stm32cubeide/plugins/com.st.stm32cube.ide.mcu.externaltools.gnu-tools-for-stm32.9-2020-q2-update.win32_2.0.0.202105311346/tools/bin/../lib/gcc/arm-none-eabi/9.3.1/../../../../arm-none-eabi/lib/thumb/v6-m/nofp\libc_nano.a(lib_a-lock.o)
 .debug_frame   0x0000000000002204       0x20 c:/st/stm32cubeide_1.6.1/stm32cubeide/plugins/com.st.stm32cube.ide.mcu.externaltools.gnu-tools-for-stm32.9-2020-q2-update.win32_2.0.0.202105311346/tools/bin/../lib/gcc/arm-none-eabi/9.3.1/thumb/v6-m/nofp\libgcc.a(_udivsi3.o)
 .debug_frame   0x0000000000002224       0x2c c:/st/stm32cubeide_1.6.1/stm32cubeide/plugins/com.st.stm32cube.ide.mcu.externaltools.gnu-tools-for-stm32.9-2020-q2-update.win32_2.0.0.202105311346/tools/bin/../lib/gcc/arm-none-eabi/9.3.1/thumb/v6-m/nofp\libgcc.a(fixdfsi.o)
 .debug_frame   0x0000000000002250       0x28 c:/st/stm32cubeide_1.6.1/stm32cubeide/plugins/com.st.stm32cube.ide.mcu.externaltools.gnu-tools-for-stm32.9-2020-q2-update.win32_2.0.0.202105311346/tools/bin/../lib/gcc/arm-none-eabi/9.3.1/thumb/v6-m/nofp\libgcc.a(floatunsidf.o)
