Archive member included to satisfy reference by file (symbol)

c:/st/stm32cubeide_1.6.1/stm32cubeide/plugins/com.st.stm32cube.ide.mcu.externaltools.gnu-tools-for-stm32.9-2020-q2-update.win32_2.0.0.202105311346/tools/bin/../lib/gcc/arm-none-eabi/9.3.1/../../../../arm-none-eabi/lib/thumb/v6-m/nofp\libc_nano.a(lib_a-errno.o)
                              ./Core/Src/syscalls.o (__errno)
c:/st/stm32cubeide_1.6.1/stm32cubeide/plugins/com.st.stm32cube.ide.mcu.externaltools.gnu-tools-for-stm32.9-2020-q2-update.win32_2.0.0.202105311346/tools/bin/../lib/gcc/arm-none-eabi/9.3.1/../../../../arm-none-eabi/lib/thumb/v6-m/nofp\libc_nano.a(lib_a-exit.o)
                              c:/st/stm32cubeide_1.6.1/stm32cubeide/plugins/com.st.stm32cube.ide.mcu.externaltools.gnu-tools-for-stm32.9-2020-q2-update.win32_2.0.0.202105311346/tools/bin/../lib/gcc/arm-none-eabi/9.3.1/../../../../arm-none-eabi/lib/thumb/v6-m/nofp/crt0.o (exit)
c:/st/stm32cubeide_1.6.1/stm32cubeide/plugins/com.st.stm32cube.ide.mcu.externaltools.gnu-tools-for-stm32.9-2020-q2-update.win32_2.0.0.202105311346/tools/bin/../lib/gcc/arm-none-eabi/9.3.1/../../../../arm-none-eabi/lib/thumb/v6-m/nofp\libc_nano.a(lib_a-impure.o)
                              c:/st/stm32cubeide_1.6.1/stm32cubeide/plugins/com.st.stm32cube.ide.mcu.externaltools.gnu-tools-for-stm32.9-2020-q2-update.win32_2.0.0.202105311346/tools/bin/../lib/gcc/arm-none-eabi/9.3.1/../../../../arm-none-eabi/lib/thumb/v6-m/nofp\libc_nano.a(lib_a-exit.o) (_global_impure_ptr)
c:/st/stm32cubeide_1.6.1/stm32cubeide/plugins/com.st.stm32cube.ide.mcu.externaltools.gnu-tools-for-stm32.9-2020-q2-update.win32_2.0.0.202105311346/tools/bin/../lib/gcc/arm-none-eabi/9.3.1/../../../../arm-none-eabi/lib/thumb/v6-m/nofp\libc_nano.a(lib_a-init.o)
                              c:/st/stm32cubeide_1.6.1/stm32cubeide/plugins/com.st.stm32cube.ide.mcu.externaltools.gnu-tools-for-stm32.9-2020-q2-update.win32_2.0.0.202105311346/tools/bin/../lib/gcc/arm-none-eabi/9.3.1/../../../../arm-none-eabi/lib/thumb/v6-m/nofp/crt0.o (__libc_init_array)
c:/st/stm32cubeide_1.6.1/stm32cubeide/plugins/com.st.stm32cube.ide.mcu.externaltools.gnu-tools-for-stm32.9-2020-q2-update.win32_2.0.0.202105311346/tools/bin/../lib/gcc/arm-none-eabi/9.3.1/../../../../arm-none-eabi/lib/thumb/v6-m/nofp\libc_nano.a(lib_a-memset.o)
                              c:/st/stm32cubeide_1.6.1/stm32cubeide/plugins/com.st.stm32cube.ide.mcu.externaltools.gnu-tools-for-stm32.9-2020-q2-update.win32_2.0.0.202105311346/tools/bin/../lib/gcc/arm-none-eabi/9.3.1/../../../../arm-none-eabi/lib/thumb/v6-m/nofp/crt0.o (memset)
c:/st/stm32cubeide_1.6.1/stm32cubeide/plugins/com.st.stm32cube.ide.mcu.externaltools.gnu-tools-for-stm32.9-2020-q2-update.win32_2.0.0.202105311346/tools/bin/../lib/gcc/arm-none-eabi/9.3.1/../../../../arm-none-eabi/lib/thumb/v6-m/nofp\libc_nano.a(lib_a-sprintf.o)
                              ./Core/Src/BSL.o (sprintf)
c:/st/stm32cubeide_1.6.1/stm32cubeide/plugins/com.st.stm32cube.ide.mcu.externaltools.gnu-tools-for-stm32.9-2020-q2-update.win32_2.0.0.202105311346/tools/bin/../lib/gcc/arm-none-eabi/9.3.1/../../../../arm-none-eabi/lib/thumb/v6-m/nofp\libc_nano.a(lib_a-nano-svfprintf.o)
                              c:/st/stm32cubeide_1.6.1/stm32cubeide/plugins/com.st.stm32cube.ide.mcu.externaltools.gnu-tools-for-stm32.9-2020-q2-update.win32_2.0.0.202105311346/tools/bin/../lib/gcc/arm-none-eabi/9.3.1/../../../../arm-none-eabi/lib/thumb/v6-m/nofp\libc_nano.a(lib_a-sprintf.o) (_svfprintf_r)
c:/st/stm32cubeide_1.6.1/stm32cubeide/plugins/com.st.stm32cube.ide.mcu.externaltools.gnu-tools-for-stm32.9-2020-q2-update.win32_2.0.0.202105311346/tools/bin/../lib/gcc/arm-none-eabi/9.3.1/../../../../arm-none-eabi/lib/thumb/v6-m/nofp\libc_nano.a(lib_a-nano-vfprintf_i.o)
                              c:/st/stm32cubeide_1.6.1/stm32cubeide/plugins/com.st.stm32cube.ide.mcu.externaltools.gnu-tools-for-stm32.9-2020-q2-update.win32_2.0.0.202105311346/tools/bin/../lib/gcc/arm-none-eabi/9.3.1/../../../../arm-none-eabi/lib/thumb/v6-m/nofp\libc_nano.a(lib_a-nano-svfprintf.o) (_printf_i)
c:/st/stm32cubeide_1.6.1/stm32cubeide/plugins/com.st.stm32cube.ide.mcu.externaltools.gnu-tools-for-stm32.9-2020-q2-update.win32_2.0.0.202105311346/tools/bin/../lib/gcc/arm-none-eabi/9.3.1/../../../../arm-none-eabi/lib/thumb/v6-m/nofp\libc_nano.a(lib_a-memchr-stub.o)
                              c:/st/stm32cubeide_1.6.1/stm32cubeide/plugins/com.st.stm32cube.ide.mcu.externaltools.gnu-tools-for-stm32.9-2020-q2-update.win32_2.0.0.202105311346/tools/bin/../lib/gcc/arm-none-eabi/9.3.1/../../../../arm-none-eabi/lib/thumb/v6-m/nofp\libc_nano.a(lib_a-nano-svfprintf.o) (memchr)
c:/st/stm32cubeide_1.6.1/stm32cubeide/plugins/com.st.stm32cube.ide.mcu.externaltools.gnu-tools-for-stm32.9-2020-q2-update.win32_2.0.0.202105311346/tools/bin/../lib/gcc/arm-none-eabi/9.3.1/../../../../arm-none-eabi/lib/thumb/v6-m/nofp\libc_nano.a(lib_a-memcpy-stub.o)
[...]
Memory Configuration

Name             Origin             Length             Attributes
RAM              0x0000000020000000 0x0000000000004000 xrw
FLASH            0x0000000008000000 0x0000000000020000 xr
*default*        0x0000000000000000 0xffffffffffffffff

Linker script and memory map

LOAD c:/st/stm32cubeide_1.6.1/stm32cubeide/plugins/com.st.stm32cube.ide.mcu.externaltools.gnu-tools-for-stm32.9-2020-q2-update.win32_2.0.0.202105311346/tools/bin/../lib/gcc/arm-none-eabi/9.3.1/thumb/v6-m/nofp/crti.o
LOAD c:/st/stm32cubeide_1.6.1/stm32cubeide/plugins/com.st.stm32cube.ide.mcu.externaltools.gnu-tools-for-stm32.9-2020-q2-update.win32_2.0.0.202105311346/tools/bin/../lib/gcc/arm-none-eabi/9.3.1/thumb/v6-m/nofp/crtbegin.o
LOAD c:/st/stm32cubeide_1.6.1/stm32cubeide/plugins/com.st.stm32cube.ide.mcu.externaltools.gnu-tools-for-stm32.9-2020-q2-update.win32_2.0.0.202105311346/tools/bin/../lib/gcc/arm-none-eabi/9.3.1/../../../../arm-none-eabi/lib/thumb/v6-m/nofp/crt0.o
LOAD ./Core/Src/BSL.o
LOAD ./Core/Src/fonts.o
LOAD ./Core/Src/main.o
LOAD ./Core/Src/stm32f0xx_hal_msp.o
LOAD ./Core/Src/stm32f0xx_it.o
LOAD ./Core/Src/syscalls.o
LOAD ./Core/Src/sysmem.o
LOAD ./Core/Src/system_stm32f0xx.o
LOAD ./Core/Startup/startup_stm32f072rbtx.o
LOAD ./Drivers/STM32F0xx_HAL_Driver/Src/stm32f0xx_hal.o
LOAD ./Drivers/STM32F0xx_HAL_Driver/Src/stm32f0xx_hal_cortex.o
LOAD ./Drivers/STM32F0xx_HAL_Driver/Src/stm32f0xx_hal_dma.o
LOAD ./Drivers/STM32F0xx_HAL_Driver/Src/stm32f0xx_hal_exti.o
LOAD ./Drivers/STM32F0xx_HAL_Driver/Src/stm32f0xx_hal_flash.o
LOAD ./Drivers/STM32F0xx_HAL_Driver/Src/stm32f0xx_hal_flash_ex.o
LOAD ./Drivers/STM32F0xx_HAL_Driver/Src/stm32f0xx_hal_gpio.o
LOAD ./Drivers/STM32F0xx_HAL_Driver/Src/stm32f0xx_hal_i2c.o
LOAD ./Drivers/STM32F0xx_HAL_Driver/Src/stm32f0xx_hal_i2c_ex.o
LOAD ./Drivers/STM32F0xx_HAL_Driver/Src/stm32f0xx_hal_pcd.o
LOAD ./Drivers/STM32F0xx_HAL_Driver/Src/stm32f0xx_hal_pcd_ex.o
LOAD ./Drivers/STM32F0xx_HAL_Driver/Src/stm32f0xx_hal_pwr.o
LOAD ./Drivers/STM32F0xx_HAL_Driver/Src/stm32f0xx_hal_pwr_ex.o
LOAD ./Drivers/STM32F0xx_HAL_Driver/Src/stm32f0xx_hal_rcc.o
LOAD ./Drivers/STM32F0xx_HAL_Driver/Src/stm32f0xx_hal_rcc_ex.o
LOAD ./Drivers/STM32F0xx_HAL_Driver/Src/stm32f0xx_hal_tim.o
LOAD ./Drivers/STM32F0xx_HAL_Driver/Src/stm32f0xx_hal_tim_ex.o
LOAD ./Drivers/STM32F0xx_HAL_Driver/Src/stm32f0xx_hal_tsc.o
LOAD ./Drivers/STM32F0xx_HAL_Driver/Src/stm32f0xx_ll_dma.o
LOAD ./Drivers/STM32F0xx_HAL_Driver/Src/stm32f0xx_ll_exti.o
LOAD ./Drivers/STM32F0xx_HAL_Driver/Src/stm32f0xx_ll_gpio.o
LOAD ./Drivers/STM32F0xx_HAL_Driver/Src/stm32f0xx_ll_i2c.o
LOAD ./Drivers/STM32F0xx_HAL_Driver/Src/stm32f0xx_ll_rcc.o
LOAD ./Drivers/STM32F0xx_HAL_Driver/Src/stm32f0xx_ll_spi.o
LOAD ./Drivers/STM32F0xx_HAL_Driver/Src/stm32f0xx_ll_tim.o
LOAD ./Drivers/STM32F0xx_HAL_Driver/Src/stm32f0xx_ll_usb.o
LOAD ./Drivers/STM32F0xx_HAL_Driver/Src/stm32f0xx_ll_utils.o
START GROUP
LOAD c:/st/stm32cubeide_1.6.1/stm32cubeide/plugins/com.st.stm32cube.ide.mcu.externaltools.gnu-tools-for-stm32.9-2020-q2-update.win32_2.0.0.202105311346/tools/bin/../lib/gcc/arm-none-eabi/9.3.1/../../../../arm-none-eabi/lib/thumb/v6-m/nofp\libc_nano.a
LOAD c:/st/stm32cubeide_1.6.1/stm32cubeide/plugins/com.st.stm32cube.ide.mcu.externaltools.gnu-tools-for-stm32.9-2020-q2-update.win32_2.0.0.202105311346/tools/bin/../lib/gcc/arm-none-eabi/9.3.1/../../../../arm-none-eabi/lib/thumb/v6-m/nofp\libm.a
END GROUP
START GROUP
LOAD c:/st/stm32cubeide_1.6.1/stm32cubeide/plugins/com.st.stm32cube.ide.mcu.externaltools.gnu-tools-for-stm32.9-2020-q2-update.win32_2.0.0.202105311346/tools/bin/../lib/gcc/arm-none-eabi/9.3.1/thumb/v6-m/nofp\libgcc.a
LOAD c:/st/stm32cubeide_1.6.1/stm32cubeide/plugins/com.st.stm32cube.ide.mcu.externaltools.gnu-tools-for-stm32.9-2020-q2-update.win32_2.0.0.202105311346/tools/bin/../lib/gcc/arm-none-eabi/9.3.1/../../../../arm-none-eabi/lib/thumb/v6-m/nofp\libc_nano.a
END GROUP
START GROUP
LOAD c:/st/stm32cubeide_1.6.1/stm32cubeide/plugins/com.st.stm32cube.ide.mcu.externaltools.gnu-tools-for-stm32.9-2020-q2-update.win32_2.0.0.202105311346/tools/bin/../lib/gcc/arm-none-eabi/9.3.1/thumb/v6-m/nofp\libgcc.a
LOAD c:/st/stm32cubeide_1.6.1/stm32cubeide/plugins/com.st.stm32cube.ide.mcu.externaltools.gnu-tools-for-stm32.9-2020-q2-update.win32_2.0.0.202105311346/tools/bin/../lib/gcc/arm-none-eabi/9.3.1/../../../../arm-none-eabi/lib/thumb/v6-m/nofp\libc_nano.a
LOAD c:/st/stm32cubeide_1.6.1/stm32cubeide/plugins/com.st.stm32cube.ide.mcu.externaltools.gnu-tools-for-stm32.9-2020-q2-update.win32_2.0.0.202105311346/tools/bin/../lib/gcc/arm-none-eabi/9.3.1/../../../../arm-none-eabi/lib/thumb/v6-m/nofp\libnosys.a
END GROUP
START GROUP
LOAD c:/st/stm32cubeide_1.6.1/stm32cubeide/plugins/com.st.stm32cube.ide.mcu.externaltools.gnu-tools-for-stm32.9-2020-q2-update.win32_2.0.0.202105311346/tools/bin/../lib/gcc/arm-none-eabi/9.3.1/thumb/v6-m/nofp\libgcc.a
LOAD c:/st/stm32cubeide_1.6.1/stm32cubeide/plugins/com.st.stm32cube.ide.mcu.externaltools.gnu-tools-for-stm32.9-2020-q2-update.win32_2.0.0.202105311346/tools/bin/../lib/gcc/arm-none-eabi/9.3.1/../../../../arm-none-eabi/lib/thumb/v6-m/nofp\libc_nano.a
LOAD c:/st/stm32cubeide_1.6.1/stm32cubeide/plugins/com.st.stm32cube.ide.mcu.externaltools.gnu-tools-for-stm32.9-2020-q2-update.win32_2.0.0.202105311346/tools/bin/../lib/gcc/arm-none-eabi/9.3.1/../../../../arm-none-eabi/lib/thumb/v6-m/nofp\libnosys.a
END GROUP
LOAD c:/st/stm32cubeide_1.6.1/stm32cubeide/plugins/com.st.stm32cube.ide.mcu.externaltools.gnu-tools-for-stm32.9-2020-q2-update.win32_2.0.0.202105311346/tools/bin/../lib/gcc/arm-none-eabi/9.3.1/thumb/v6-m/nofp/crtend.o
LOAD c:/st/stm32cubeide_1.6.1/stm32cubeide/plugins/com.st.stm32cube.ide.mcu.externaltools.gnu-tools-for-stm32.9-2020-q2-update.win32_2.0.0.202105311346/tools/bin/../lib/gcc/arm-none-eabi/9.3.1/thumb/v6-m/nofp/crtn.o
                0x0000000020004000                _estack = (ORIGIN (RAM) + LENGTH (RAM))
                0x0000000000000200                _Min_Heap_Size = 0x200
                0x0000000000000400                _Min_Stack_Size = 0x400

.isr_vector     0x0000000008000000       0xc0
                0x0000000008000000                . = ALIGN (0x4)
 *(.isr_vector)
 .isr_vector    0x0000000008000000       0xc0 ./Core/Startup/startup_stm32f072rbtx.o
                0x0000000008000000                g_pfnVectors
                0x00000000080000c0                . = ALIGN (0x4)

.text           0x00000000080000c0     0x3dd8
                0x00000000080000c0                . = ALIGN (0x4)
 *(.text)
 .text          0x00000000080000c0       0x48 c:/st/stm32cubeide_1.6.1/stm32cubeide/plugins/com.st.stm32cube.ide.mcu.externaltools.gnu-tools-for-stm32.9-2020-q2-update.win32_2.0.0.202105311346/tools/bin/../lib/gcc/arm-none-eabi/9.3.1/thumb/v6-m/nofp/crtbegin.o
 .text          0x0000000008000108      0x114 c:/st/stm32cubeide_1.6.1/stm32cubeide/plugins/com.st.stm32cube.ide.mcu.externaltools.gnu-tools-for-stm32.9-2020-q2-update.win32_2.0.0.202105311346/tools/bin/../lib/gcc/arm-none-eabi/9.3.1/thumb/v6-m/nofp\libgcc.a(_udivsi3.o)
                0x0000000008000108                __aeabi_uidiv
                0x0000000008000108                __udivsi3
                0x0000000008000214                __aeabi_uidivmod
 .text          0x000000000800021c        0x4 c:/st/stm32cubeide_1.6.1/stm32cubeide/plugins/com.st.stm32cube.ide.mcu.externaltools.gnu-tools-for-stm32.9-2020-q2-update.win32_2.0.0.202105311346/tools/bin/../lib/gcc/arm-none-eabi/9.3.1/thumb/v6-m/nofp\libgcc.a(_dvmd_tls.o)
                0x000000000800021c                __aeabi_idiv0
                0x000000000800021c                __aeabi_ldiv0
 *(.text*)
 .text.LL_I2C_Enable
                0x0000000008000220       0x1c ./Core/Src/BSL.o
 .text.LL_I2C_IsActiveFlag_TXE
                0x000000000800023c       0x22 ./Core/Src/BSL.o
 .text.LL_I2C_IsActiveFlag_TC
                0x000000000800025e       0x22 ./Core/Src/BSL.o
 .text.LL_I2C_IsActiveFlag_BUSY
                0x0000000008000280       0x28 ./Core/Src/BSL.o
 .text.LL_I2C_SetTransferSize
                0x00000000080002a8       0x28 ./Core/Src/BSL.o
 .text.LL_I2C_AcknowledgeNextData
                0x00000000080002d0       0x28 ./Core/Src/BSL.o
 .text.LL_I2C_GenerateStopCondition
                0x00000000080002f8       0x1e ./Core/Src/BSL.o
 *fill*         0x0000000008000316        0x2 
 .text.LL_I2C_SetTransferRequest
                0x0000000008000318       0x28 ./Core/Src/BSL.o
 .text.LL_I2C_SetSlaveAddr
                0x0000000008000340       0x22 ./Core/Src/BSL.o
 *fill*         0x0000000008000362        0x2 
 .text.LL_I2C_HandleTransfer
                0x0000000008000364       0x4c ./Core/Src/BSL.o
 .text.LL_I2C_TransmitData8
                0x00000000080003b0       0x1e ./Core/Src/BSL.o
 *fill*         0x00000000080003ce        0x2 
 .text.LL_AHB1_GRP1_EnableClock
                0x00000000080003d0       0x2c ./Core/Src/BSL.o
 .text.LL_SYSTICK_IsActiveCounterFlag
                0x00000000080003fc       0x28 ./Core/Src/BSL.o
 .text.LL_SYSTICK_EnableIT
                0x0000000008000424       0x1c ./Core/Src/BSL.o
 .text.LL_SPI_Enable
                0x0000000008000440       0x1c ./Core/Src/BSL.o
 .text.LL_SPI_EnableIT_ERR
                0x000000000800045c       0x1c ./Core/Src/BSL.o
 .text.LL_SPI_EnableIT_RXNE
                0x0000000008000478       0x1c ./Core/Src/BSL.o
 .text.LL_SPI_EnableIT_TXE
                0x0000000008000494       0x1c ./Core/Src/BSL.o
 .text.LL_TIM_EnableCounter
                0x00000000080004b0       0x1c ./Core/Src/BSL.o
 .text.LL_TIM_GetAutoReload
                0x00000000080004cc       0x14 ./Core/Src/BSL.o
 .text.LL_TIM_CC_EnableChannel
                0x00000000080004e0       0x1e ./Core/Src/BSL.o
 .text.LL_TIM_OC_SetCompareCH1
                0x00000000080004fe       0x18 ./Core/Src/BSL.o
 .text.LL_TIM_OC_SetCompareCH4
                0x0000000008000516       0x18 ./Core/Src/BSL.o
 .text.LL_TIM_OC_GetCompareCH1
                0x000000000800052e       0x14 ./Core/Src/BSL.o
 .text.LL_TIM_EnableAllOutputs
                0x0000000008000542       0x1e ./Core/Src/BSL.o
 .text.LL_TIM_ClearFlag_UPDATE
                0x0000000008000560       0x18 ./Core/Src/BSL.o
 .text.LL_TIM_ClearFlag_CC1
                0x0000000008000578       0x18 ./Core/Src/BSL.o
 .text.LL_TIM_IsActiveFlag_CC1
                0x0000000008000590       0x22 ./Core/Src/BSL.o
 .text.LL_TIM_EnableIT_CC1
                0x00000000080005b2       0x1c ./Core/Src/BSL.o
 .text.LL_TIM_GenerateEvent_UPDATE
                0x00000000080005ce       0x1c ./Core/Src/BSL.o
 .text.LL_GPIO_SetPinMode
                0x00000000080005ea       0x38 ./Core/Src/BSL.o
 .text.LL_GPIO_SetPinOutputType
                0x0000000008000622       0x2a ./Core/Src/BSL.o
 .text.LL_GPIO_SetPinSpeed
                0x000000000800064c       0x38 ./Core/Src/BSL.o
 .text.LL_GPIO_SetOutputPin
                0x0000000008000684       0x18 ./Core/Src/BSL.o
 .text.LL_GPIO_ResetOutputPin
                0x000000000800069c       0x18 ./Core/Src/BSL.o
 .text.I2C_Handle
                0x00000000080006b4      0x138 ./Core/Src/BSL.o
 .text.BSL_Startup
                0x00000000080007ec       0x2e ./Core/Src/BSL.o
                0x00000000080007ec                BSL_Startup
 .text.BSL_Config
                0x000000000800081a        0xe ./Core/Src/BSL.o
                0x000000000800081a                BSL_Config
 .text.BSL_Control
                0x0000000008000828        0xa ./Core/Src/BSL.o
                0x0000000008000828                BSL_Control
 *fill*         0x0000000008000832        0x2 
 .text.Display_Init
                0x0000000008000834      0x220 ./Core/Src/BSL.o
                0x0000000008000834                Display_Init
 .text.ssd1306_WriteCommand
                0x0000000008000a54       0x36 ./Core/Src/BSL.o
 *fill*         0x0000000008000a8a        0x2 
 .text.LED_Init
                0x0000000008000a8c       0x24 ./Core/Src/BSL.o
                0x0000000008000a8c                LED_Init
 .text.Init_TIM6
                0x0000000008000ab0       0x28 ./Core/Src/BSL.o
                0x0000000008000ab0                Init_TIM6
 .text.Init_TIM15_CH1N
                0x0000000008000ad8       0x38 ./Core/Src/BSL.o
                0x0000000008000ad8                Init_TIM15_CH1N
 .text.PWM15_Test
                0x0000000008000b10       0x44 ./Core/Src/BSL.o
                0x0000000008000b10                PWM15_Test
 .text.Init_TIM14_INCAP
                0x0000000008000b54       0x28 ./Core/Src/BSL.o
                0x0000000008000b54                Init_TIM14_INCAP
 .text.Calgulate_FreqTim14
                0x0000000008000b7c       0xd4 ./Core/Src/BSL.o
                0x0000000008000b7c                Calgulate_FreqTim14
 .text.DHT11_Init
                0x0000000008000c50       0x3c ./Core/Src/BSL.o
                0x0000000008000c50                DHT11_Init
 .text.IIC_Start
                0x0000000008000c8c       0x40 ./Core/Src/BSL.o
                0x0000000008000c8c                IIC_Start
 .text.TIM_PWM_Init
                0x0000000008000ccc       0x40 ./Core/Src/BSL.o
                0x0000000008000ccc                TIM_PWM_Init
 .text.MEMS_Init
                0x0000000008000d0c       0x30 ./Core/Src/BSL.o
                0x0000000008000d0c                MEMS_Init
 .text.ssd1306_UpdateScreen
                0x0000000008000d3c       0xa8 ./Core/Src/BSL.o
                0x0000000008000d3c                ssd1306_UpdateScreen
 .text.ssd1306_Fill
                0x0000000008000de4       0x48 ./Core/Src/BSL.o
                0x0000000008000de4                ssd1306_Fill
 .text.BSL_Tick
                0x0000000008000e2c       0x7c ./Core/Src/BSL.o
                0x0000000008000e2c                BSL_Tick
 .text.__NVIC_EnableIRQ
                0x0000000008000ea8       0x34 ./Core/Src/main.o
 .text.__NVIC_SetPriority
                0x0000000008000edc       0xdc ./Core/Src/main.o
 .text.LL_I2C_EnableClockStretching
                0x0000000008000fb8       0x20 ./Core/Src/main.o
 .text.LL_I2C_DisableGeneralCall
                0x0000000008000fd8       0x20 ./Core/Src/main.o
 .text.LL_I2C_SetOwnAddress2
                0x0000000008000ff8       0x2c ./Core/Src/main.o
 .text.LL_I2C_DisableOwnAddress2
                0x0000000008001024       0x20 ./Core/Src/main.o
 .text.LL_I2C_EnableAutoEndMode
                0x0000000008001044       0x1e ./Core/Src/main.o
 *fill*         0x0000000008001062        0x2 
 .text.LL_RCC_HSI_Enable
                0x0000000008001064       0x1c ./Core/Src/main.o
 .text.LL_RCC_HSI_IsReady
                0x0000000008001080       0x20 ./Core/Src/main.o
 .text.LL_RCC_HSI_SetCalibTrimming
                0x00000000080010a0       0x28 ./Core/Src/main.o
 .text.LL_RCC_HSI48_Enable
                0x00000000080010c8       0x1c ./Core/Src/main.o
 .text.LL_RCC_HSI48_IsReady
                0x00000000080010e4       0x28 ./Core/Src/main.o
 .text.LL_RCC_SetSysClkSource
                0x000000000800110c       0x28 ./Core/Src/main.o
 .text.LL_RCC_GetSysClkSource
                0x0000000008001134       0x18 ./Core/Src/main.o
 .text.LL_RCC_SetAHBPrescaler
                0x000000000800114c       0x28 ./Core/Src/main.o
 .text.LL_RCC_SetAPB1Prescaler
                0x0000000008001174       0x2c ./Core/Src/main.o
 .text.LL_RCC_ConfigMCO
                0x00000000080011a0       0x2c ./Core/Src/main.o
 .text.LL_RCC_SetUSBClockSource
                0x00000000080011cc       0x28 ./Core/Src/main.o
 .text.LL_RCC_PLL_Enable
                0x00000000080011f4       0x1c ./Core/Src/main.o
 .text.LL_RCC_PLL_IsReady
                0x0000000008001210       0x28 ./Core/Src/main.o
 .text.LL_RCC_PLL_ConfigDomain_SYS
                0x0000000008001238       0x44 ./Core/Src/main.o
 .text.LL_AHB1_GRP1_EnableClock
                0x000000000800127c       0x2c ./Core/Src/main.o
 .text.LL_APB1_GRP1_EnableClock
                0x00000000080012a8       0x2c ./Core/Src/main.o
 .text.LL_APB1_GRP2_EnableClock
                0x00000000080012d4       0x2c ./Core/Src/main.o
 .text.LL_SYSCFG_SetEXTISource
                0x0000000008001300       0x4c ./Core/Src/main.o
 .text.LL_FLASH_SetLatency
                0x000000000800134c       0x28 ./Core/Src/main.o
 .text.LL_FLASH_GetLatency
                0x0000000008001374       0x18 ./Core/Src/main.o
 .text.LL_SPI_SetStandard
                0x000000000800138c       0x24 ./Core/Src/main.o
 .text.LL_SPI_EnableNSSPulseMgt
                0x00000000080013b0       0x1c ./Core/Src/main.o
 .text.LL_TIM_DisableARRPreload
                0x00000000080013cc       0x1e ./Core/Src/main.o
 *fill*         0x00000000080013ea        0x2 
 .text.LL_TIM_OC_DisableFast
                0x00000000080013ec       0x94 ./Core/Src/main.o
 .text.LL_TIM_OC_EnablePreload
                0x0000000008001480       0x90 ./Core/Src/main.o
 .text.LL_TIM_IC_SetActiveInput
                0x0000000008001510       0xa4 ./Core/Src/main.o
 .text.LL_TIM_IC_SetPrescaler
                0x00000000080015b4       0xa4 ./Core/Src/main.o
 .text.LL_TIM_IC_SetFilter
                0x0000000008001658       0xa4 ./Core/Src/main.o
 .text.LL_TIM_IC_SetPolarity
                0x00000000080016fc       0x90 ./Core/Src/main.o
 .text.LL_TIM_SetClockSource
                0x000000000800178c       0x28 ./Core/Src/main.o
 .text.LL_TIM_SetTriggerOutput
                0x00000000080017b4       0x24 ./Core/Src/main.o
 .text.LL_TIM_DisableMasterSlaveMode
                0x00000000080017d8       0x1e ./Core/Src/main.o
 .text.LL_TIM_EnableIT_UPDATE
                0x00000000080017f6       0x1c ./Core/Src/main.o
 .text.LL_GPIO_SetPinMode
                0x0000000008001812       0x38 ./Core/Src/main.o
 .text.LL_GPIO_SetPinPull
                0x000000000800184a       0x38 ./Core/Src/main.o
 .text.LL_GPIO_ResetOutputPin
                0x0000000008001882       0x18 ./Core/Src/main.o
 .text.main     0x000000000800189a       0x3e ./Core/Src/main.o
                0x000000000800189a                main
 .text.SystemClock_Config
                0x00000000080018d8       0xac ./Core/Src/main.o
                0x00000000080018d8                SystemClock_Config
 .text.MX_I2C2_Init
                0x0000000008001984      0x114 ./Core/Src/main.o
                0x0000000008001984                MX_I2C2_Init
 .text.MX_SPI2_Init
                0x0000000008001a98      0x140 ./Core/Src/main.o
 .text.MX_TIM3_Init
                0x0000000008001bd8      0x120 ./Core/Src/main.o
 .text.MX_TIM6_Init
                0x0000000008001cf8       0x78 ./Core/Src/main.o
 .text.MX_TIM14_Init
                0x0000000008001d70       0xe8 ./Core/Src/main.o
 .text.MX_TIM15_Init
                0x0000000008001e58      0x16c ./Core/Src/main.o
 .text.MX_TSC_Init
                0x0000000008001fc4       0x88 ./Core/Src/main.o
 .text.MX_USB_PCD_Init
                0x000000000800204c       0x4c ./Core/Src/main.o
 .text.MX_GPIO_Init
                0x0000000008002098      0x288 ./Core/Src/main.o
 .text.Error_Handler
                0x0000000008002320        0xa ./Core/Src/main.o
                0x0000000008002320                Error_Handler
 *fill*         0x000000000800232a        0x2 
 .text.HAL_MspInit
                0x000000000800232c       0x48 ./Core/Src/stm32f0xx_hal_msp.o
                0x000000000800232c                HAL_MspInit
 .text.HAL_TSC_MspInit
                0x0000000008002374      0x13c ./Core/Src/stm32f0xx_hal_msp.o
                0x0000000008002374                HAL_TSC_MspInit
 .text.HAL_PCD_MspInit
                0x00000000080024b0       0x40 ./Core/Src/stm32f0xx_hal_msp.o
                0x00000000080024b0                HAL_PCD_MspInit
 .text.LL_TIM_ClearFlag_UPDATE
                0x00000000080024f0       0x18 ./Core/Src/stm32f0xx_it.o
 .text.LL_TIM_IsActiveFlag_UPDATE
                0x0000000008002508       0x22 ./Core/Src/stm32f0xx_it.o
 .text.NMI_Handler
                0x000000000800252a        0x6 ./Core/Src/stm32f0xx_it.o
                0x000000000800252a                NMI_Handler
 .text.HardFault_Handler
                0x0000000008002530        0x6 ./Core/Src/stm32f0xx_it.o
                0x0000000008002530                HardFault_Handler
 .text.SVC_Handler
                0x0000000008002536        0xa ./Core/Src/stm32f0xx_it.o
                0x0000000008002536                SVC_Handler
 .text.PendSV_Handler
                0x0000000008002540        0xa ./Core/Src/stm32f0xx_it.o
                0x0000000008002540                PendSV_Handler
 .text.SysTick_Handler
                0x000000000800254a       0x12 ./Core/Src/stm32f0xx_it.o
                0x000000000800254a                SysTick_Handler
 .text.TIM6_DAC_IRQHandler
                0x000000000800255c       0x24 ./Core/Src/stm32f0xx_it.o
                0x000000000800255c                TIM6_DAC_IRQHandler
 .text.TIM14_IRQHandler
                0x0000000008002580        0xe ./Core/Src/stm32f0xx_it.o
                0x0000000008002580                TIM14_IRQHandler
 .text.SystemInit
                0x000000000800258e        0xa ./Core/Src/system_stm32f0xx.o
                0x000000000800258e                SystemInit
 .text.Reset_Handler
                0x0000000008002598       0x50 ./Core/Startup/startup_stm32f072rbtx.o
                0x0000000008002598                Reset_Handler
 .text.Default_Handler
                0x00000000080025e8        0x2 ./Core/Startup/startup_stm32f072rbtx.o
                0x00000000080025e8                TIM1_CC_IRQHandler
                0x00000000080025e8                TSC_IRQHandler
                0x00000000080025e8                ADC1_COMP_IRQHandler
                0x00000000080025e8                I2C1_IRQHandler
                0x00000000080025e8                RCC_CRS_IRQHandler
                0x00000000080025e8                SPI1_IRQHandler
                0x00000000080025e8                USART3_4_IRQHandler
                0x00000000080025e8                EXTI2_3_IRQHandler
                0x00000000080025e8                I2C2_IRQHandler
                0x00000000080025e8                TIM17_IRQHandler
                0x00000000080025e8                CEC_CAN_IRQHandler
                0x00000000080025e8                RTC_IRQHandler
                0x00000000080025e8                PVD_VDDIO2_IRQHandler
                0x00000000080025e8                DMA1_Channel4_5_6_7_IRQHandler
                0x00000000080025e8                TIM16_IRQHandler
                0x00000000080025e8                TIM3_IRQHandler
                0x00000000080025e8                EXTI4_15_IRQHandler
                0x00000000080025e8                DMA1_Channel1_IRQHandler
                0x00000000080025e8                Default_Handler
                0x00000000080025e8                TIM7_IRQHandler
                0x00000000080025e8                TIM15_IRQHandler
                0x00000000080025e8                EXTI0_1_IRQHandler
                0x00000000080025e8                USB_IRQHandler
                0x00000000080025e8                SPI2_IRQHandler
                0x00000000080025e8                WWDG_IRQHandler
                0x00000000080025e8                TIM2_IRQHandler
                0x00000000080025e8                DMA1_Channel2_3_IRQHandler
                0x00000000080025e8                USART2_IRQHandler
                0x00000000080025e8                FLASH_IRQHandler
                0x00000000080025e8                USART1_IRQHandler
                0x00000000080025e8                TIM1_BRK_UP_TRG_COM_IRQHandler
 *fill*         0x00000000080025ea        0x2 
 .text.HAL_Init
                0x00000000080025ec       0x28 ./Drivers/STM32F0xx_HAL_Driver/Src/stm32f0xx_hal.o
                0x00000000080025ec                HAL_Init
 .text.HAL_InitTick
                0x0000000008002614       0x68 ./Drivers/STM32F0xx_HAL_Driver/Src/stm32f0xx_hal.o
                0x0000000008002614                HAL_InitTick
 .text.HAL_IncTick
                0x000000000800267c       0x24 ./Drivers/STM32F0xx_HAL_Driver/Src/stm32f0xx_hal.o
                0x000000000800267c                HAL_IncTick
 .text.__NVIC_SetPriority
                0x00000000080026a0       0xdc ./Drivers/STM32F0xx_HAL_Driver/Src/stm32f0xx_hal_cortex.o
 .text.SysTick_Config
                0x000000000800277c       0x48 ./Drivers/STM32F0xx_HAL_Driver/Src/stm32f0xx_hal_cortex.o
 .text.HAL_NVIC_SetPriority
                0x00000000080027c4       0x2a ./Drivers/STM32F0xx_HAL_Driver/Src/stm32f0xx_hal_cortex.o
                0x00000000080027c4                HAL_NVIC_SetPriority
 .text.HAL_SYSTICK_Config
                0x00000000080027ee       0x1a ./Drivers/STM32F0xx_HAL_Driver/Src/stm32f0xx_hal_cortex.o
                0x00000000080027ee                HAL_SYSTICK_Config
 .text.HAL_GPIO_Init
                0x0000000008002808      0x2f0 ./Drivers/STM32F0xx_HAL_Driver/Src/stm32f0xx_hal_gpio.o
                0x0000000008002808                HAL_GPIO_Init
 .text.HAL_PCD_Init
                0x0000000008002af8      0x220 ./Drivers/STM32F0xx_HAL_Driver/Src/stm32f0xx_hal_pcd.o
                0x0000000008002af8                HAL_PCD_Init
 .text.HAL_PCDEx_ActivateLPM
                0x0000000008002d18       0x54 ./Drivers/STM32F0xx_HAL_Driver/Src/stm32f0xx_hal_pcd_ex.o
                0x0000000008002d18                HAL_PCDEx_ActivateLPM
 .text.HAL_TSC_Init
                0x0000000008002d6c      0x104 ./Drivers/STM32F0xx_HAL_Driver/Src/stm32f0xx_hal_tsc.o
                0x0000000008002d6c                HAL_TSC_Init
 .text.TSC_extract_groups
                0x0000000008002e70       0x46 ./Drivers/STM32F0xx_HAL_Driver/Src/stm32f0xx_hal_tsc.o
 *fill*         0x0000000008002eb6        0x2 
 .text.LL_EXTI_EnableIT_0_31
                0x0000000008002eb8       0x20 ./Drivers/STM32F0xx_HAL_Driver/Src/stm32f0xx_ll_exti.o
 .text.LL_EXTI_DisableIT_0_31
                0x0000000008002ed8       0x24 ./Drivers/STM32F0xx_HAL_Driver/Src/stm32f0xx_ll_exti.o
 .text.LL_EXTI_EnableEvent_0_31
                0x0000000008002efc       0x20 ./Drivers/STM32F0xx_HAL_Driver/Src/stm32f0xx_ll_exti.o
 .text.LL_EXTI_DisableEvent_0_31
                0x0000000008002f1c       0x24 ./Drivers/STM32F0xx_HAL_Driver/Src/stm32f0xx_ll_exti.o
 .text.LL_EXTI_EnableRisingTrig_0_31
                0x0000000008002f40       0x20 ./Drivers/STM32F0xx_HAL_Driver/Src/stm32f0xx_ll_exti.o
 .text.LL_EXTI_DisableRisingTrig_0_31
                0x0000000008002f60       0x24 ./Drivers/STM32F0xx_HAL_Driver/Src/stm32f0xx_ll_exti.o
 .text.LL_EXTI_EnableFallingTrig_0_31
                0x0000000008002f84       0x20 ./Drivers/STM32F0xx_HAL_Driver/Src/stm32f0xx_ll_exti.o
 .text.LL_EXTI_DisableFallingTrig_0_31
                0x0000000008002fa4       0x24 ./Drivers/STM32F0xx_HAL_Driver/Src/stm32f0xx_ll_exti.o
 .text.LL_EXTI_Init
                0x0000000008002fc8      0x112 ./Drivers/STM32F0xx_HAL_Driver/Src/stm32f0xx_ll_exti.o
                0x0000000008002fc8                LL_EXTI_Init
 .text.LL_GPIO_SetPinMode
                0x00000000080030da       0x38 ./Drivers/STM32F0xx_HAL_Driver/Src/stm32f0xx_ll_gpio.o
 .text.LL_GPIO_SetPinOutputType
                0x0000000008003112       0x2a ./Drivers/STM32F0xx_HAL_Driver/Src/stm32f0xx_ll_gpio.o
 .text.LL_GPIO_SetPinSpeed
                0x000000000800313c       0x38 ./Drivers/STM32F0xx_HAL_Driver/Src/stm32f0xx_ll_gpio.o
 .text.LL_GPIO_SetPinPull
                0x0000000008003174       0x38 ./Drivers/STM32F0xx_HAL_Driver/Src/stm32f0xx_ll_gpio.o
 .text.LL_GPIO_SetAFPin_0_7
                0x00000000080031ac       0x46 ./Drivers/STM32F0xx_HAL_Driver/Src/stm32f0xx_ll_gpio.o
 .text.LL_GPIO_SetAFPin_8_15
                0x00000000080031f2       0x5a ./Drivers/STM32F0xx_HAL_Driver/Src/stm32f0xx_ll_gpio.o
 .text.LL_GPIO_Init
                0x000000000800324c       0xb8 ./Drivers/STM32F0xx_HAL_Driver/Src/stm32f0xx_ll_gpio.o
                0x000000000800324c                LL_GPIO_Init
 .text.LL_I2C_Enable
                0x0000000008003304       0x1c ./Drivers/STM32F0xx_HAL_Driver/Src/stm32f0xx_ll_i2c.o
 .text.LL_I2C_Disable
                0x0000000008003320       0x1e ./Drivers/STM32F0xx_HAL_Driver/Src/stm32f0xx_ll_i2c.o
 *fill*         0x000000000800333e        0x2 
 .text.LL_I2C_ConfigFilters
                0x0000000008003340       0x30 ./Drivers/STM32F0xx_HAL_Driver/Src/stm32f0xx_ll_i2c.o
 .text.LL_I2C_SetOwnAddress1
                0x0000000008003370       0x28 ./Drivers/STM32F0xx_HAL_Driver/Src/stm32f0xx_ll_i2c.o
 .text.LL_I2C_EnableOwnAddress1
                0x0000000008003398       0x1e ./Drivers/STM32F0xx_HAL_Driver/Src/stm32f0xx_ll_i2c.o
 *fill*         0x00000000080033b6        0x2 
 .text.LL_I2C_DisableOwnAddress1
                0x00000000080033b8       0x20 ./Drivers/STM32F0xx_HAL_Driver/Src/stm32f0xx_ll_i2c.o
 .text.LL_I2C_SetTiming
                0x00000000080033d8       0x18 ./Drivers/STM32F0xx_HAL_Driver/Src/stm32f0xx_ll_i2c.o
 .text.LL_I2C_SetMode
                0x00000000080033f0       0x28 ./Drivers/STM32F0xx_HAL_Driver/Src/stm32f0xx_ll_i2c.o
 .text.LL_I2C_AcknowledgeNextData
                0x0000000008003418       0x28 ./Drivers/STM32F0xx_HAL_Driver/Src/stm32f0xx_ll_i2c.o
 .text.LL_I2C_Init
                0x0000000008003440       0x86 ./Drivers/STM32F0xx_HAL_Driver/Src/stm32f0xx_ll_i2c.o
                0x0000000008003440                LL_I2C_Init
 .text.LL_SPI_IsEnabled
                0x00000000080034c6       0x22 ./Drivers/STM32F0xx_HAL_Driver/Src/stm32f0xx_ll_spi.o
 .text.LL_SPI_SetRxFIFOThreshold
                0x00000000080034e8       0x28 ./Drivers/STM32F0xx_HAL_Driver/Src/stm32f0xx_ll_spi.o
 .text.LL_SPI_SetCRCPolynomial
                0x0000000008003510       0x1c ./Drivers/STM32F0xx_HAL_Driver/Src/stm32f0xx_ll_spi.o
 .text.LL_SPI_Init
                0x000000000800352c       0xd8 ./Drivers/STM32F0xx_HAL_Driver/Src/stm32f0xx_ll_spi.o
                0x000000000800352c                LL_SPI_Init
 .text.LL_TIM_SetPrescaler
                0x0000000008003604       0x18 ./Drivers/STM32F0xx_HAL_Driver/Src/stm32f0xx_ll_tim.o
 .text.LL_TIM_SetAutoReload
                0x000000000800361c       0x18 ./Drivers/STM32F0xx_HAL_Driver/Src/stm32f0xx_ll_tim.o
 .text.LL_TIM_SetRepetitionCounter
                0x0000000008003634       0x18 ./Drivers/STM32F0xx_HAL_Driver/Src/stm32f0xx_ll_tim.o
 .text.LL_TIM_OC_SetCompareCH1
                0x000000000800364c       0x18 ./Drivers/STM32F0xx_HAL_Driver/Src/stm32f0xx_ll_tim.o
 .text.LL_TIM_OC_SetCompareCH2
                0x0000000008003664       0x18 ./Drivers/STM32F0xx_HAL_Driver/Src/stm32f0xx_ll_tim.o
 .text.LL_TIM_OC_SetCompareCH3
                0x000000000800367c       0x18 ./Drivers/STM32F0xx_HAL_Driver/Src/stm32f0xx_ll_tim.o
 .text.LL_TIM_OC_SetCompareCH4
                0x0000000008003694       0x18 ./Drivers/STM32F0xx_HAL_Driver/Src/stm32f0xx_ll_tim.o
 .text.LL_TIM_GenerateEvent_UPDATE
                0x00000000080036ac       0x1c ./Drivers/STM32F0xx_HAL_Driver/Src/stm32f0xx_ll_tim.o
 .text.LL_TIM_Init
                0x00000000080036c8      0x104 ./Drivers/STM32F0xx_HAL_Driver/Src/stm32f0xx_ll_tim.o
                0x00000000080036c8                LL_TIM_Init
 .text.LL_TIM_OC_Init
                0x00000000080037cc       0xb2 ./Drivers/STM32F0xx_HAL_Driver/Src/stm32f0xx_ll_tim.o
                0x00000000080037cc                LL_TIM_OC_Init
 *fill*         0x000000000800387e        0x2 
 .text.LL_TIM_BDTR_Init
                0x0000000008003880       0xac ./Drivers/STM32F0xx_HAL_Driver/Src/stm32f0xx_ll_tim.o
                0x0000000008003880                LL_TIM_BDTR_Init
 .text.OC1Config
                0x000000000800392c      0x108 ./Drivers/STM32F0xx_HAL_Driver/Src/stm32f0xx_ll_tim.o
 .text.OC2Config
                0x0000000008003a34      0x114 ./Drivers/STM32F0xx_HAL_Driver/Src/stm32f0xx_ll_tim.o
 .text.OC3Config
                0x0000000008003b48      0x114 ./Drivers/STM32F0xx_HAL_Driver/Src/stm32f0xx_ll_tim.o
 .text.OC4Config
                0x0000000008003c5c       0xe0 ./Drivers/STM32F0xx_HAL_Driver/Src/stm32f0xx_ll_tim.o
 .text.USB_DisableGlobalInt
                0x0000000008003d3c       0x34 ./Drivers/STM32F0xx_HAL_Driver/Src/stm32f0xx_ll_usb.o
                0x0000000008003d3c                USB_DisableGlobalInt
 .text.USB_DevInit
                0x0000000008003d70       0x58 ./Drivers/STM32F0xx_HAL_Driver/Src/stm32f0xx_ll_usb.o
                0x0000000008003d70                USB_DevInit
 .text.LL_mDelay
                0x0000000008003dc8       0x44 ./Drivers/STM32F0xx_HAL_Driver/Src/stm32f0xx_ll_utils.o
                0x0000000008003dc8                LL_mDelay
 .text.LL_SetSystemCoreClock
                0x0000000008003e0c       0x1c ./Drivers/STM32F0xx_HAL_Driver/Src/stm32f0xx_ll_utils.o
                0x0000000008003e0c                LL_SetSystemCoreClock
 .text.__libc_init_array
                0x0000000008003e28       0x48 c:/st/stm32cubeide_1.6.1/stm32cubeide/plugins/com.st.stm32cube.ide.mcu.externaltools.gnu-tools-for-stm32.9-2020-q2-update.win32_2.0.0.202105311346/tools/bin/../lib/gcc/arm-none-eabi/9.3.1/../../../../arm-none-eabi/lib/thumb/v6-m/nofp\libc_nano.a(lib_a-init.o)
                0x0000000008003e28                __libc_init_array
 .text.memset   0x0000000008003e70       0x10 c:/st/stm32cubeide_1.6.1/stm32cubeide/plugins/com.st.stm32cube.ide.mcu.externaltools.gnu-tools-for-stm32.9-2020-q2-update.win32_2.0.0.202105311346/tools/bin/../lib/gcc/arm-none-eabi/9.3.1/../../../../arm-none-eabi/lib/thumb/v6-m/nofp\libc_nano.a(lib_a-memset.o)
                0x0000000008003e70                memset
 *(.glue_7)
 .glue_7        0x0000000008003e80        0x0 linker stubs
 *(.glue_7t)
 .glue_7t       0x0000000008003e80        0x0 linker stubs
 *(.eh_frame)
 .eh_frame      0x0000000008003e80        0x0 c:/st/stm32cubeide_1.6.1/stm32cubeide/plugins/com.st.stm32cube.ide.mcu.externaltools.gnu-tools-for-stm32.9-2020-q2-update.win32_2.0.0.202105311346/tools/bin/../lib/gcc/arm-none-eabi/9.3.1/thumb/v6-m/nofp/crtbegin.o
 *(.init)
 .init          0x0000000008003e80        0x4 c:/st/stm32cubeide_1.6.1/stm32cubeide/plugins/com.st.stm32cube.ide.mcu.externaltools.gnu-tools-for-stm32.9-2020-q2-update.win32_2.0.0.202105311346/tools/bin/../lib/gcc/arm-none-eabi/9.3.1/thumb/v6-m/nofp/crti.o
                0x0000000008003e80                _init
 .init          0x0000000008003e84        0x8 c:/st/stm32cubeide_1.6.1/stm32cubeide/plugins/com.st.stm32cube.ide.mcu.externaltools.gnu-tools-for-stm32.9-2020-q2-update.win32_2.0.0.202105311346/tools/bin/../lib/gcc/arm-none-eabi/9.3.1/thumb/v6-m/nofp/crtn.o
 *(.fini)
 .fini          0x0000000008003e8c        0x4 c:/st/stm32cubeide_1.6.1/stm32cubeide/plugins/com.st.stm32cube.ide.mcu.externaltools.gnu-tools-for-stm32.9-2020-q2-update.win32_2.0.0.202105311346/tools/bin/../lib/gcc/arm-none-eabi/9.3.1/thumb/v6-m/nofp/crti.o
                0x0000000008003e8c                _fini
 .fini          0x0000000008003e90        0x8 c:/st/stm32cubeide_1.6.1/stm32cubeide/plugins/com.st.stm32cube.ide.mcu.externaltools.gnu-tools-for-stm32.9-2020-q2-update.win32_2.0.0.202105311346/tools/bin/../lib/gcc/arm-none-eabi/9.3.1/thumb/v6-m/nofp/crtn.o
                0x0000000008003e98                . = ALIGN (0x4)
                0x0000000008003e98                _etext = .

.vfp11_veneer   0x0000000008003e98        0x0
 .vfp11_veneer  0x0000000008003e98        0x0 linker stubs

.v4_bx          0x0000000008003e98        0x0
 .v4_bx         0x0000000008003e98        0x0 linker stubs

.iplt           0x0000000008003e98        0x0
 .iplt          0x0000000008003e98        0x0 c:/st/stm32cubeide_1.6.1/stm32cubeide/plugins/com.st.stm32cube.ide.mcu.externaltools.gnu-tools-for-stm32.9-2020-q2-update.win32_2.0.0.202105311346/tools/bin/../lib/gcc/arm-none-eabi/9.3.1/thumb/v6-m/nofp/crtbegin.o

.rodata         0x0000000008003e98       0x20
                0x0000000008003e98                . = ALIGN (0x4)
 *(.rodata)
 *(.rodata*)
 .rodata.OFFSET_TAB_CCMRx
                0x0000000008003e98        0x7 ./Core/Src/main.o
 *fill*         0x0000000008003e9f        0x1 
 .rodata.SHIFT_TAB_OCxx
                0x0000000008003ea0        0x7 ./Core/Src/main.o
 *fill*         0x0000000008003ea7        0x1 
 .rodata.SHIFT_TAB_ICxx
                0x0000000008003ea8        0x7 ./Core/Src/main.o
 *fill*         0x0000000008003eaf        0x1 
 .rodata.SHIFT_TAB_CCxP
                0x0000000008003eb0        0x7 ./Core/Src/main.o
                0x0000000008003eb8                . = ALIGN (0x4)
 *fill*         0x0000000008003eb7        0x1 

.rel.dyn        0x0000000008003eb8        0x0
 .rel.iplt      0x0000000008003eb8        0x0 c:/st/stm32cubeide_1.6.1/stm32cubeide/plugins/com.st.stm32cube.ide.mcu.externaltools.gnu-tools-for-stm32.9-2020-q2-update.win32_2.0.0.202105311346/tools/bin/../lib/gcc/arm-none-eabi/9.3.1/thumb/v6-m/nofp/crtbegin.o

.ARM.extab      0x0000000008003eb8        0x0
                0x0000000008003eb8                . = ALIGN (0x4)
 *(.ARM.extab* .gnu.linkonce.armextab.*)
                0x0000000008003eb8                . = ALIGN (0x4)

.ARM            0x0000000008003eb8        0x0
                0x0000000008003eb8                . = ALIGN (0x4)
                0x0000000008003eb8                __exidx_start = .
 *(.ARM.exidx*)
                0x0000000008003eb8                __exidx_end = .
                0x0000000008003eb8                . = ALIGN (0x4)

.preinit_array  0x0000000008003eb8        0x0
                0x0000000008003eb8                . = ALIGN (0x4)
                0x0000000008003eb8                PROVIDE (__preinit_array_start = .)
 *(.preinit_array*)
                0x0000000008003eb8                PROVIDE (__preinit_array_end = .)
                0x0000000008003eb8                . = ALIGN (0x4)

.init_array     0x0000000008003eb8        0x4
                0x0000000008003eb8                . = ALIGN (0x4)
                0x0000000008003eb8                PROVIDE (__init_array_start = .)
 *(SORT_BY_NAME(.init_array.*))
 *(.init_array*)
 .init_array    0x0000000008003eb8        0x4 c:/st/stm32cubeide_1.6.1/stm32cubeide/plugins/com.st.stm32cube.ide.mcu.externaltools.gnu-tools-for-stm32.9-2020-q2-update.win32_2.0.0.202105311346/tools/bin/../lib/gcc/arm-none-eabi/9.3.1/thumb/v6-m/nofp/crtbegin.o
                0x0000000008003ebc                PROVIDE (__init_array_end = .)
                0x0000000008003ebc                . = ALIGN (0x4)

.fini_array     0x0000000008003ebc        0x4
                0x0000000008003ebc                . = ALIGN (0x4)
                [!provide]                        PROVIDE (__fini_array_start = .)
 *(SORT_BY_NAME(.fini_array.*))
 *(.fini_array*)
 .fini_array    0x0000000008003ebc        0x4 c:/st/stm32cubeide_1.6.1/stm32cubeide/plugins/com.st.stm32cube.ide.mcu.externaltools.gnu-tools-for-stm32.9-2020-q2-update.win32_2.0.0.202105311346/tools/bin/../lib/gcc/arm-none-eabi/9.3.1/thumb/v6-m/nofp/crtbegin.o
                [!provide]                        PROVIDE (__fini_array_end = .)
                0x0000000008003ec0                . = ALIGN (0x4)
                0x0000000008003ec0                _sidata = LOADADDR (.data)

.data           0x0000000020000000        0xc load address 0x0000000008003ec0
                0x0000000020000000                . = ALIGN (0x4)
                0x0000000020000000                _sdata = .
 *(.data)
 *(.data*)
 .data.SystemCoreClock
                0x0000000020000000        0x4 ./Core/Src/system_stm32f0xx.o
                0x0000000020000000                SystemCoreClock
 .data.uwTickPrio
                0x0000000020000004        0x4 ./Drivers/STM32F0xx_HAL_Driver/Src/stm32f0xx_hal.o
                0x0000000020000004                uwTickPrio
 .data.uwTickFreq
                0x0000000020000008        0x1 ./Drivers/STM32F0xx_HAL_Driver/Src/stm32f0xx_hal.o
                0x0000000020000008                uwTickFreq
 *(.RamFunc)
 *(.RamFunc*)
                0x000000002000000c                . = ALIGN (0x4)
 *fill*         0x0000000020000009        0x3 
                0x000000002000000c                _edata = .

.igot.plt       0x000000002000000c        0x0 load address 0x0000000008003ecc
 .igot.plt      0x000000002000000c        0x0 c:/st/stm32cubeide_1.6.1/stm32cubeide/plugins/com.st.stm32cube.ide.mcu.externaltools.gnu-tools-for-stm32.9-2020-q2-update.win32_2.0.0.202105311346/tools/bin/../lib/gcc/arm-none-eabi/9.3.1/thumb/v6-m/nofp/crtbegin.o
                0x000000002000000c                . = ALIGN (0x4)

.bss            0x000000002000000c      0x83c load address 0x0000000008003ecc
                0x000000002000000c                _sbss = .
                0x000000002000000c                __bss_start__ = _sbss
 *(.bss)
 .bss           0x000000002000000c       0x1c c:/st/stm32cubeide_1.6.1/stm32cubeide/plugins/com.st.stm32cube.ide.mcu.externaltools.gnu-tools-for-stm32.9-2020-q2-update.win32_2.0.0.202105311346/tools/bin/../lib/gcc/arm-none-eabi/9.3.1/thumb/v6-m/nofp/crtbegin.o
 *(.bss*)
 .bss.ms50ms    0x0000000020000028        0x1 ./Core/Src/BSL.o
                0x0000000020000028                ms50ms
 .bss.ms3000ms  0x0000000020000029        0x1 ./Core/Src/BSL.o
                0x0000000020000029                ms3000ms
 .bss.ms500ms   0x000000002000002a        0x1 ./Core/Src/BSL.o
                0x000000002000002a                ms500ms
 *fill*         0x000000002000002b        0x1 
 .bss.ic_value1
                0x000000002000002c        0x4 ./Core/Src/BSL.o
                0x000000002000002c                ic_value1
 .bss.ic_value2
                0x0000000020000030        0x4 ./Core/Src/BSL.o
                0x0000000020000030                ic_value2
 .bss.is_first_capture
                0x0000000020000034        0x4 ./Core/Src/BSL.o
                0x0000000020000034                is_first_capture
 .bss.difference
                0x0000000020000038        0x4 ./Core/Src/BSL.o
                0x0000000020000038                difference
 .bss.freqTim14
                0x000000002000003c        0x4 ./Core/Src/BSL.o
                0x000000002000003c                freqTim14
 .bss.cntr_ms_50.9142
                0x0000000020000040        0x4 ./Core/Src/BSL.o
 .bss.cntr_ms_500.9143
                0x0000000020000044        0x4 ./Core/Src/BSL.o
 .bss.cntr_ms_3000.9144
                0x0000000020000048        0x4 ./Core/Src/BSL.o
 *(COMMON)
 COMMON         0x000000002000004c      0x4bd ./Core/Src/BSL.o
                0x000000002000004c                dht11_byte_t
                0x00000000200000ec                SSD1306
                0x00000000200000f4                rx_spi_data
                0x0000000020000104                SSD1306_Buffer
                0x0000000020000504                dht11_byte
 *fill*         0x0000000020000509        0x3 
 COMMON         0x000000002000050c      0x338 ./Core/Src/main.o
                0x000000002000050c                hpcd_USB_FS
                0x0000000020000800                htsc
 COMMON         0x0000000020000844        0x4 ./Drivers/STM32F0xx_HAL_Driver/Src/stm32f0xx_hal.o
                0x0000000020000844                uwTick
                0x0000000020000848                . = ALIGN (0x4)
                0x0000000020000848                _ebss = .
                0x0000000020000848                __bss_end__ = _ebss

._user_heap_stack
                0x0000000020000848      0x600 load address 0x0000000008003ecc
                0x0000000020000848                . = ALIGN (0x8)
                [!provide]                        PROVIDE (end = .)
                0x0000000020000848                PROVIDE (_end = .)
                0x0000000020000a48                . = (. + _Min_Heap_Size)
 *fill*         0x0000000020000848      0x200 
                0x0000000020000e48                . = (. + _Min_Stack_Size)
 *fill*         0x0000000020000a48      0x400 
                0x0000000020000e48                . = ALIGN (0x8)

/DISCARD/
 libc.a(*)
 libm.a(*)
 libgcc.a(*)

.ARM.attributes
                0x0000000000000000       0x28
 *(.ARM.attributes)
 .ARM.attributes
                0x0000000000000000       0x1e c:/st/stm32cubeide_1.6.1/stm32cubeide/plugins/com.st.stm32cube.ide.mcu.externaltools.gnu-tools-for-stm32.9-2020-q2-update.win32_2.0.0.202105311346/tools/bin/../lib/gcc/arm-none-eabi/9.3.1/thumb/v6-m/nofp/crti.o
 .ARM.attributes
                0x000000000000001e       0x2c c:/st/stm32cubeide_1.6.1/stm32cubeide/plugins/com.st.stm32cube.ide.mcu.externaltools.gnu-tools-for-stm32.9-2020-q2-update.win32_2.0.0.202105311346/tools/bin/../lib/gcc/arm-none-eabi/9.3.1/thumb/v6-m/nofp/crtbegin.o
 .ARM.attributes
                0x000000000000004a       0x2c ./Core/Src/BSL.o
 .ARM.attributes
                0x0000000000000076       0x2c ./Core/Src/main.o
 .ARM.attributes
                0x00000000000000a2       0x2c ./Core/Src/stm32f0xx_hal_msp.o
 .ARM.attributes
                0x00000000000000ce       0x2c ./Core/Src/stm32f0xx_it.o
 .ARM.attributes
                0x00000000000000fa       0x2c ./Core/Src/system_stm32f0xx.o
 .ARM.attributes
                0x0000000000000126       0x21 ./Core/Startup/startup_stm32f072rbtx.o
 .ARM.attributes
                0x0000000000000147       0x2c ./Drivers/STM32F0xx_HAL_Driver/Src/stm32f0xx_hal.o
 .ARM.attributes
                0x0000000000000173       0x2c ./Drivers/STM32F0xx_HAL_Driver/Src/stm32f0xx_hal_cortex.o
 .ARM.attributes
                0x000000000000019f       0x2c ./Drivers/STM32F0xx_HAL_Driver/Src/stm32f0xx_hal_gpio.o
 .ARM.attributes
                0x00000000000001cb       0x2c ./Drivers/STM32F0xx_HAL_Driver/Src/stm32f0xx_hal_pcd.o
 .ARM.attributes
                0x00000000000001f7       0x2c ./Drivers/STM32F0xx_HAL_Driver/Src/stm32f0xx_hal_pcd_ex.o
 .ARM.attributes
                0x0000000000000223       0x2c ./Drivers/STM32F0xx_HAL_Driver/Src/stm32f0xx_hal_tsc.o
 .ARM.attributes
                0x000000000000024f       0x2c ./Drivers/STM32F0xx_HAL_Driver/Src/stm32f0xx_ll_exti.o
 .ARM.attributes
                0x000000000000027b       0x2c ./Drivers/STM32F0xx_HAL_Driver/Src/stm32f0xx_ll_gpio.o
 .ARM.attributes
                0x00000000000002a7       0x2c ./Drivers/STM32F0xx_HAL_Driver/Src/stm32f0xx_ll_i2c.o
 .ARM.attributes
                0x00000000000002d3       0x2c ./Drivers/STM32F0xx_HAL_Driver/Src/stm32f0xx_ll_spi.o
 .ARM.attributes
                0x00000000000002ff       0x2c ./Drivers/STM32F0xx_HAL_Driver/Src/stm32f0xx_ll_tim.o
 .ARM.attributes
                0x000000000000032b       0x2c ./Drivers/STM32F0xx_HAL_Driver/Src/stm32f0xx_ll_usb.o
 .ARM.attributes
                0x0000000000000357       0x2c ./Drivers/STM32F0xx_HAL_Driver/Src/stm32f0xx_ll_utils.o
 .ARM.attributes
                0x0000000000000383       0x2c c:/st/stm32cubeide_1.6.1/stm32cubeide/plugins/com.st.stm32cube.ide.mcu.externaltools.gnu-tools-for-stm32.9-2020-q2-update.win32_2.0.0.202105311346/tools/bin/../lib/gcc/arm-none-eabi/9.3.1/../../../../arm-none-eabi/lib/thumb/v6-m/nofp\libc_nano.a(lib_a-init.o)
 .ARM.attributes
                0x00000000000003af       0x2c c:/st/stm32cubeide_1.6.1/stm32cubeide/plugins/com.st.stm32cube.ide.mcu.externaltools.gnu-tools-for-stm32.9-2020-q2-update.win32_2.0.0.202105311346/tools/bin/../lib/gcc/arm-none-eabi/9.3.1/../../../../arm-none-eabi/lib/thumb/v6-m/nofp\libc_nano.a(lib_a-memset.o)
 .ARM.attributes
                0x00000000000003db       0x1e c:/st/stm32cubeide_1.6.1/stm32cubeide/plugins/com.st.stm32cube.ide.mcu.externaltools.gnu-tools-for-stm32.9-2020-q2-update.win32_2.0.0.202105311346/tools/bin/../lib/gcc/arm-none-eabi/9.3.1/thumb/v6-m/nofp\libgcc.a(_udivsi3.o)
 .ARM.attributes
                0x00000000000003f9       0x1e c:/st/stm32cubeide_1.6.1/stm32cubeide/plugins/com.st.stm32cube.ide.mcu.externaltools.gnu-tools-for-stm32.9-2020-q2-update.win32_2.0.0.202105311346/tools/bin/../lib/gcc/arm-none-eabi/9.3.1/thumb/v6-m/nofp\libgcc.a(_dvmd_tls.o)
 .ARM.attributes
                0x0000000000000417       0x1e c:/st/stm32cubeide_1.6.1/stm32cubeide/plugins/com.st.stm32cube.ide.mcu.externaltools.gnu-tools-for-stm32.9-2020-q2-update.win32_2.0.0.202105311346/tools/bin/../lib/gcc/arm-none-eabi/9.3.1/thumb/v6-m/nofp/crtn.o
OUTPUT(LL_EX_.elf elf32-littlearm)
LOAD linker stubs
LOAD c:/st/stm32cubeide_1.6.1/stm32cubeide/plugins/com.st.stm32cube.ide.mcu.externaltools.gnu-tools-for-stm32.9-2020-q2-update.win32_2.0.0.202105311346/tools/bin/../lib/gcc/arm-none-eabi/9.3.1/../../../../arm-none-eabi/lib/thumb/v6-m/nofp\libc.a
LOAD c:/st/stm32cubeide_1.6.1/stm32cubeide/plugins/com.st.stm32cube.ide.mcu.externaltools.gnu-tools-for-stm32.9-2020-q2-update.win32_2.0.0.202105311346/tools/bin/../lib/gcc/arm-none-eabi/9.3.1/../../../../arm-none-eabi/lib/thumb/v6-m/nofp\libm.a
LOAD c:/st/stm32cubeide_1.6.1/stm32cubeide/plugins/com.st.stm32cube.ide.mcu.externaltools.gnu-tools-for-stm32.9-2020-q2-update.win32_2.0.0.202105311346/tools/bin/../lib/gcc/arm-none-eabi/9.3.1/thumb/v6-m/nofp\libgcc.a

.debug_info     0x0000000000000000     0xce90
 .debug_info    0x0000000000000000     0x1743 ./Core/Src/BSL.o
 .debug_info    0x0000000000001743     0x1f61 ./Core/Src/main.o
 .debug_info    0x00000000000036a4      0xcbd ./Core/Src/stm32f0xx_hal_msp.o
 .debug_info    0x0000000000004361      0x41a ./Core/Src/stm32f0xx_it.o
 .debug_info    0x000000000000477b      0x2c3 ./Core/Src/system_stm32f0xx.o
 .debug_info    0x0000000000004a3e       0x22 ./Core/Startup/startup_stm32f072rbtx.o
 .debug_info    0x0000000000004a60      0x717 ./Drivers/STM32F0xx_HAL_Driver/Src/stm32f0xx_hal.o
 .debug_info    0x0000000000005177      0x7e8 ./Drivers/STM32F0xx_HAL_Driver/Src/stm32f0xx_hal_cortex.o
 .debug_info    0x000000000000595f      0x6ed ./Drivers/STM32F0xx_HAL_Driver/Src/stm32f0xx_hal_gpio.o
 .debug_info    0x000000000000604c     0x1557 ./Drivers/STM32F0xx_HAL_Driver/Src/stm32f0xx_hal_pcd.o
 .debug_info    0x00000000000075a3      0x91c ./Drivers/STM32F0xx_HAL_Driver/Src/stm32f0xx_hal_pcd_ex.o
 .debug_info    0x0000000000007ebf      0x859 ./Drivers/STM32F0xx_HAL_Driver/Src/stm32f0xx_hal_tsc.o
 .debug_info    0x0000000000008718      0x413 ./Drivers/STM32F0xx_HAL_Driver/Src/stm32f0xx_ll_exti.o
 .debug_info    0x0000000000008b2b      0x636 ./Drivers/STM32F0xx_HAL_Driver/Src/stm32f0xx_ll_gpio.o
 .debug_info    0x0000000000009161      0x646 ./Drivers/STM32F0xx_HAL_Driver/Src/stm32f0xx_ll_i2c.o
 .debug_info    0x00000000000097a7      0x7ad ./Drivers/STM32F0xx_HAL_Driver/Src/stm32f0xx_ll_spi.o
 .debug_info    0x0000000000009f54      0xf46 ./Drivers/STM32F0xx_HAL_Driver/Src/stm32f0xx_ll_tim.o
 .debug_info    0x000000000000ae9a     0x1728 ./Drivers/STM32F0xx_HAL_Driver/Src/stm32f0xx_ll_usb.o
 .debug_info    0x000000000000c5c2      0x8ce ./Drivers/STM32F0xx_HAL_Driver/Src/stm32f0xx_ll_utils.o

.debug_abbrev   0x0000000000000000     0x2706
 .debug_abbrev  0x0000000000000000      0x3d2 ./Core/Src/BSL.o
 .debug_abbrev  0x00000000000003d2      0x323 ./Core/Src/main.o
 .debug_abbrev  0x00000000000006f5      0x1c7 ./Core/Src/stm32f0xx_hal_msp.o
 .debug_abbrev  0x00000000000008bc      0x184 ./Core/Src/stm32f0xx_it.o
 .debug_abbrev  0x0000000000000a40      0x145 ./Core/Src/system_stm32f0xx.o
 .debug_abbrev  0x0000000000000b85       0x12 ./Core/Startup/startup_stm32f072rbtx.o
 .debug_abbrev  0x0000000000000b97      0x1ed ./Drivers/STM32F0xx_HAL_Driver/Src/stm32f0xx_hal.o
 .debug_abbrev  0x0000000000000d84      0x2a9 ./Drivers/STM32F0xx_HAL_Driver/Src/stm32f0xx_hal_cortex.o
 .debug_abbrev  0x000000000000102d      0x1e8 ./Drivers/STM32F0xx_HAL_Driver/Src/stm32f0xx_hal_gpio.o
 .debug_abbrev  0x0000000000001215      0x29e ./Drivers/STM32F0xx_HAL_Driver/Src/stm32f0xx_hal_pcd.o
 .debug_abbrev  0x00000000000014b3      0x219 ./Drivers/STM32F0xx_HAL_Driver/Src/stm32f0xx_hal_pcd_ex.o
 .debug_abbrev  0x00000000000016cc      0x200 ./Drivers/STM32F0xx_HAL_Driver/Src/stm32f0xx_hal_tsc.o
 .debug_abbrev  0x00000000000018cc      0x1c2 ./Drivers/STM32F0xx_HAL_Driver/Src/stm32f0xx_ll_exti.o
 .debug_abbrev  0x0000000000001a8e      0x1c8 ./Drivers/STM32F0xx_HAL_Driver/Src/stm32f0xx_ll_gpio.o
 .debug_abbrev  0x0000000000001c56      0x1a6 ./Drivers/STM32F0xx_HAL_Driver/Src/stm32f0xx_ll_i2c.o
 .debug_abbrev  0x0000000000001dfc      0x231 ./Drivers/STM32F0xx_HAL_Driver/Src/stm32f0xx_ll_spi.o
 .debug_abbrev  0x000000000000202d      0x22b ./Drivers/STM32F0xx_HAL_Driver/Src/stm32f0xx_ll_tim.o
 .debug_abbrev  0x0000000000002258      0x25c ./Drivers/STM32F0xx_HAL_Driver/Src/stm32f0xx_ll_usb.o
 .debug_abbrev  0x00000000000024b4      0x252 ./Drivers/STM32F0xx_HAL_Driver/Src/stm32f0xx_ll_utils.o

.debug_aranges  0x0000000000000000      0xe20
 .debug_aranges
                0x0000000000000000      0x278 ./Core/Src/BSL.o
 .debug_aranges
                0x0000000000000278      0x1d0 ./Core/Src/main.o
 .debug_aranges
                0x0000000000000448       0x40 ./Core/Src/stm32f0xx_hal_msp.o
 .debug_aranges
                0x0000000000000488       0x60 ./Core/Src/stm32f0xx_it.o
 .debug_aranges
                0x00000000000004e8       0x28 ./Core/Src/system_stm32f0xx.o
 .debug_aranges
                0x0000000000000510       0x28 ./Core/Startup/startup_stm32f072rbtx.o
 .debug_aranges
                0x0000000000000538       0xd0 ./Drivers/STM32F0xx_HAL_Driver/Src/stm32f0xx_hal.o
 .debug_aranges
                0x0000000000000608       0xc0 ./Drivers/STM32F0xx_HAL_Driver/Src/stm32f0xx_hal_cortex.o
 .debug_aranges
                0x00000000000006c8       0x58 ./Drivers/STM32F0xx_HAL_Driver/Src/stm32f0xx_hal_gpio.o
 .debug_aranges
                0x0000000000000720      0x130 ./Drivers/STM32F0xx_HAL_Driver/Src/stm32f0xx_hal_pcd.o
 .debug_aranges
                0x0000000000000850       0x58 ./Drivers/STM32F0xx_HAL_Driver/Src/stm32f0xx_hal_pcd_ex.o
 .debug_aranges
                0x00000000000008a8       0xa8 ./Drivers/STM32F0xx_HAL_Driver/Src/stm32f0xx_hal_tsc.o
 .debug_aranges
                0x0000000000000950       0x70 ./Drivers/STM32F0xx_HAL_Driver/Src/stm32f0xx_ll_exti.o
 .debug_aranges
                0x00000000000009c0       0x70 ./Drivers/STM32F0xx_HAL_Driver/Src/stm32f0xx_ll_gpio.o
 .debug_aranges
                0x0000000000000a30       0x88 ./Drivers/STM32F0xx_HAL_Driver/Src/stm32f0xx_ll_i2c.o
 .debug_aranges
                0x0000000000000ab8       0x90 ./Drivers/STM32F0xx_HAL_Driver/Src/stm32f0xx_ll_spi.o
 .debug_aranges
                0x0000000000000b48      0x128 ./Drivers/STM32F0xx_HAL_Driver/Src/stm32f0xx_ll_tim.o
 .debug_aranges
                0x0000000000000c70       0xb0 ./Drivers/STM32F0xx_HAL_Driver/Src/stm32f0xx_ll_usb.o
 .debug_aranges
                0x0000000000000d20      0x100 ./Drivers/STM32F0xx_HAL_Driver/Src/stm32f0xx_ll_utils.o

.debug_ranges   0x0000000000000000      0xcf8
 .debug_ranges  0x0000000000000000      0x268 ./Core/Src/BSL.o
 .debug_ranges  0x0000000000000268      0x1c0 ./Core/Src/main.o
 .debug_ranges  0x0000000000000428       0x30 ./Core/Src/stm32f0xx_hal_msp.o
 .debug_ranges  0x0000000000000458       0x50 ./Core/Src/stm32f0xx_it.o
 .debug_ranges  0x00000000000004a8       0x18 ./Core/Src/system_stm32f0xx.o
 .debug_ranges  0x00000000000004c0       0x20 ./Core/Startup/startup_stm32f072rbtx.o
 .debug_ranges  0x00000000000004e0       0xc0 ./Drivers/STM32F0xx_HAL_Driver/Src/stm32f0xx_hal.o
 .debug_ranges  0x00000000000005a0       0xb0 ./Drivers/STM32F0xx_HAL_Driver/Src/stm32f0xx_hal_cortex.o
 .debug_ranges  0x0000000000000650       0x48 ./Drivers/STM32F0xx_HAL_Driver/Src/stm32f0xx_hal_gpio.o
 .debug_ranges  0x0000000000000698      0x120 ./Drivers/STM32F0xx_HAL_Driver/Src/stm32f0xx_hal_pcd.o
 .debug_ranges  0x00000000000007b8       0x48 ./Drivers/STM32F0xx_HAL_Driver/Src/stm32f0xx_hal_pcd_ex.o
 .debug_ranges  0x0000000000000800       0x98 ./Drivers/STM32F0xx_HAL_Driver/Src/stm32f0xx_hal_tsc.o
 .debug_ranges  0x0000000000000898       0x60 ./Drivers/STM32F0xx_HAL_Driver/Src/stm32f0xx_ll_exti.o
 .debug_ranges  0x00000000000008f8       0x60 ./Drivers/STM32F0xx_HAL_Driver/Src/stm32f0xx_ll_gpio.o
 .debug_ranges  0x0000000000000958       0x78 ./Drivers/STM32F0xx_HAL_Driver/Src/stm32f0xx_ll_i2c.o
 .debug_ranges  0x00000000000009d0       0x80 ./Drivers/STM32F0xx_HAL_Driver/Src/stm32f0xx_ll_spi.o
 .debug_ranges  0x0000000000000a50      0x118 ./Drivers/STM32F0xx_HAL_Driver/Src/stm32f0xx_ll_tim.o
 .debug_ranges  0x0000000000000b68       0xa0 ./Drivers/STM32F0xx_HAL_Driver/Src/stm32f0xx_ll_usb.o
 .debug_ranges  0x0000000000000c08       0xf0 ./Drivers/STM32F0xx_HAL_Driver/Src/stm32f0xx_ll_utils.o

.debug_macro    0x0000000000000000    0x1bd55
 .debug_macro   0x0000000000000000      0x28a ./Core/Src/BSL.o
 .debug_macro   0x000000000000028a      0xa84 ./Core/Src/BSL.o
 .debug_macro   0x0000000000000d0e      0x133 ./Core/Src/BSL.o
 .debug_macro   0x0000000000000e41       0x2e ./Core/Src/BSL.o
 .debug_macro   0x0000000000000e6f       0x22 ./Core/Src/BSL.o
 .debug_macro   0x0000000000000e91       0x22 ./Core/Src/BSL.o
 .debug_macro   0x0000000000000eb3       0x8e ./Core/Src/BSL.o
 .debug_macro   0x0000000000000f41       0x51 ./Core/Src/BSL.o
 .debug_macro   0x0000000000000f92      0x103 ./Core/Src/BSL.o
 .debug_macro   0x0000000000001095       0x6a ./Core/Src/BSL.o
 .debug_macro   0x00000000000010ff      0x1df ./Core/Src/BSL.o
 .debug_macro   0x00000000000012de       0x1c ./Core/Src/BSL.o
 .debug_macro   0x00000000000012fa       0x22 ./Core/Src/BSL.o
 .debug_macro   0x000000000000131c       0xb5 ./Core/Src/BSL.o
 .debug_macro   0x00000000000013d1      0x391 ./Core/Src/BSL.o
 .debug_macro   0x0000000000001762     0xfe57 ./Core/Src/BSL.o
 .debug_macro   0x00000000000115b9       0x66 ./Core/Src/BSL.o
 .debug_macro   0x000000000001161f     0x34a6 ./Core/Src/BSL.o
 .debug_macro   0x0000000000014ac5      0x174 ./Core/Src/BSL.o
 .debug_macro   0x0000000000014c39       0x55 ./Core/Src/BSL.o
 .debug_macro   0x0000000000014c8e      0x946 ./Core/Src/BSL.o
 .debug_macro   0x00000000000155d4      0x5f3 ./Core/Src/BSL.o
 .debug_macro   0x0000000000015bc7      0x1af ./Core/Src/BSL.o
 .debug_macro   0x0000000000015d76      0x1a7 ./Core/Src/BSL.o
 .debug_macro   0x0000000000015f1d      0x1a7 ./Core/Src/BSL.o
 .debug_macro   0x00000000000160c4      0x22c ./Core/Src/BSL.o
 .debug_macro   0x00000000000162f0       0x34 ./Core/Src/BSL.o
 .debug_macro   0x0000000000016324       0x43 ./Core/Src/BSL.o
 .debug_macro   0x0000000000016367       0x28 ./Core/Src/BSL.o
 .debug_macro   0x000000000001638f       0xb0 ./Core/Src/BSL.o
 .debug_macro   0x000000000001643f      0x217 ./Core/Src/BSL.o
 .debug_macro   0x0000000000016656      0x233 ./Core/Src/BSL.o
 .debug_macro   0x0000000000016889       0x61 ./Core/Src/BSL.o
 .debug_macro   0x00000000000168ea       0xa5 ./Core/Src/BSL.o
 .debug_macro   0x000000000001698f       0x65 ./Core/Src/BSL.o
 .debug_macro   0x00000000000169f4      0x234 ./Core/Src/BSL.o
 .debug_macro   0x0000000000016c28       0x4c ./Core/Src/BSL.o
 .debug_macro   0x0000000000016c74      0x16d ./Core/Src/BSL.o
 .debug_macro   0x0000000000016de1      0x3d7 ./Core/Src/BSL.o
 .debug_macro   0x00000000000171b8      0x130 ./Core/Src/BSL.o
 .debug_macro   0x00000000000172e8      0x24e ./Core/Src/BSL.o
 .debug_macro   0x0000000000017536       0xd0 ./Core/Src/BSL.o
 .debug_macro   0x0000000000017606      0x420 ./Core/Src/BSL.o
 .debug_macro   0x0000000000017a26      0x112 ./Core/Src/BSL.o
 .debug_macro   0x0000000000017b38      0x211 ./Core/Src/BSL.o
 .debug_macro   0x0000000000017d49      0x109 ./Core/Src/BSL.o
 .debug_macro   0x0000000000017e52       0x16 ./Core/Src/BSL.o
 .debug_macro   0x0000000000017e68       0x2a ./Core/Src/BSL.o
 .debug_macro   0x0000000000017e92       0xf5 ./Core/Src/BSL.o
 .debug_macro   0x0000000000017f87      0x293 ./Core/Src/BSL.o
 .debug_macro   0x000000000001821a      0x2eb ./Core/Src/BSL.o
 .debug_macro   0x0000000000018505      0x5bd ./Core/Src/BSL.o
 .debug_macro   0x0000000000018ac2      0x11f ./Core/Src/BSL.o
 .debug_macro   0x0000000000018be1      0x11e ./Core/Src/BSL.o
 .debug_macro   0x0000000000018cff       0x22 ./Core/Src/BSL.o
 .debug_macro   0x0000000000018d21       0x9a ./Core/Src/BSL.o
 .debug_macro   0x0000000000018dbb      0x264 ./Core/Src/main.o
 .debug_macro   0x000000000001901f      0x24c ./Core/Src/stm32f0xx_hal_msp.o
 .debug_macro   0x000000000001926b      0x26e ./Core/Src/stm32f0xx_it.o
 .debug_macro   0x00000000000194d9      0x1c8 ./Core/Src/system_stm32f0xx.o
 .debug_macro   0x00000000000196a1      0x1ec ./Drivers/STM32F0xx_HAL_Driver/Src/stm32f0xx_hal.o
 .debug_macro   0x000000000001988d      0x1c8 ./Drivers/STM32F0xx_HAL_Driver/Src/stm32f0xx_hal_cortex.o
 .debug_macro   0x0000000000019a55      0x1cf ./Drivers/STM32F0xx_HAL_Driver/Src/stm32f0xx_hal_gpio.o
 .debug_macro   0x0000000000019c24      0x1d4 ./Drivers/STM32F0xx_HAL_Driver/Src/stm32f0xx_hal_pcd.o
 .debug_macro   0x0000000000019df8      0x1c8 ./Drivers/STM32F0xx_HAL_Driver/Src/stm32f0xx_hal_pcd_ex.o
 .debug_macro   0x0000000000019fc0      0x1c9 ./Drivers/STM32F0xx_HAL_Driver/Src/stm32f0xx_hal_tsc.o
 .debug_macro   0x000000000001a189      0x1ef ./Drivers/STM32F0xx_HAL_Driver/Src/stm32f0xx_ll_exti.o
 .debug_macro   0x000000000001a378      0x103 ./Drivers/STM32F0xx_HAL_Driver/Src/stm32f0xx_ll_exti.o
 .debug_macro   0x000000000001a47b      0x20a ./Drivers/STM32F0xx_HAL_Driver/Src/stm32f0xx_ll_gpio.o
 .debug_macro   0x000000000001a685      0x119 ./Drivers/STM32F0xx_HAL_Driver/Src/stm32f0xx_ll_gpio.o
 .debug_macro   0x000000000001a79e      0x20a ./Drivers/STM32F0xx_HAL_Driver/Src/stm32f0xx_ll_i2c.o
 .debug_macro   0x000000000001a9a8      0x248 ./Drivers/STM32F0xx_HAL_Driver/Src/stm32f0xx_ll_i2c.o
 .debug_macro   0x000000000001abf0      0x277 ./Drivers/STM32F0xx_HAL_Driver/Src/stm32f0xx_ll_spi.o
 .debug_macro   0x000000000001ae67      0x2e5 ./Drivers/STM32F0xx_HAL_Driver/Src/stm32f0xx_ll_spi.o
 .debug_macro   0x000000000001b14c      0x253 ./Drivers/STM32F0xx_HAL_Driver/Src/stm32f0xx_ll_tim.o
 .debug_macro   0x000000000001b39f      0x5b7 ./Drivers/STM32F0xx_HAL_Driver/Src/stm32f0xx_ll_tim.o
 .debug_macro   0x000000000001b956      0x1c8 ./Drivers/STM32F0xx_HAL_Driver/Src/stm32f0xx_ll_usb.o
 .debug_macro   0x000000000001bb1e      0x237 ./Drivers/STM32F0xx_HAL_Driver/Src/stm32f0xx_ll_utils.o

.debug_line     0x0000000000000000     0xd23f
 .debug_line    0x0000000000000000     0x151d ./Core/Src/BSL.o
 .debug_line    0x000000000000151d     0x13e8 ./Core/Src/main.o
 .debug_line    0x0000000000002905      0x8c0 ./Core/Src/stm32f0xx_hal_msp.o
 .debug_line    0x00000000000031c5      0x909 ./Core/Src/stm32f0xx_it.o
 .debug_line    0x0000000000003ace      0x764 ./Core/Src/system_stm32f0xx.o
 .debug_line    0x0000000000004232       0x89 ./Core/Startup/startup_stm32f072rbtx.o
 .debug_line    0x00000000000042bb      0x957 ./Drivers/STM32F0xx_HAL_Driver/Src/stm32f0xx_hal.o
 .debug_line    0x0000000000004c12      0xa03 ./Drivers/STM32F0xx_HAL_Driver/Src/stm32f0xx_hal_cortex.o
 .debug_line    0x0000000000005615      0xae9 ./Drivers/STM32F0xx_HAL_Driver/Src/stm32f0xx_hal_gpio.o
 .debug_line    0x00000000000060fe     0x12da ./Drivers/STM32F0xx_HAL_Driver/Src/stm32f0xx_hal_pcd.o
 .debug_line    0x00000000000073d8      0x851 ./Drivers/STM32F0xx_HAL_Driver/Src/stm32f0xx_hal_pcd_ex.o
 .debug_line    0x0000000000007c29      0xb71 ./Drivers/STM32F0xx_HAL_Driver/Src/stm32f0xx_hal_tsc.o
 .debug_line    0x000000000000879a      0x854 ./Drivers/STM32F0xx_HAL_Driver/Src/stm32f0xx_ll_exti.o
 .debug_line    0x0000000000008fee      0x89b ./Drivers/STM32F0xx_HAL_Driver/Src/stm32f0xx_ll_gpio.o
 .debug_line    0x0000000000009889      0x888 ./Drivers/STM32F0xx_HAL_Driver/Src/stm32f0xx_ll_i2c.o
 .debug_line    0x000000000000a111      0x97d ./Drivers/STM32F0xx_HAL_Driver/Src/stm32f0xx_ll_spi.o
 .debug_line    0x000000000000aa8e      0xd22 ./Drivers/STM32F0xx_HAL_Driver/Src/stm32f0xx_ll_tim.o
 .debug_line    0x000000000000b7b0      0xf0c ./Drivers/STM32F0xx_HAL_Driver/Src/stm32f0xx_ll_usb.o
 .debug_line    0x000000000000c6bc      0xb83 ./Drivers/STM32F0xx_HAL_Driver/Src/stm32f0xx_ll_utils.o

.debug_str      0x0000000000000000    0x9d654
 .debug_str     0x0000000000000000    0x97de3 ./Core/Src/BSL.o
                                      0x9849a (size before relaxing)
 .debug_str     0x0000000000097de3      0xe4c ./Core/Src/main.o
                                      0x98c69 (size before relaxing)
 .debug_str     0x0000000000098c2f       0x75 ./Core/Src/stm32f0xx_hal_msp.o
                                      0x97c4f (size before relaxing)
 .debug_str     0x0000000000098ca4       0xa2 ./Core/Src/stm32f0xx_it.o
                                      0x97bab (size before relaxing)
 .debug_str     0x0000000000098d46       0x5f ./Core/Src/system_stm32f0xx.o
                                      0x8c057 (size before relaxing)
 .debug_str     0x0000000000098da5       0x36 ./Core/Startup/startup_stm32f072rbtx.o
                                         0x80 (size before relaxing)
 .debug_str     0x0000000000098ddb      0x2e4 ./Drivers/STM32F0xx_HAL_Driver/Src/stm32f0xx_hal.o
                                      0x8c5c5 (size before relaxing)
 .debug_str     0x00000000000990bf      0x178 ./Drivers/STM32F0xx_HAL_Driver/Src/stm32f0xx_hal_cortex.o
                                      0x8c479 (size before relaxing)
 .debug_str     0x0000000000099237      0x150 ./Drivers/STM32F0xx_HAL_Driver/Src/stm32f0xx_hal_gpio.o
                                      0x8c236 (size before relaxing)
 .debug_str     0x0000000000099387      0x3b9 ./Drivers/STM32F0xx_HAL_Driver/Src/stm32f0xx_hal_pcd.o
                                      0x8c7a8 (size before relaxing)
 .debug_str     0x0000000000099740      0x1c6 ./Drivers/STM32F0xx_HAL_Driver/Src/stm32f0xx_hal_pcd_ex.o
                                      0x8c580 (size before relaxing)
 .debug_str     0x0000000000099906      0x25b ./Drivers/STM32F0xx_HAL_Driver/Src/stm32f0xx_hal_tsc.o
                                      0x8c4a3 (size before relaxing)
 .debug_str     0x0000000000099b61      0x30f ./Drivers/STM32F0xx_HAL_Driver/Src/stm32f0xx_ll_exti.o
                                      0x8c886 (size before relaxing)
 .debug_str     0x0000000000099e70      0x4bd ./Drivers/STM32F0xx_HAL_Driver/Src/stm32f0xx_ll_gpio.o
                                      0x8d3de (size before relaxing)
 .debug_str     0x000000000009a32d      0x3d2 ./Drivers/STM32F0xx_HAL_Driver/Src/stm32f0xx_ll_i2c.o
                                      0x8dbbf (size before relaxing)
 .debug_str     0x000000000009a6ff     0x100b ./Drivers/STM32F0xx_HAL_Driver/Src/stm32f0xx_ll_spi.o
                                      0x90590 (size before relaxing)
 .debug_str     0x000000000009b70a     0x1156 ./Drivers/STM32F0xx_HAL_Driver/Src/stm32f0xx_ll_tim.o
                                      0x90ae2 (size before relaxing)
 .debug_str     0x000000000009c860      0x1fb ./Drivers/STM32F0xx_HAL_Driver/Src/stm32f0xx_ll_usb.o
                                      0x8c467 (size before relaxing)
 .debug_str     0x000000000009ca5b      0xbf9 ./Drivers/STM32F0xx_HAL_Driver/Src/stm32f0xx_ll_utils.o
                                      0x8fcd0 (size before relaxing)

.comment        0x0000000000000000       0x53
 .comment       0x0000000000000000       0x53 ./Core/Src/BSL.o
                                         0x54 (size before relaxing)
 .comment       0x0000000000000053       0x54 ./Core/Src/main.o
 .comment       0x0000000000000053       0x54 ./Core/Src/stm32f0xx_hal_msp.o
 .comment       0x0000000000000053       0x54 ./Core/Src/stm32f0xx_it.o
 .comment       0x0000000000000053       0x54 ./Core/Src/system_stm32f0xx.o
 .comment       0x0000000000000053       0x54 ./Drivers/STM32F0xx_HAL_Driver/Src/stm32f0xx_hal.o
 .comment       0x0000000000000053       0x54 ./Drivers/STM32F0xx_HAL_Driver/Src/stm32f0xx_hal_cortex.o
 .comment       0x0000000000000053       0x54 ./Drivers/STM32F0xx_HAL_Driver/Src/stm32f0xx_hal_gpio.o
 .comment       0x0000000000000053       0x54 ./Drivers/STM32F0xx_HAL_Driver/Src/stm32f0xx_hal_pcd.o
 .comment       0x0000000000000053       0x54 ./Drivers/STM32F0xx_HAL_Driver/Src/stm32f0xx_hal_pcd_ex.o
 .comment       0x0000000000000053       0x54 ./Drivers/STM32F0xx_HAL_Driver/Src/stm32f0xx_hal_tsc.o
 .comment       0x0000000000000053       0x54 ./Drivers/STM32F0xx_HAL_Driver/Src/stm32f0xx_ll_exti.o
 .comment       0x0000000000000053       0x54 ./Drivers/STM32F0xx_HAL_Driver/Src/stm32f0xx_ll_gpio.o
 .comment       0x0000000000000053       0x54 ./Drivers/STM32F0xx_HAL_Driver/Src/stm32f0xx_ll_i2c.o
 .comment       0x0000000000000053       0x54 ./Drivers/STM32F0xx_HAL_Driver/Src/stm32f0xx_ll_spi.o
 .comment       0x0000000000000053       0x54 ./Drivers/STM32F0xx_HAL_Driver/Src/stm32f0xx_ll_tim.o
 .comment       0x0000000000000053       0x54 ./Drivers/STM32F0xx_HAL_Driver/Src/stm32f0xx_ll_usb.o
 .comment       0x0000000000000053       0x54 ./Drivers/STM32F0xx_HAL_Driver/Src/stm32f0xx_ll_utils.o

.debug_frame    0x0000000000000000     0x31a0
 .debug_frame   0x0000000000000000      0x948 ./Core/Src/BSL.o
 .debug_frame   0x0000000000000948      0x6c4 ./Core/Src/main.o
 .debug_frame   0x000000000000100c       0xb0 ./Core/Src/stm32f0xx_hal_msp.o
 .debug_frame   0x00000000000010bc      0x114 ./Core/Src/stm32f0xx_it.o
 .debug_frame   0x00000000000011d0       0x4c ./Core/Src/system_stm32f0xx.o
 .debug_frame   0x000000000000121c      0x2a4 ./Drivers/STM32F0xx_HAL_Driver/Src/stm32f0xx_hal.o
 .debug_frame   0x00000000000014c0      0x2a0 ./Drivers/STM32F0xx_HAL_Driver/Src/stm32f0xx_hal_cortex.o
 .debug_frame   0x0000000000001760      0x110 ./Drivers/STM32F0xx_HAL_Driver/Src/stm32f0xx_hal_gpio.o
 .debug_frame   0x0000000000001870      0x478 ./Drivers/STM32F0xx_HAL_Driver/Src/stm32f0xx_hal_pcd.o
 .debug_frame   0x0000000000001ce8      0x110 ./Drivers/STM32F0xx_HAL_Driver/Src/stm32f0xx_hal_pcd_ex.o
 .debug_frame   0x0000000000001df8      0x250 ./Drivers/STM32F0xx_HAL_Driver/Src/stm32f0xx_hal_tsc.o
 .debug_frame   0x0000000000002048      0x16c ./Drivers/STM32F0xx_HAL_Driver/Src/stm32f0xx_ll_exti.o
 .debug_frame   0x00000000000021b4      0x170 ./Drivers/STM32F0xx_HAL_Driver/Src/stm32f0xx_ll_gpio.o
 .debug_frame   0x0000000000002324      0x1d0 ./Drivers/STM32F0xx_HAL_Driver/Src/stm32f0xx_ll_i2c.o
 .debug_frame   0x00000000000024f4      0x1f0 ./Drivers/STM32F0xx_HAL_Driver/Src/stm32f0xx_ll_spi.o
 .debug_frame   0x00000000000026e4      0x450 ./Drivers/STM32F0xx_HAL_Driver/Src/stm32f0xx_ll_tim.o
 .debug_frame   0x0000000000002b34      0x280 ./Drivers/STM32F0xx_HAL_Driver/Src/stm32f0xx_ll_usb.o
 .debug_frame   0x0000000000002db4      0x380 ./Drivers/STM32F0xx_HAL_Driver/Src/stm32f0xx_ll_utils.o
 .debug_frame   0x0000000000003134       0x2c c:/st/stm32cubeide_1.6.1/stm32cubeide/plugins/com.st.stm32cube.ide.mcu.externaltools.gnu-tools-for-stm32.9-2020-q2-update.win32_2.0.0.202105311346/tools/bin/../lib/gcc/arm-none-eabi/9.3.1/../../../../arm-none-eabi/lib/thumb/v6-m/nofp\libc_nano.a(lib_a-init.o)
 .debug_frame   0x0000000000003160       0x20 c:/st/stm32cubeide_1.6.1/stm32cubeide/plugins/com.st.stm32cube.ide.mcu.externaltools.gnu-tools-for-stm32.9-2020-q2-update.win32_2.0.0.202105311346/tools/bin/../lib/gcc/arm-none-eabi/9.3.1/../../../../arm-none-eabi/lib/thumb/v6-m/nofp\libc_nano.a(lib_a-memset.o)
 .debug_frame   0x0000000000003180       0x20 c:/st/stm32cubeide_1.6.1/stm32cubeide/plugins/com.st.stm32cube.ide.mcu.externaltools.gnu-tools-for-stm32.9-2020-q2-update.win32_2.0.0.202105311346/tools/bin/../lib/gcc/arm-none-eabi/9.3.1/thumb/v6-m/nofp\libgcc.a(_udivsi3.o)
