stm32f0xx_ll_i2c.h:1555:26:LL_I2C_IsActiveFlag_TXE	16	static
stm32f0xx_ll_i2c.h:1633:26:LL_I2C_IsActiveFlag_TC	16	static
stm32f0xx_ll_i2c.h:1744:26:LL_I2C_IsActiveFlag_BUSY	16	static
stm32f0xx_ll_i2c.h:1953:22:LL_I2C_SetTransferSize	16	static
stm32f0xx_ll_i2c.h:2004:22:LL_I2C_GenerateStopCondition	16	static
stm32f0xx_ll_i2c.h:2136:22:LL_I2C_HandleTransfer	24	static
stm32f0xx_ll_i2c.h:2233:22:LL_I2C_TransmitData8	16	static
stm32f0xx_ll_exti.h:274:22:LL_EXTI_EnableIT_0_31	16	static
stm32f0xx_ll_exti.h:425:22:LL_EXTI_EnableEvent_0_31	16	static
stm32f0xx_ll_exti.h:572:22:LL_EXTI_EnableRisingTrig_0_31	16	static
stm32f0xx_ll_cortex.h:95:26:LL_SYSTICK_IsActiveCounterFlag	8	static
stm32f0xx_ll_cortex.h:137:22:LL_SYSTICK_EnableIT	8	static
stm32f0xx_ll_tim.h:1082:22:LL_TIM_EnableCounter	16	static
stm32f0xx_ll_tim.h:1335:22:LL_TIM_SetCounter	16	static
stm32f0xx_ll_tim.h:1348:26:LL_TIM_GetCounter	16	static
stm32f0xx_ll_tim.h:1404:22:LL_TIM_SetAutoReload	16	static
stm32f0xx_ll_tim.h:1417:26:LL_TIM_GetAutoReload	16	static
stm32f0xx_ll_tim.h:1567:22:LL_TIM_CC_EnableChannel	16	static
stm32f0xx_ll_tim.h:2075:22:LL_TIM_OC_SetCompareCH1	16	static
stm32f0xx_ll_tim.h:2126:22:LL_TIM_OC_SetCompareCH4	16	static
stm32f0xx_ll_tim.h:2142:26:LL_TIM_OC_GetCompareCH1	16	static
stm32f0xx_ll_tim.h:2950:22:LL_TIM_EnableAllOutputs	16	static
stm32f0xx_ll_tim.h:3103:22:LL_TIM_ClearFlag_UPDATE	16	static
stm32f0xx_ll_tim.h:3125:22:LL_TIM_ClearFlag_CC1	16	static
stm32f0xx_ll_tim.h:3136:26:LL_TIM_IsActiveFlag_CC1	16	static
stm32f0xx_ll_tim.h:3411:22:LL_TIM_EnableIT_CC1	16	static
stm32f0xx_ll_tim.h:3887:22:LL_TIM_GenerateEvent_UPDATE	16	static
stm32f0xx_ll_gpio.h:839:22:LL_GPIO_SetOutputPin	16	static
stm32f0xx_ll_gpio.h:868:22:LL_GPIO_ResetOutputPin	16	static
stm32f0xx_ll_gpio.h:897:22:LL_GPIO_TogglePin	24	static
BSL.h:155:23:I2C_Handle	32	static
BSL.c:112:6:BSL_Startup	8	static
BSL.c:128:6:BSL_Config	8	static
BSL.c:138:6:BSL_Control	8	static
BSL.c:159:6:Display_Init	16	static
BSL.c:217:6:Display_Test	264	static
BSL.c:232:16:ssd1306_WriteCommand	24	static
BSL.c:238:6:LED_Init	8	static
BSL.c:243:6:Init_TIM6	8	static
BSL.c:252:6:Init_TIM15_CH1N	8	static
BSL.c:265:6:PWM15_Test	8	static
BSL.c:272:6:Init_USERBTN	8	static
BSL.c:279:6:UserBTN_Callback	8	static
BSL.c:297:6:Init_TIM14_INCAP	8	static
BSL.c:305:6:Calgulate_FreqTim14	16	static
BSL.c:348:6:TIM_PWM_Init	8	static
BSL.c:361:6:PWM_Test	16	static
BSL.c:381:6:DelayUs	16	static
BSL.c:391:6:ssd1306_UpdateScreen	16	static
BSL.c:417:6:ssd1306_Fill	24	static
BSL.c:432:6:ssd1306_WriteString	24	static
BSL.c:458:6:ssd1306_DrawPixel	24	static
BSL.c:489:6:ssd1306_SetCursor	16	static
BSL.c:502:6:ssd1306_WriteChar	48	static
BSL.c:543:6:Error_Callback	8	static
BSL.c:553:6:LED_On	8	static
BSL.c:564:6:LED_Off	8	static
BSL.c:579:6:LED_Blinking	16	static
BSL.c:592:6:BSL_Tick	8	static
