core_cm0.h:623:22:__NVIC_EnableIRQ	16	static
core_cm0.h:730:22:__NVIC_SetPriority	24	static
stm32f0xx_ll_adc.h:1411:26:LL_ADC_DMA_GetRegAddr	16	static
stm32f0xx_ll_adc.h:1765:22:LL_ADC_SetSamplingTimeCommonChannels	16	static
stm32f0xx_ll_adc.h:1947:22:LL_ADC_REG_SetSequencerScanDirection	16	static
stm32f0xx_ll_adc.h:2153:22:LL_ADC_REG_SetSequencerChAdd	16	static
stm32f0xx_ll_adc.h:2750:22:LL_ADC_Enable	16	static
stm32f0xx_ll_adc.h:2877:22:LL_ADC_REG_StartConversion	16	static
stm32f0xx_ll_adc.h:2953:26:LL_ADC_REG_ReadConversionData12	16	static
stm32f0xx_ll_adc.h:3240:22:LL_ADC_DisableIT_EOC	16	static
stm32f0xx_ll_adc.h:3251:22:LL_ADC_DisableIT_EOS	16	static
stm32f0xx_ll_dma.h:583:22:LL_DMA_EnableChannel	16	static
stm32f0xx_ll_dma.h:682:22:LL_DMA_SetDataTransferDirection	24	static
stm32f0xx_ll_dma.h:731:22:LL_DMA_SetMode	24	static
stm32f0xx_ll_dma.h:776:22:LL_DMA_SetPeriphIncMode	24	static
stm32f0xx_ll_dma.h:821:22:LL_DMA_SetMemoryIncMode	24	static
stm32f0xx_ll_dma.h:867:22:LL_DMA_SetPeriphSize	24	static
stm32f0xx_ll_dma.h:914:22:LL_DMA_SetMemorySize	24	static
stm32f0xx_ll_dma.h:962:22:LL_DMA_SetChannelPriorityLevel	24	static
stm32f0xx_ll_dma.h:1009:22:LL_DMA_SetDataLength	24	static
stm32f0xx_ll_dma.h:1060:22:LL_DMA_ConfigAddresses	24	static
stm32f0xx_ll_dma.h:2038:22:LL_DMA_EnableIT_TC	16	static
stm32f0xx_ll_rcc.h:823:22:LL_RCC_HSI48_Enable	8	static
stm32f0xx_ll_rcc.h:843:26:LL_RCC_HSI48_IsReady	8	static
stm32f0xx_ll_rcc.h:873:22:LL_RCC_HSI14_Enable	8	static
stm32f0xx_ll_rcc.h:893:26:LL_RCC_HSI14_IsReady	8	static
stm32f0xx_ll_rcc.h:903:22:LL_RCC_HSI14_EnableADCControl	8	static
stm32f0xx_ll_rcc.h:927:22:LL_RCC_HSI14_SetCalibTrimming	16	static
stm32f0xx_ll_rcc.h:1100:22:LL_RCC_SetSysClkSource	16	static
stm32f0xx_ll_rcc.h:1116:26:LL_RCC_GetSysClkSource	8	static
stm32f0xx_ll_rcc.h:1136:22:LL_RCC_SetAHBPrescaler	16	static
stm32f0xx_ll_rcc.h:1152:22:LL_RCC_SetAPB1Prescaler	16	static
stm32f0xx_ll_bus.h:227:22:LL_AHB1_GRP1_EnableClock	24	static
stm32f0xx_ll_bus.h:415:22:LL_APB1_GRP1_EnableClock	24	static
stm32f0xx_ll_bus.h:665:22:LL_APB1_GRP2_EnableClock	24	static
stm32f0xx_ll_system.h:1779:22:LL_FLASH_SetLatency	16	static
stm32f0xx_ll_system.h:1791:26:LL_FLASH_GetLatency	8	static
stm32f0xx_ll_gpio.h:839:22:LL_GPIO_SetOutputPin	16	static
stm32f0xx_ll_gpio.h:868:22:LL_GPIO_ResetOutputPin	16	static
backup.c:44:10:AdcReadData	8	static
backup.c:51:6:ADC_Init	16	static
backup.c:76:6:ADC_IsrConvCpltCallback	8	static
backup.c:80:6:ADC_IsrHalfConvCpltCallback	8	static
backup.c:86:6:ADC_IsrTransferERRCallback	8	static
backup.c:97:5:xxx_main	8	static
backup.c:153:6:SystemClock_Configxx	8	static
backup.c:193:13:MX_ADC_Init	80	static
backup.c:261:13:MX_DMA_Init	8	static
backup.c:280:13:MX_GPIO_Init	32	static
