core_cm0.h:623:22:__NVIC_EnableIRQ	16	static
core_cm0.h:730:22:__NVIC_SetPriority	24	static
stm32f0xx_ll_adc.h:1411:26:LL_ADC_DMA_GetRegAddr	16	static
stm32f0xx_ll_adc.h:1765:22:LL_ADC_SetSamplingTimeCommonChannels	16	static
stm32f0xx_ll_adc.h:1911:22:LL_ADC_REG_SetTriggerEdge	16	static
stm32f0xx_ll_adc.h:1947:22:LL_ADC_REG_SetSequencerScanDirection	16	static
stm32f0xx_ll_adc.h:2153:22:LL_ADC_REG_SetSequencerChAdd	16	static
stm32f0xx_ll_adc.h:2407:22:LL_ADC_REG_SetDMATransfer	16	static
stm32f0xx_ll_adc.h:2440:26:LL_ADC_REG_GetDMATransfer	16	static
stm32f0xx_ll_adc.h:2750:22:LL_ADC_Enable	16	static
stm32f0xx_ll_adc.h:2789:26:LL_ADC_IsEnabled	16	static
stm32f0xx_ll_adc.h:2800:26:LL_ADC_IsDisableOngoing	16	static
stm32f0xx_ll_adc.h:2830:22:LL_ADC_StartCalibration	16	static
stm32f0xx_ll_adc.h:2846:26:LL_ADC_IsCalibrationOnGoing	16	static
stm32f0xx_ll_adc.h:2877:22:LL_ADC_REG_StartConversion	16	static
stm32f0xx_ll_adc.h:2913:26:LL_ADC_REG_IsConversionOngoing	16	static
stm32f0xx_ll_adc.h:3020:26:LL_ADC_IsActiveFlag_ADRDY	16	static
stm32f0xx_ll_adc.h:3196:22:LL_ADC_EnableIT_OVR	16	static
stm32f0xx_ll_adc.h:3240:22:LL_ADC_DisableIT_EOC	16	static
stm32f0xx_ll_adc.h:3251:22:LL_ADC_DisableIT_EOS	16	static
stm32f0xx_ll_dma.h:583:22:LL_DMA_EnableChannel	16	static
stm32f0xx_ll_dma.h:682:22:LL_DMA_SetDataTransferDirection	24	static
stm32f0xx_ll_dma.h:731:22:LL_DMA_SetMode	24	static
stm32f0xx_ll_dma.h:776:22:LL_DMA_SetPeriphIncMode	24	static
stm32f0xx_ll_dma.h:821:22:LL_DMA_SetMemoryIncMode	24	static
stm32f0xx_ll_dma.h:867:22:LL_DMA_SetPeriphSize	24	static
stm32f0xx_ll_dma.h:914:22:LL_DMA_SetMemorySize	24	static
stm32f0xx_ll_dma.h:962:22:LL_DMA_SetChannelPriorityLevel	24	static
stm32f0xx_ll_dma.h:1009:22:LL_DMA_SetDataLength	24	static
stm32f0xx_ll_dma.h:1060:22:LL_DMA_ConfigAddresses	24	static
stm32f0xx_ll_dma.h:2038:22:LL_DMA_EnableIT_TC	16	static
stm32f0xx_ll_dma.h:2057:22:LL_DMA_EnableIT_HT	16	static
stm32f0xx_ll_dma.h:2076:22:LL_DMA_EnableIT_TE	16	static
stm32f0xx_ll_rcc.h:748:22:LL_RCC_HSI_Enable	8	static
stm32f0xx_ll_rcc.h:768:26:LL_RCC_HSI_IsReady	8	static
stm32f0xx_ll_rcc.h:1100:22:LL_RCC_SetSysClkSource	16	static
stm32f0xx_ll_rcc.h:1116:26:LL_RCC_GetSysClkSource	8	static
stm32f0xx_ll_rcc.h:1136:22:LL_RCC_SetAHBPrescaler	16	static
stm32f0xx_ll_rcc.h:1152:22:LL_RCC_SetAPB1Prescaler	16	static
stm32f0xx_ll_rcc.h:1186:26:LL_RCC_GetAPB1Prescaler	8	static
stm32f0xx_ll_bus.h:227:22:LL_AHB1_GRP1_EnableClock	24	static
stm32f0xx_ll_bus.h:415:22:LL_APB1_GRP1_EnableClock	24	static
stm32f0xx_ll_bus.h:665:22:LL_APB1_GRP2_EnableClock	24	static
stm32f0xx_ll_tim.h:1082:22:LL_TIM_EnableCounter	16	static
stm32f0xx_ll_tim.h:1273:22:LL_TIM_DisableARRPreload	16	static
stm32f0xx_ll_tim.h:2695:22:LL_TIM_SetTriggerOutput	16	static
stm32f0xx_ll_tim.h:2713:22:LL_TIM_SetSlaveMode	16	static
stm32f0xx_ll_tim.h:2735:22:LL_TIM_SetTriggerInput	16	static
stm32f0xx_ll_tim.h:2761:22:LL_TIM_DisableMasterSlaveMode	16	static
stm32f0xx_ll_tim.h:3587:22:LL_TIM_DisableIT_TRIG	16	static
stm32f0xx_ll_tim.h:3858:22:LL_TIM_DisableDMAReq_TRIG	16	static
stm32f0xx_ll_gpio.h:839:22:LL_GPIO_SetOutputPin	16	static
stm32f0xx_ll_gpio.h:868:22:LL_GPIO_ResetOutputPin	16	static
stm32f0xx_ll_gpio.h:897:22:LL_GPIO_TogglePin	24	static
main.c:150:5:main	16	static
main.c:242:6:SystemClock_Config	8	static
main.c:271:13:MX_ADC1_Init	88	static
main.c:456:13:MX_TIM2_Init	48	static
main.c:527:13:MX_DMA_Init	8	static
main.c:546:13:MX_GPIO_Init	32	static
main.c:595:6:Activate_ADC	16	static
main.c:722:6:LED_On	8	static
main.c:733:6:LED_Off	8	static
main.c:748:6:LED_Blinking	16	static
main.c:770:6:UserButton_Callback	8	static
main.c:811:6:AdcDmaTransferComplete_Callback	16	static
main.c:839:6:AdcDmaTransferHalf_Callback	16	static
main.c:867:6:AdcDmaTransferError_Callback	8	static
main.c:879:6:AdcGrpRegularOverrunError_Callback	8	static
